90428-01-01-07 GROJ1655-40 2639 bins 3 candidates 0 bursts
91702-01-02-03 GROJ1655-40 1887 bins 0 candidates 0 bursts
91702-01-22-00 GROJ1655-40 3631 bins 0 candidates 0 bursts
91702-01-22-03 GROJ1655-40 2703 bins 0 candidates 0 bursts
91702-01-43-00 GROJ1655-40 3071 bins 0 candidates 0 bursts
91702-01-51-02 GROJ1655-40 1407 bins 0 candidates 0 bursts
91702-01-56-03 GROJ1655-40 1391 bins 1 candidates 0 bursts
91702-01-66-05 GROJ1655-40 1567 bins 0 candidates 0 bursts
91702-01-78-00 GROJ1655-40 2047 bins 0 candidates 0 bursts
91702-01-01-13 GROJ1655-40 6621 bins 0 candidates 0 bursts
91702-01-17-11 GROJ1655-40 2559 bins 0 candidates 0 bursts
91702-01-39-10 GROJ1655-40 6541 bins 0 candidates 0 bursts
91702-01-48-10 GROJ1655-40 1742 bins 0 candidates 0 bursts
91702-01-81-00 GROJ1655-40 3197 bins 2 candidates 0 bursts
91702-01-86-04 GROJ1655-40 1967 bins 1 candidates 0 bursts
50703-01-11-00 GRS1915+105 1583 bins 1 candidates 1 bursts
50703-01-62-01 GRS1915+105 1567 bins 0 candidates 0 bursts
60701-01-13-03 GRS1915+105 1807 bins 0 candidates 0 bursts
70702-01-02-00 GRS1915+105 4589 bins 11 candidates 0 bursts
70702-01-21-01 GRS1915+105 2287 bins 0 candidates 0 bursts
80127-04-01-02 GRS1915+105 2095 bins 0 candidates 0 bursts
90701-01-16-00 GRS1915+105 1743 bins 0 candidates 0 bursts
90701-01-40-00 GRS1915+105 2959 bins 0 candidates 0 bursts
90024-02-37-00 GRS1915+105 1103 bins 0 candidates 0 bursts
92702-01-06-00 GRS1915+105 1263 bins 0 candidates 0 bursts
80701-01-53-00 GRS1915+105 1455 bins 0 candidates 0 bursts
93701-01-08-00 GRS1915+105 1583 bins 0 candidates 0 bursts
91701-01-83-00 GRS1915+105 1119 bins 3 candidates 3 bursts
95701-01-44-00 GRS1915+105 2221 bins 0 candidates 0 bursts
96701-01-39-00 GRS1915+105 2495 bins 0 candidates 0 bursts
50135-01-02-00 XTEJ1550-564 1647 bins 0 candidates 0 bursts
50135-01-08-00 XTEJ1550-564 1006 bins 0 candidates 0 bursts
50135-01-15-00 XTEJ1550-564 1359 bins 2 candidates 0 bursts
50135-01-19-00 XTEJ1550-564 2302 bins 0 candidates 0 bursts
50135-01-23-00 XTEJ1550-564 1919 bins 0 candidates 0 bursts
50137-02-09-00 XTEJ1550-564 2431 bins 2 candidates 2 bursts
60428-01-03-00 XTEJ1550-564 3967 bins 13 candidates 0 bursts
60428-01-05-00 XTEJ1550-564 2847 bins 8 candidates 0 bursts
60428-01-09-00 XTEJ1550-564 2335 bins 5 candidates 3 bursts
60428-01-15-00 XTEJ1550-564 2175 bins 2 candidates 0 bursts
80135-01-01-01 XTEJ1550-564 3278 bins 6 candidates 0 bursts
80135-01-02-01 XTEJ1550-564 1983 bins 6 candidates 0 bursts
80135-01-03-10 XTEJ1550-564 2734 bins 6 candidates 1 bursts
80135-01-04-02 XTEJ1550-564 15498 bins 42 candidates 9 bursts
80135-01-05-10 XTEJ1550-564 4014 bins 6 candidates 0 bursts
70133-01-01-00 4U1543-47 7869 bins 0 candidates 0 bursts
70132-01-01-02G 4U1543-47 2991 bins 0 candidates 0 bursts
70133-01-14-00 4U1543-47 2350 bins 0 candidates 0 bursts
70132-01-02-00 4U1543-47 1407 bins 0 candidates 0 bursts
70133-01-10-00 4U1543-47 1791 bins 0 candidates 0 bursts
70133-01-19-00 4U1543-47 2527 bins 0 candidates 0 bursts
70133-01-22-00 4U1543-47 1791 bins 0 candidates 0 bursts
70133-01-24-00 4U1543-47 1663 bins 1 candidates 0 bursts
70133-01-27-01 4U1543-47 1535 bins 0 candidates 0 bursts
70133-01-28-00 4U1543-47 2846 bins 0 candidates 0 bursts
70133-01-31-01 4U1543-47 1279 bins 0 candidates 0 bursts
70128-01-01-01 4U1543-47 3359 bins 2 candidates 0 bursts
70124-02-09-00 4U1543-47 1519 bins 2 candidates 0 bursts
70124-02-10-00 4U1543-47 1742 bins 2 candidates 0 bursts
70124-02-14-00 4U1543-47 1294 bins 0 candidates 0 bursts
40031-03-03-04 GX339-4 1631 bins 0 candidates 0 bursts
70110-01-54-00 GX339-4 990 bins 0 candidates 0 bursts
80102-04-56-00 GX339-4 1118 bins 0 candidates 0 bursts
80132-01-22-00 GX339-4 2719 bins 8 candidates 0 bursts
90704-01-05-00 GX339-4 2271 bins 0 candidates 0 bursts
92034-08-01-00 GX339-4 3247 bins 3 candidates 1 bursts
92035-01-03-03 GX339-4 3118 bins 0 candidates 0 bursts
92704-03-13-00 GX339-4 1023 bins 0 candidates 0 bursts
92704-03-22-00 GX339-4 1199 bins 3 candidates 0 bursts
92704-03-45-01 GX339-4 1071 bins 3 candidates 0 bursts
93108-01-01-02 GX339-4 1647 bins 3 candidates 0 bursts
95409-01-02-02 GX339-4 2719 bins 5 candidates 1 bursts
95409-01-20-00 GX339-4 1087 bins 0 candidates 0 bursts
95409-01-29-00 GX339-4 1215 bins 1 candidates 0 bursts
96409-01-10-02 GX339-4 1487 bins 1 candidates 0 bursts
60113-01-06-00 XTEJ1650-500 2143 bins 0 candidates 0 bursts
60113-01-09-00 XTEJ1650-500 1871 bins 0 candidates 0 bursts
60113-01-11-01 XTEJ1650-500 1983 bins 1 candidates 0 bursts
60113-01-15-00 XTEJ1650-500 3518 bins 0 candidates 0 bursts
60113-01-23-00 XTEJ1650-500 5550 bins 1 candidates 0 bursts
60113-01-27-00 XTEJ1650-500 5070 bins 0 candidates 0 bursts
60113-01-29-02 XTEJ1650-500 1263 bins 0 candidates 0 bursts
60113-01-34-00 XTEJ1650-500 5596 bins 1 candidates 0 bursts
60113-01-36-00 XTEJ1650-500 1599 bins 0 candidates 0 bursts
60113-01-38-00 XTEJ1650-500 1375 bins 0 candidates 0 bursts
60118-02-08-00 XTEJ1650-500 1151 bins 0 candidates 0 bursts
60118-02-14-00 XTEJ1650-500 1823 bins 0 candidates 0 bursts
60118-02-20-00 XTEJ1650-500 1919 bins 0 candidates 0 bursts
60118-02-28-00 XTEJ1650-500 1791 bins 2 candidates 0 bursts
70124-01-02-00 XTEJ1650-500 3342 bins 5 candidates 0 bursts
50407-01-07-01 XTEJ1118+480 1663 bins 3 candidates 0 bursts
50407-01-09-00 XTEJ1118+480 1327 bins 3 candidates 1 bursts
50407-01-10-01 XTEJ1118+480 1487 bins 5 candidates 1 bursts
50133-01-05-00 XTEJ1118+480 5358 bins 13 candidates 0 bursts
50407-01-13-02 XTEJ1118+480 2094 bins 3 candidates 0 bursts
50133-01-04-01 XTEJ1118+480 2015 bins 5 candidates 0 bursts
50407-01-14-02 XTEJ1118+480 2444 bins 4 candidates 2 bursts
50407-01-16-00 XTEJ1118+480 3166 bins 1 candidates 0 bursts
90011-01-01-08 XTEJ1118+480 1391 bins 3 candidates 1 bursts
90011-01-01-10 XTEJ1118+480 2959 bins 1 candidates 0 bursts
90011-01-01-05 XTEJ1118+480 3438 bins 4 candidates 0 bursts
90111-01-02-06 XTEJ1118+480 4653 bins 6 candidates 0 bursts
90111-01-02-15 XTEJ1118+480 1279 bins 1 candidates 0 bursts
90111-01-02-07 XTEJ1118+480 2175 bins 2 candidates 0 bursts
90111-01-03-02 XTEJ1118+480 2557 bins 1 candidates 0 bursts
50030-02-04-00 4U1636-53 14665 bins 1 candidates 1 bursts
60032-01-20-000 4U1636-53 15194 bins 1 candidates 1 bursts
91024-01-74-00 4U1636-53 1791 bins 0 candidates 0 bursts
91024-01-12-10 4U1636-53 1711 bins 1 candidates 1 bursts
92023-01-50-00 4U1636-53 1870 bins 0 candidates 0 bursts
92023-01-79-10 4U1636-53 1583 bins 0 candidates 0 bursts
93087-01-27-00 4U1636-53 1791 bins 0 candidates 0 bursts
93087-01-80-00 4U1636-53 1791 bins 0 candidates 0 bursts
93087-01-33-20 4U1636-53 2127 bins 0 candidates 0 bursts
94087-01-16-00 4U1636-53 2174 bins 0 candidates 0 bursts
94087-01-25-10 4U1636-53 1887 bins 2 candidates 2 bursts
94087-01-44-10 4U1636-53 1855 bins 0 candidates 0 bursts
95087-01-47-10 4U1636-53 1183 bins 0 candidates 0 bursts
96087-01-52-00 4U1636-53 1791 bins 0 candidates 0 bursts
96087-01-11-10 4U1636-53 1790 bins 0 candidates 0 bursts
60052-02-03-00 4U1608-52 3535 bins 0 candidates 0 bursts
70059-01-01-00G 4U1608-52 1518 bins 0 candidates 0 bursts
70058-01-32-00 4U1608-52 2143 bins 0 candidates 0 bursts
70069-01-04-03 4U1608-52 2303 bins 0 candidates 0 bursts
90408-01-01-03 4U1608-52 1407 bins 0 candidates 0 bursts
90408-01-03-03 4U1608-52 1807 bins 0 candidates 0 bursts
93408-01-14-00 4U1608-52 1743 bins 0 candidates 0 bursts
93408-01-17-01 4U1608-52 1551 bins 0 candidates 0 bursts
93408-01-22-01 4U1608-52 1055 bins 0 candidates 0 bursts
93408-01-27-03 4U1608-52 1071 bins 0 candidates 0 bursts
93408-01-55-01 4U1608-52 1087 bins 1 candidates 0 bursts
94401-01-03-02 4U1608-52 1471 bins 0 candidates 0 bursts
94401-01-38-02 4U1608-52 1279 bins 0 candidates 0 bursts
96423-01-03-00 4U1608-52 1311 bins 0 candidates 0 bursts
96423-01-21-03 4U1608-52 1087 bins 0 candidates 0 bursts
50023-01-29-00 4U1728-34 3343 bins 0 candidates 0 bursts
50030-03-05-03 4U1728-34 2863 bins 1 candidates 1 bursts
70028-01-01-08 4U1728-34 2047 bins 0 candidates 0 bursts
70028-01-01-05 4U1728-34 3359 bins 1 candidates 0 bursts
92023-03-08-00 4U1728-34 1535 bins 0 candidates 0 bursts
92023-03-37-00 4U1728-34 1919 bins 0 candidates 0 bursts
92023-03-76-00 4U1728-34 1550 bins 1 candidates 1 bursts
92023-03-98-00 4U1728-34 2047 bins 1 candidates 0 bursts
92023-03-19-10 4U1728-34 1791 bins 0 candidates 0 bursts
92023-03-30-10 4U1728-34 1775 bins 0 candidates 0 bursts
92023-03-44-00 4U1728-34 1967 bins 1 candidates 1 bursts
92023-03-49-00 4U1728-34 2191 bins 0 candidates 0 bursts
92023-03-70-00 4U1728-34 1455 bins 1 candidates 1 bursts
95337-01-02-00 4U1728-34 6669 bins 0 candidates 0 bursts
96322-01-01-05 4U1728-34 1503 bins 1 candidates 0 bursts
50049-02-06-01 AQLX1 1743 bins 0 candidates 0 bursts
50049-02-15-06 AQLX1 1855 bins 0 candidates 0 bursts
60054-02-03-03 AQLX1 1790 bins 1 candidates 1 bursts
70069-03-01-00 AQLX1 3262 bins 1 candidates 0 bursts
80403-01-03-00 AQLX1 6030 bins 1 candidates 0 bursts
90017-11-06-00 AQLX1 1727 bins 2 candidates 0 bursts
91028-01-29-00 AQLX1 2687 bins 1 candidates 0 bursts
92034-01-02-00 AQLX1 3182 bins 0 candidates 0 bursts
93076-01-02-00 AQLX1 2031 bins 1 candidates 1 bursts
92438-01-02-02 AQLX1 3055 bins 0 candidates 0 bursts
94076-01-03-04 AQLX1 1663 bins 1 candidates 0 bursts
94441-01-01-00 AQLX1 2623 bins 0 candidates 0 bursts
95413-01-02-01 AQLX1 3006 bins 0 candidates 0 bursts
96440-01-05-02 AQLX1 2334 bins 0 candidates 0 bursts
96440-01-08-06 AQLX1 2303 bins 0 candidates 0 bursts
50045-06-05-00 EXO0748-676 1823 bins 0 candidates 0 bursts
70048-03-02-00 EXO0748-676 2574 bins 0 candidates 0 bursts
60042-03-01-00 EXO0748-676 1119 bins 0 candidates 0 bursts
70047-02-01-03 EXO0748-676 1022 bins 0 candidates 0 bursts
70048-13-12-00 EXO0748-676 2015 bins 0 candidates 0 bursts
80040-01-09-01 EXO0748-676 4078 bins 0 candidates 0 bursts
90039-01-03-02 EXO0748-676 1999 bins 0 candidates 0 bursts
90039-01-04-01 EXO0748-676 3598 bins 0 candidates 0 bursts
91035-01-04-09 EXO0748-676 1119 bins 0 candidates 0 bursts
92019-01-05-02 EXO0748-676 1183 bins 0 candidates 0 bursts
92019-01-06-03 EXO0748-676 1791 bins 0 candidates 0 bursts
92019-01-16-00 EXO0748-676 11469 bins 1 candidates 0 bursts
92019-01-18-01 EXO0748-676 1183 bins 0 candidates 0 bursts
92019-01-26-01 EXO0748-676 2158 bins 0 candidates 0 bursts
92040-03-01-00 EXO0748-676 1247 bins 0 candidates 0 bursts
60044-01-01-02 4U1254-690 7789 bins 0 candidates 0 bursts
60044-01-01-00 4U1254-690 7528 bins 1 candidates 0 bursts
60044-01-01-03 4U1254-690 9180 bins 1 candidates 0 bursts
60044-01-01-05 4U1254-690 4956 bins 0 candidates 0 bursts
60044-01-02-100 4U1254-690 11174 bins 2 candidates 0 bursts
60044-01-02-000 4U1254-690 19417 bins 1 candidates 1 bursts
90036-01-01-01 4U1254-690 8105 bins 0 candidates 0 bursts
90036-01-01-03 4U1254-690 3567 bins 0 candidates 0 bursts
93406-13-01-00 4U1254-690 5949 bins 1 candidates 0 bursts
95324-01-01-010 4U1254-690 24727 bins 1 candidates 1 bursts
95324-01-01-000 4U1254-690 10360 bins 2 candidates 0 bursts
95324-01-01-00 4U1254-690 6254 bins 0 candidates 0 bursts
95324-01-02-000 4U1254-690 21929 bins 0 candidates 0 bursts
95324-01-02-00 4U1254-690 5564 bins 0 candidates 0 bursts
95324-01-02-01 4U1254-690 6585 bins 4 candidates 0 bursts
70050-03-01-01 4U1323-619 9819 bins 1 candidates 1 bursts
70050-03-01-02 4U1323-619 9964 bins 1 candidates 1 bursts
90062-03-01-02 4U1323-619 4686 bins 1 candidates 1 bursts
90062-03-01-01 4U1323-619 5886 bins 0 candidates 0 bursts
95442-01-01-01 4U1323-619 6637 bins 1 candidates 1 bursts
95442-01-01-02 4U1323-619 1711 bins 0 candidates 0 bursts
96405-01-01-00 4U1323-619 4318 bins 1 candidates 1 bursts
96405-01-01-01 4U1323-619 5948 bins 1 candidates 1 bursts
96405-01-02-00 4U1323-619 4990 bins 0 candidates 0 bursts
96405-01-02-01 4U1323-619 3068 bins 1 candidates 1 bursts
96405-01-04-00 4U1323-619 6845 bins 0 candidates 0 bursts
96405-01-05-00 4U1323-619 6910 bins 0 candidates 0 bursts
96405-01-05-01 4U1323-619 8858 bins 1 candidates 0 bursts
96405-01-05-02 4U1323-619 4414 bins 1 candidates 1 bursts
96405-01-05-03 4U1323-619 6523 bins 2 candidates 1 bursts
50410-01-01-00 MXB1658-298 1886 bins 0 candidates 0 bursts
50410-01-04-00 MXB1658-298 2543 bins 0 candidates 0 bursts
50410-01-05-00 MXB1658-298 2431 bins 1 candidates 1 bursts
50410-01-08-00 MXB1658-298 3054 bins 0 candidates 0 bursts
50410-01-09-00 MXB1658-298 2286 bins 0 candidates 0 bursts
60048-01-02-00 MXB1658-298 3503 bins 1 candidates 1 bursts
60048-01-04-00 MXB1658-298 2383 bins 0 candidates 0 bursts
60048-02-01-00 MXB1658-298 3375 bins 1 candidates 1 bursts
60048-02-03-00 MXB1658-298 3454 bins 1 candidates 1 bursts
60048-03-01-00 MXB1658-298 3375 bins 1 candidates 1 bursts
60048-03-02-00 MXB1658-298 3551 bins 0 candidates 0 bursts
60048-03-05-00 MXB1658-298 3439 bins 1 candidates 0 bursts
60048-04-01-00 MXB1658-298 3535 bins 0 candidates 0 bursts
60048-04-03-00 MXB1658-298 2655 bins 0 candidates 0 bursts
60048-04-05-00 MXB1658-298 3439 bins 0 candidates 0 bursts
50029-27-01-000 4U1702-429 16617 bins 3 candidates 0 bursts
50030-01-04-00 4U1702-429 6046 bins 1 candidates 0 bursts
50030-01-09-03 4U1702-429 3311 bins 0 candidates 0 bursts
80033-01-01-01 4U1702-429 5502 bins 0 candidates 0 bursts
80033-01-02-000 4U1702-429 15736 bins 1 candidates 1 bursts
80033-01-04-03 4U1702-429 1455 bins 0 candidates 0 bursts
80033-01-08-00G 4U1702-429 6333 bins 0 candidates 0 bursts
80033-01-10-04G 4U1702-429 2687 bins 0 candidates 0 bursts
80033-01-11-02 4U1702-429 3791 bins 1 candidates 0 bursts
80033-01-12-02 4U1702-429 1839 bins 0 candidates 0 bursts
80033-01-16-05 4U1702-429 3567 bins 0 candidates 0 bursts
80033-01-18-02 4U1702-429 2174 bins 0 candidates 0 bursts
80033-01-20-01 4U1702-429 5484 bins 0 candidates 0 bursts
80033-01-21-03 4U1702-429 1407 bins 0 candidates 0 bursts
94415-01-01-00 4U1702-429 3311 bins 1 candidates 0 bursts
91039-01-01-61 4U1705-44 1455 bins 0 candidates 0 bursts
90170-01-01-00 4U1705-44 7196 bins 1 candidates 0 bursts
93060-01-05-00 4U1705-44 3199 bins 1 candidates 0 bursts
93060-01-50-00 4U1705-44 3071 bins 0 candidates 0 bursts
93060-01-77-00 4U1705-44 2047 bins 0 candidates 0 bursts
93060-01-93-00 4U1705-44 1647 bins 0 candidates 0 bursts
93060-01-45-00 4U1705-44 3247 bins 0 candidates 0 bursts
94060-01-23-00 4U1705-44 1871 bins 0 candidates 0 bursts
94060-01-46-00 4U1705-44 2351 bins 0 candidates 0 bursts
94060-01-55-00 4U1705-44 1407 bins 1 candidates 0 bursts
95060-01-35-00 4U1705-44 1839 bins 1 candidates 1 bursts
95060-01-66-00 4U1705-44 1711 bins 0 candidates 0 bursts
95060-01-78-00 4U1705-44 1583 bins 0 candidates 0 bursts
96060-01-40-00 4U1705-44 2559 bins 0 candidates 0 bursts
96060-01-73-00 4U1705-44 1407 bins 0 candidates 0 bursts
60034-02-01-01 4U1724-307 2351 bins 5 candidates 0 bursts
50060-05-01-07 4U1724-307 3087 bins 2 candidates 0 bursts
50060-05-01-05 4U1724-307 2239 bins 1 candidates 0 bursts
60034-02-02-02 4U1724-307 1503 bins 1 candidates 0 bursts
60034-02-03-10 4U1724-307 1279 bins 0 candidates 0 bursts
60034-02-05-01 4U1724-307 9756 bins 5 candidates 1 bursts
80105-10-01-00 4U1724-307 9133 bins 4 candidates 0 bursts
80138-06-03-00 4U1724-307 2574 bins 0 candidates 0 bursts
90058-06-03-00 4U1724-307 3342 bins 0 candidates 0 bursts
91050-07-01-00 4U1724-307 2046 bins 0 candidates 0 bursts
93044-06-04-00 4U1724-307 1407 bins 1 candidates 0 bursts
93044-06-07-00 4U1724-307 3087 bins 1 candidates 0 bursts
93438-01-02-03 4U1724-307 1215 bins 0 candidates 0 bursts
93438-01-04-00 4U1724-307 2543 bins 4 candidates 0 bursts
93438-01-07-01 4U1724-307 1519 bins 3 candidates 0 bursts
50031-02-01-09 KS1731-260 3151 bins 0 candidates 0 bursts
50031-02-01-12 KS1731-260 2815 bins 0 candidates 0 bursts
50031-02-01-02 KS1731-260 11880 bins 2 candidates 2 bursts
50031-02-01-05 KS1731-260 8889 bins 1 candidates 1 bursts
50031-02-01-08 KS1731-260 2511 bins 1 candidates 0 bursts
50031-02-02-06 KS1731-260 8413 bins 3 candidates 0 bursts
50031-02-02-02 KS1731-260 3375 bins 3 candidates 0 bursts
50031-02-02-03 KS1731-260 1919 bins 1 candidates 0 bursts
50031-02-02-080 KS1731-260 14683 bins 1 candidates 1 bursts
50031-02-03-00 KS1731-260 6540 bins 0 candidates 0 bursts
50031-02-03-05 KS1731-260 1518 bins 0 candidates 0 bursts
50031-02-03-04 KS1731-260 1935 bins 0 candidates 0 bursts
50031-02-03-07 KS1731-260 3342 bins 0 candidates 0 bursts
50031-02-03-08 KS1731-260 1871 bins 0 candidates 0 bursts
50031-02-03-01 KS1731-260 15483 bins 1 candidates 0 bursts
60034-01-01-00 SLX1735-269 5838 bins 1 candidates 0 bursts
60034-01-02-02 SLX1735-269 1647 bins 0 candidates 0 bursts
60034-01-03-01 SLX1735-269 16377 bins 0 candidates 0 bursts
80138-03-01-00 SLX1735-269 6894 bins 0 candidates 0 bursts
80138-03-02-00 SLX1735-269 3182 bins 1 candidates 0 bursts
80138-03-07-01 SLX1735-269 1775 bins 0 candidates 0 bursts
80138-03-07-03 SLX1735-269 1663 bins 0 candidates 0 bursts
90058-05-01-02 SLX1735-269 6381 bins 0 candidates 0 bursts
92052-02-02-00 SLX1735-269 1951 bins 0 candidates 0 bursts
96429-01-02-02 SLX1735-269 1775 bins 1 candidates 0 bursts
96429-01-03-01 SLX1735-269 1823 bins 2 candidates 0 bursts
96429-01-05-00 SLX1735-269 1855 bins 3 candidates 0 bursts
96429-01-06-01 SLX1735-269 1774 bins 0 candidates 0 bursts
96429-01-07-01 SLX1735-269 1535 bins 2 candidates 0 bursts
96429-01-08-03 SLX1735-269 1774 bins 2 candidates 0 bursts
50025-02-01-01 4U1735-44 1663 bins 0 candidates 0 bursts
50026-01-01-00 4U1735-44 6573 bins 0 candidates 0 bursts
91152-06-01-10 4U1735-44 4925 bins 0 candidates 0 bursts
91025-01-01-04 4U1735-44 1551 bins 0 candidates 0 bursts
91025-01-04-04 4U1735-44 2734 bins 0 candidates 0 bursts
91025-01-04-06 4U1735-44 1151 bins 0 candidates 0 bursts
91025-01-05-01 4U1735-44 2383 bins 0 candidates 0 bursts
91025-01-08-07 4U1735-44 9661 bins 0 candidates 0 bursts
91025-01-09-12 4U1735-44 1919 bins 0 candidates 0 bursts
91025-01-09-10 4U1735-44 3566 bins 0 candidates 0 bursts
91025-01-13-03 4U1735-44 3279 bins 0 candidates 0 bursts
91025-01-13-08 4U1735-44 2255 bins 0 candidates 0 bursts
93200-01-03-01 4U1735-44 5422 bins 1 candidates 0 bursts
96325-01-01-04 4U1735-44 3567 bins 0 candidates 0 bursts
96331-01-02-01 4U1735-44 3662 bins 1 candidates 0 bursts
60022-01-01-01 GX3+1 3071 bins 0 candidates 0 bursts
60022-01-02-01 GX3+1 6814 bins 0 candidates 0 bursts
60022-01-04-03 GX3+1 2398 bins 0 candidates 0 bursts
60022-01-04-04 GX3+1 2703 bins 0 candidates 0 bursts
60022-01-05-01 GX3+1 3071 bins 0 candidates 0 bursts
60022-01-06-05 GX3+1 1855 bins 0 candidates 0 bursts
60022-01-06-13 GX3+1 2031 bins 0 candidates 0 bursts
60022-01-07-02 GX3+1 3167 bins 0 candidates 0 bursts
60022-01-08-03 GX3+1 3390 bins 0 candidates 0 bursts
60022-01-10-03 GX3+1 5149 bins 0 candidates 0 bursts
60022-01-10-04 GX3+1 3327 bins 0 candidates 0 bursts
60022-01-13-01 GX3+1 6396 bins 0 candidates 0 bursts
90022-05-05-00 GX3+1 4381 bins 0 candidates 0 bursts
90022-05-06-00 GX3+1 3311 bins 0 candidates 0 bursts
94307-05-01-02 GX3+1 9837 bins 0 candidates 0 bursts
60044-02-01-10 4U1746-371 3471 bins 0 candidates 0 bursts
60044-02-01-05 4U1746-371 1215 bins 0 candidates 0 bursts
60044-02-01-07 4U1746-371 5758 bins 1 candidates 0 bursts
60044-02-01-06 4U1746-371 2335 bins 1 candidates 0 bursts
60044-02-02-00 4U1746-371 6459 bins 1 candidates 0 bursts
60044-02-02-010 4U1746-371 16809 bins 0 candidates 0 bursts
60044-02-02-09 4U1746-371 8317 bins 1 candidates 0 bursts
60044-02-02-10 4U1746-371 2751 bins 0 candidates 0 bursts
70050-01-01-03 4U1746-371 1215 bins 0 candidates 0 bursts
70050-01-01-06 4U1746-371 1902 bins 0 candidates 0 bursts
70050-01-01-00 4U1746-371 3567 bins 1 candidates 0 bursts
70050-01-01-08 4U1746-371 3567 bins 2 candidates 0 bursts
90044-01-02-01 4U1746-371 9419 bins 1 candidates 0 bursts
90044-01-04-000 4U1746-371 16888 bins 1 candidates 0 bursts
90044-01-04-00 4U1746-371 1679 bins 1 candidates 1 bursts
70080-01-02-04 SAXJ1808.4-3658 16105 bins 1 candidates 1 bursts
70080-01-02-22 SAXJ1808.4-3658 1551 bins 0 candidates 0 bursts
70080-01-03-010 SAXJ1808.4-3658 16233 bins 2 candidates 0 bursts
70080-02-01-03 SAXJ1808.4-3658 2831 bins 1 candidates 0 bursts
70080-02-02-35 SAXJ1808.4-3658 1711 bins 0 candidates 0 bursts
70080-02-02-12 SAXJ1808.4-3658 12427 bins 2 candidates 0 bursts
70080-03-13-00 SAXJ1808.4-3658 5773 bins 0 candidates 0 bursts
70080-03-20-13 SAXJ1808.4-3658 3182 bins 0 candidates 0 bursts
70080-03-22-00 SAXJ1808.4-3658 2431 bins 1 candidates 0 bursts
91056-01-03-05 SAXJ1808.4-3658 3103 bins 0 candidates 0 bursts
91418-01-04-00 SAXJ1808.4-3658 1214 bins 0 candidates 0 bursts
93027-01-01-03 SAXJ1808.4-3658 2991 bins 0 candidates 0 bursts
93027-01-05-08 SAXJ1808.4-3658 1039 bins 0 candidates 0 bursts
96027-01-01-00 SAXJ1808.4-3658 12651 bins 1 candidates 0 bursts
96027-01-02-00 SAXJ1808.4-3658 5966 bins 0 candidates 0 bursts
80138-04-02-00 XTEJ1814-338 5853 bins 1 candidates 1 bursts
80145-02-01-01 XTEJ1814-338 2047 bins 0 candidates 0 bursts
80418-01-01-07 XTEJ1814-338 3455 bins 0 candidates 0 bursts
80418-01-02-00 XTEJ1814-338 13660 bins 1 candidates 1 bursts
80418-01-02-08 XTEJ1814-338 3263 bins 0 candidates 0 bursts
80418-01-02-05 XTEJ1814-338 10250 bins 1 candidates 1 bursts
80418-01-03-02 XTEJ1814-338 9629 bins 1 candidates 1 bursts
80418-01-03-08 XTEJ1814-338 1535 bins 0 candidates 0 bursts
80418-01-04-03 XTEJ1814-338 1919 bins 0 candidates 0 bursts
80418-01-05-00 XTEJ1814-338 2047 bins 1 candidates 0 bursts
80418-01-05-08 XTEJ1814-338 1711 bins 1 candidates 1 bursts
80418-01-06-00 XTEJ1814-338 2479 bins 0 candidates 0 bursts
80418-01-06-02 XTEJ1814-338 3247 bins 0 candidates 0 bursts
80418-01-06-06 XTEJ1814-338 1247 bins 0 candidates 0 bursts
80418-01-07-06 XTEJ1814-338 3135 bins 0 candidates 0 bursts
70023-01-01-01 GX17+2 8189 bins 3 candidates 0 bursts
80022-01-01-09 GX17+2 1135 bins 0 candidates 0 bursts
80022-01-01-03 GX17+2 4334 bins 0 candidates 0 bursts
80022-01-01-02 GX17+2 10428 bins 2 candidates 1 bursts
80022-01-03-01 GX17+2 9133 bins 0 candidates 0 bursts
90022-07-03-00 GX17+2 1567 bins 0 candidates 0 bursts
90022-07-04-02 GX17+2 1247 bins 0 candidates 0 bursts
92042-01-02-00G GX17+2 9451 bins 0 candidates 0 bursts
92042-01-05-01 GX17+2 1279 bins 0 candidates 0 bursts
93406-11-01-00 GX17+2 3086 bins 1 candidates 0 bursts
93439-01-05-01 GX17+2 3198 bins 0 candidates 0 bursts
93439-01-06-00 GX17+2 6558 bins 0 candidates 0 bursts
95318-01-02-01 GX17+2 12858 bins 0 candidates 0 bursts
96310-01-01-000 GX17+2 15256 bins 1 candidates 0 bursts
96310-01-01-02 GX17+2 1535 bins 0 candidates 0 bursts
40017-01-21-02 4U1820-30 1455 bins 1 candidates 0 bursts
60030-01-02-01 4U1820-30 3119 bins 0 candidates 0 bursts
70030-03-03-00 4U1820-30 2815 bins 0 candidates 0 bursts
70030-03-05-00 4U1820-30 6734 bins 1 candidates 0 bursts
90027-01-01-06 4U1820-30 3327 bins 0 candidates 0 bursts
90027-01-03-00 4U1820-30 2511 bins 0 candidates 0 bursts
90027-01-04-04 4U1820-30 1343 bins 0 candidates 0 bursts
92030-02-02-00 4U1820-30 6573 bins 0 candidates 0 bursts
91152-04-01-00 4U1820-30 13385 bins 0 candidates 0 bursts
92030-02-05-00 4U1820-30 9676 bins 1 candidates 0 bursts
94090-01-01-00 4U1820-30 5630 bins 0 candidates 0 bursts
94090-01-02-01 4U1820-30 6366 bins 0 candidates 0 bursts
92030-02-12-00 4U1820-30 1615 bins 0 candidates 0 bursts
96090-01-01-020 4U1820-30 16137 bins 1 candidates 1 bursts
96324-01-02-01 4U1820-30 3199 bins 0 candidates 0 bursts
50035-01-02-00 GS1826-238 12600 bins 2 candidates 2 bursts
50035-01-03-02 GS1826-238 2351 bins 1 candidates 0 bursts
50035-01-03-04 GS1826-238 5246 bins 3 candidates 0 bursts
50035-01-03-090 GS1826-238 16746 bins 1 candidates 0 bursts
80048-01-01-09 GS1826-238 1503 bins 0 candidates 0 bursts
80048-01-01-14 GS1826-238 2047 bins 3 candidates 0 bursts
80049-01-01-00 GS1826-238 6222 bins 1 candidates 1 bursts
90043-01-01-02 GS1826-238 9933 bins 1 candidates 1 bursts
70044-01-03-00 GS1826-238 1775 bins 0 candidates 0 bursts
92703-01-04-02 GS1826-238 5341 bins 1 candidates 0 bursts
70044-01-04-00 GS1826-238 12252 bins 1 candidates 1 bursts
91017-01-02-05 GS1826-238 2591 bins 1 candidates 0 bursts
91017-01-02-03 GS1826-238 3359 bins 1 candidates 1 bursts
91017-01-02-10 GS1826-238 3375 bins 2 candidates 0 bursts
96306-01-01-01 GS1826-238 11404 bins 2 candidates 0 bursts
91015-01-07-00 HETEJ1900.1-245 2943 bins 0 candidates 0 bursts
91059-03-03-00 HETEJ1900.1-245 2462 bins 0 candidates 0 bursts
91057-01-07-04 HETEJ1900.1-245 3182 bins 2 candidates 0 bursts
92049-01-05-00 HETEJ1900.1-245 2942 bins 4 candidates 0 bursts
92049-01-07-00 HETEJ1900.1-245 2799 bins 1 candidates 1 bursts
92049-01-40-00 HETEJ1900.1-245 3119 bins 1 candidates 0 bursts
92049-01-56-00 HETEJ1900.1-245 2431 bins 0 candidates 0 bursts
93030-01-14-00 HETEJ1900.1-245 3215 bins 0 candidates 0 bursts
93030-01-47-00 HETEJ1900.1-245 3007 bins 1 candidates 0 bursts
94030-01-05-00 HETEJ1900.1-245 2319 bins 0 candidates 0 bursts
94030-01-27-00 HETEJ1900.1-245 3199 bins 1 candidates 0 bursts
94030-01-36-00 HETEJ1900.1-245 3183 bins 1 candidates 0 bursts
95030-01-16-00 HETEJ1900.1-245 2334 bins 1 candidates 0 bursts
96030-01-01-01 HETEJ1900.1-245 2127 bins 1 candidates 0 bursts
96030-01-25-00 HETEJ1900.1-245 2191 bins 1 candidates 0 bursts
50026-03-01-00 4U1915-05 9852 bins 0 candidates 0 bursts
50026-03-01-01 4U1915-05 14825 bins 1 candidates 1 bursts
70034-02-01-01 4U1915-05 5006 bins 1 candidates 0 bursts
70034-02-01-00 4U1915-05 7021 bins 1 candidates 0 bursts
70034-02-02-01 4U1915-05 2158 bins 1 candidates 1 bursts
70034-02-02-00 4U1915-05 11164 bins 0 candidates 0 bursts
40019-04-05-09 CYGX2 1631 bins 0 candidates 0 bursts
80018-02-01-00G CYGX2 9629 bins 0 candidates 0 bursts
90030-01-23-00 CYGX2 1214 bins 0 candidates 0 bursts
90030-01-45-00 CYGX2 4894 bins 0 candidates 0 bursts
90030-01-55-01 CYGX2 1391 bins 0 candidates 0 bursts
91010-01-01-05 CYGX2 14747 bins 0 candidates 0 bursts
91009-01-28-01 CYGX2 1519 bins 0 candidates 0 bursts
90030-01-15-00 CYGX2 1327 bins 1 candidates 0 bursts
90030-01-09-00 CYGX2 1407 bins 0 candidates 0 bursts
92039-01-04-01 CYGX2 1183 bins 0 candidates 0 bursts
92038-01-06-01 CYGX2 1215 bins 0 candidates 0 bursts
93082-02-02-01 CYGX2 1359 bins 0 candidates 0 bursts
93443-01-01-09 CYGX2 1855 bins 0 candidates 0 bursts
95345-01-06-00 CYGX2 3199 bins 0 candidates 0 bursts
95345-01-40-00 CYGX2 1935 bins 0 candidates 0 bursts

status: {'ok': 456}
candidates: 410 ; auto bursts: 78 ; observations with >=1 auto burst: 61
label  source_id      
BH     GRS1915+105        2
       GX339-4            2
       XTEJ1118+480       4
       XTEJ1550-564       4
NS     4U1254-690         2
       4U1323-619         9
       4U1636-53          4
       4U1702-429         1
       4U1705-44          1
       4U1724-307         1
       4U1728-34          4
       4U1746-371         1
       4U1820-30          1
       4U1915-05          2
       AQLX1              2
       GS1826-238         5
       GX17+2             1
       HETEJ1900.1-245    1
       KS1731-260         3
       MXB1658-298        5
       SAXJ1808.4-3658    1
       XTEJ1814-338       5
