Energy grid: 45 bins, 4.908-25.008 keV (reference 91702-01-66-05)
4U1636-53 bin 3 accepted 91024-01-21-10 
4U1636-53 bin 10 accepted 94087-01-31-10 
4U1636-53 bin 1 accepted 60032-05-14-01 
4U1636-53 bin 0 accepted 60032-01-09-04 
4U1728-34 bin 1 accepted 50030-03-04-03 
4U1728-34 bin 6 accepted 92023-03-85-00 
4U1728-34 bin 10 accepted 92023-03-17-10 
4U1728-34 bin 12 accepted 92023-03-65-00 
AQLX1 bin 2 accepted 60054-02-05-04 
AQLX1 bin 8 accepted 92034-01-05-01 
EXO0748-676 bin 0 accepted 50045-02-03-00 
EXO0748-676 bin 11 accepted 91043-12-04-00 
4U1323-619 bin 0 accepted 70050-03-01-00 
4U1323-619 bin 1 accepted 90062-03-01-00 
4U1254-690 bin 4 accepted 60044-01-02-10 
4U1254-690 bin 5 accepted 60044-01-02-00 
MXB1658-298 bin 2 accepted 50410-01-06-00 
MXB1658-298 bin 5 accepted 60048-01-03-00G 
4U1323-619 bin 2 accepted 90062-03-01-010 
MXB1658-298 bin 7 accepted 60048-02-02-00 
MXB1658-298 bin 8 accepted 60048-02-04-00 
MXB1658-298 bin 9 accepted 60048-02-05-00 
MXB1658-298 bin 11 accepted 60048-03-04-00 
4U1702-429 bin 4 accepted 80033-01-01-09 
4U1705-44 bin 10 accepted 95060-01-45-00 
4U1724-307 bin 10 accepted 93044-06-03-00 
KS1731-260 bin 3 accepted 50031-02-01-04 
KS1731-260 bin 2 accepted 50031-02-01-01 
KS1731-260 bin 8 accepted 50031-02-02-07 
SAXJ1808.4-3658 bin 0 accepted 70080-01-02-03 
KS1731-260 bin 7 accepted 50031-02-02-030 
4U1735-44 bin 12 accepted 93200-01-02-000 
XTEJ1814-338 bin 0 accepted 80138-04-03-00 
XTEJ1814-338 bin 3 accepted 80418-01-02-02 
XTEJ1814-338 bin 6 accepted 80418-01-03-04 
XTEJ1814-338 bin 5 accepted 80418-01-03-000 
XTEJ1814-338 bin 10 accepted 80418-01-05-04 
GX17+2 bin 9 accepted 90022-07-06-01 
GX17+2 bin 3 accepted 80022-01-01-01 
4U1820-30 bin 13 accepted 92030-02-14-00 
GS1826-238 bin 0 accepted 50035-01-02-01 
GS1826-238 bin 6 accepted 80049-01-03-00 
GS1826-238 bin 7 accepted 80049-01-02-00 
GS1826-238 bin 9 accepted 90043-01-02-01 
GS1826-238 bin 12 accepted 91017-01-02-13 
GS1826-238 bin 3 accepted 70044-01-01-000 
GS1826-238 bin 10 accepted 90043-01-03-000 
HETEJ1900.1-245 bin 4 accepted 92049-01-25-00 
                 candidates_tried  accepted  bins_empty
source_id                                              
4U1254-690                      2         2           0
4U1323-619                      3         3           0
4U1636-53                       4         4           0
4U1702-429                      1         1           0
4U1705-44                       1         1           0
4U1724-307                      1         1           0
4U1728-34                       4         4           0
4U1735-44                       1         1           0
4U1820-30                       1         1           0
AQLX1                           2         2           0
EXO0748-676                     2         2           0
GS1826-238                      7         7           0
GX17+2                          2         2           0
HETEJ1900.1-245                 1         1           0
KS1731-260                      4         4           0
MXB1658-298                     6         6           0
SAXJ1808.4-3658                 1         1           0
XTEJ1814-338                    5         5           0
Series([], )
