MINBAR burst names without a source-table position: []
MINBAR: 7111 bursts (2288 RXTE/PCA), 118848 observations; v2: 456 observations

contaminated (PRIMARY: MINBAR burst in GTI from the same ObsID or an origin within 1.0 deg): 58 of 456 ({'NS': 58})
contaminated (literal preregistered rule, any burst anywhere in the sky): 67 ({'NS': 64, 'BH': 3}); bursts in GTIs: 75, in FOV: 62
label  source_id      
NS     4U1254-690          3
       4U1323-619         10
       4U1636-53           4
       4U1702-429          1
       4U1705-44           1
       4U1724-307          1
       4U1728-34           4
       4U1735-44           1
       4U1820-30           1
       4U1915-05           2
       AQLX1               2
       EXO0748-676         2
       GS1826-238          7
       GX17+2              2
       HETEJ1900.1-245     1
       KS1731-260          4
       MXB1658-298         6
       SAXJ1808.4-3658     1
       XTEJ1814-338        5

bursts in GTI by origin (sep from our source position):
                                           n     sep
source_id       minbar_name       in_fov            
4U1254-690      4U 1254-69        True     3   0.000
4U1323-619      4U 1323-62        True    10   0.001
4U1636-53       4U 1636-536       True     5   0.001
4U1702-429      4U 1702-429       True     1   0.001
4U1705-44       4U 1705-44        True     1   0.001
4U1724-307      4U 1722-30        True     1   0.002
4U1728-34       4U 1728-34        True     4   0.001
4U1735-44       4U 1735-444       True     1   0.000
4U1746-371      4U 1254-69        False    1  49.802
4U1820-30       4U 1820-303       True     1   0.000
                GX 3+1            False    1   8.721
4U1915-05       XB 1916-053       True     2   0.002
AQLX1           Aql X-1           True     2   0.001
EXO0748-676     EXO 0748-676      True     2   0.002
GROJ1655-40     4U 1636-536       False    1  14.081
                GX 3+1            False    1  17.384
GS1826-238      1A 1742-294       False    1  11.245
                GS 1826-24        True     9   0.000
                SLX 1744-300      False    1  11.253
GX17+2          1A 1742-294       False    1  16.954
                4U 1728-34        False    1  22.173
                GX 17+2           True     2   0.000
GX3+1           4U 1702-429       False    1  18.526
HETEJ1900.1-245 HETE J1900.1-2455 True     1   0.020
KS1731-260      4U 1246-588       False    1  58.235
                4U 1636-536       False    1  29.379
                KS 1731-260       True     5   0.006
MXB1658-298     MXB 1658-298      True     6   0.001
SAXJ1808.4-3658 SAX J1808.4-3658  True     1   0.001
                SLX 1744-300      False    1   8.199
XTEJ1550-564    4U 1728-34        False    1  28.485
XTEJ1814-338    XTE J1814-338     True     5   0.013

MINBAR vs Standard-1 (v4, frozen):
   std1_set  both  minbar_only  std1_only  neither  agreement
  std1_auto    47           11         14      384   0.945175
std1_visual    56            2          2      396   0.991228

disagreements MINBAR vs v4 visual:
        obs_id   source_id label  n_minbar_in_gti  n_minbar_in_gti_fov minbar_names_in_gti  n_minbar_same_obsid  std1_auto  std1_visual
50045-06-05-00 EXO0748-676    NS                1                    1        EXO 0748-676                    1      False        False
96405-01-05-01  4U1323-619    NS                1                    1          4U 1323-62                    3      False        False
50031-02-03-01  KS1731-260    NS                1                    0         4U 1246-588                    0      False         True
90044-01-04-00  4U1746-371    NS                0                    0                                        0       True         True
