round 1: 48 bins, 730 candidates
round 2: 9 bins, 126 candidates
round 3: 2 bins, 12 candidates
status
replaced                               37
no_further_candidate                   20
no_clean_replacement_after_3_rounds     1
      source_id  time_bin    replaced_obs     replacement                              status                                                                                                    rounds_log
      4U1636-53         0  50030-02-04-00  60032-01-09-04                            replaced                                                                                       60032-01-09-04:accepted
      4U1636-53         1 60032-01-20-000  60032-05-14-01                            replaced                                                                                       60032-05-14-01:accepted
      4U1636-53         3  91024-01-12-10  91024-01-21-10                            replaced                                                                                       91024-01-21-10:accepted
      4U1636-53        10  94087-01-25-10  94087-01-11-10                            replaced                                                  94087-01-31-10:minbar_contaminated | 94087-01-11-10:accepted
      4U1728-34         1  50030-03-05-03  50030-03-04-03                            replaced                                                                                       50030-03-04-03:accepted
      4U1728-34         6  92023-03-76-00  92023-03-85-00                            replaced                                                                                       92023-03-85-00:accepted
      4U1728-34        10  92023-03-44-00  92023-03-17-10                            replaced                                                                                       92023-03-17-10:accepted
      4U1728-34        12  92023-03-70-00  92023-03-65-00                            replaced                                                                                       92023-03-65-00:accepted
          AQLX1         2  60054-02-03-03  60054-02-05-04                            replaced                                                                                       60054-02-05-04:accepted
          AQLX1         8  93076-01-02-00  92034-01-05-01                            replaced                                                                                       92034-01-05-01:accepted
    EXO0748-676         0  50045-06-05-00  50045-02-03-00                            replaced                                                                                       50045-02-03-00:accepted
    EXO0748-676        11  92019-01-16-00  91043-12-04-00                            replaced                                                                                       91043-12-04-00:accepted
     4U1254-690         4 60044-01-02-100  60044-01-02-10                            replaced                                                                                       60044-01-02-10:accepted
     4U1254-690         5 60044-01-02-000            None                no_further_candidate                                                                            60044-01-02-00:minbar_contaminated
     4U1254-690         9 95324-01-01-010            None                no_further_candidate                                                                                                              
     4U1323-619         0  70050-03-01-01            None                no_further_candidate                                                                            70050-03-01-00:minbar_contaminated
     4U1323-619         1  70050-03-01-02            None                no_further_candidate                                                                            90062-03-01-00:minbar_contaminated
     4U1323-619         2  90062-03-01-02            None                no_further_candidate                                                                           90062-03-01-010:minbar_contaminated
     4U1323-619         4  95442-01-01-01            None                no_further_candidate                                                                                                              
     4U1323-619         6  96405-01-01-00            None                no_further_candidate                                                                                                              
     4U1323-619         7  96405-01-01-01            None                no_further_candidate                                                                                                              
     4U1323-619         9  96405-01-02-01            None                no_further_candidate                                                                                                              
     4U1323-619        12  96405-01-05-01            None                no_further_candidate                                                                                                              
     4U1323-619        13  96405-01-05-02            None                no_further_candidate                                                                                                              
     4U1323-619        14  96405-01-05-03            None                no_further_candidate                                                                                                              
    MXB1658-298         2  50410-01-05-00  50410-01-06-00                            replaced                                                                                       50410-01-06-00:accepted
    MXB1658-298         5  60048-01-02-00            None                no_further_candidate                                                                           60048-01-03-00G:minbar_contaminated
    MXB1658-298         7  60048-02-01-00            None                no_further_candidate                                                                            60048-02-02-00:minbar_contaminated
    MXB1658-298         8  60048-02-03-00            None                no_further_candidate                                                                            60048-02-04-00:minbar_contaminated
    MXB1658-298         9  60048-03-01-00            None                no_further_candidate                                                                            60048-02-05-00:minbar_contaminated
    MXB1658-298        11  60048-03-05-00  60048-03-04-00                            replaced                                                                                       60048-03-04-00:accepted
     4U1702-429         4 80033-01-02-000  80033-01-01-09                            replaced                                                                                       80033-01-01-09:accepted
      4U1705-44        10  95060-01-35-00  95060-01-45-00                            replaced                                                                                       95060-01-45-00:accepted
     4U1724-307        10  93044-06-04-00  93044-06-03-00                            replaced                                                                                       93044-06-03-00:accepted
     KS1731-260         2  50031-02-01-02            None                no_further_candidate                                       50031-02-01-01:minbar_contaminated | 50031-02-01-03:minbar_contaminated
     KS1731-260         3  50031-02-01-05  50031-02-01-04                            replaced                                                                                       50031-02-01-04:accepted
     KS1731-260         7  50031-02-02-03            None                no_further_candidate                                                                           50031-02-02-030:minbar_contaminated
     KS1731-260         8 50031-02-02-080  50031-02-02-07                            replaced                                                                                       50031-02-02-07:accepted
      4U1735-44        12  93200-01-03-01  93200-01-03-00                            replaced            93200-01-02-000:minbar_contaminated | 93200-01-02-00:minbar_contaminated | 93200-01-03-00:accepted
SAXJ1808.4-3658         0  70080-01-02-04  70080-01-02-03                            replaced                                                                                       70080-01-02-03:accepted
   XTEJ1814-338         0  80138-04-02-00 80145-02-01-010                            replaced                                                 80138-04-03-00:minbar_contaminated | 80145-02-01-010:accepted
   XTEJ1814-338         3  80418-01-02-00  80418-01-02-02                            replaced                                                                                       80418-01-02-02:accepted
   XTEJ1814-338         5  80418-01-02-05  80418-01-03-12                            replaced                                                 80418-01-03-000:minbar_contaminated | 80418-01-03-12:accepted
   XTEJ1814-338         6  80418-01-03-02  80418-01-03-04                            replaced                                                                                       80418-01-03-04:accepted
   XTEJ1814-338        10  80418-01-05-08  80418-01-05-04                            replaced                                                                                       80418-01-05-04:accepted
         GX17+2         3  80022-01-01-02  80022-01-01-01                            replaced                                                                                       80022-01-01-01:accepted
         GX17+2         9  93406-11-01-00  90022-07-06-01                            replaced                                                                                       90022-07-06-01:accepted
      4U1820-30        13 96090-01-01-020  92030-02-14-00                            replaced                                                                                       92030-02-14-00:accepted
     GS1826-238         0  50035-01-02-00  50035-01-02-01                            replaced                                                                                       50035-01-02-01:accepted
     GS1826-238         3 50035-01-03-090  70044-01-01-01                            replaced                                                 70044-01-01-000:minbar_contaminated | 70044-01-01-01:accepted
     GS1826-238         6  80049-01-01-00  80049-01-03-00                            replaced                                                                                       80049-01-03-00:accepted
     GS1826-238         7  90043-01-01-02  80049-01-04-00                            replaced                                                  80049-01-02-00:minbar_contaminated | 80049-01-04-00:accepted
     GS1826-238         9  92703-01-04-02  92703-01-04-01                            replaced                                                  90043-01-02-01:minbar_contaminated | 92703-01-04-01:accepted
     GS1826-238        10  70044-01-04-00            None no_clean_replacement_after_3_rounds 90043-01-03-000:minbar_contaminated | 90043-01-03-01:minbar_contaminated | 90043-01-02-00:minbar_contaminated
     GS1826-238        12  91017-01-02-03  91017-01-02-13                            replaced                                                                                       91017-01-02-13:accepted
HETEJ1900.1-245         4  92049-01-07-00  92049-01-25-00                            replaced                                                                                       92049-01-25-00:accepted
      4U1915-05         6  50026-03-01-01            None                no_further_candidate                                                                                                              
      4U1915-05         9  70034-02-02-01            None                no_further_candidate                                                                                                              
replaced sample: 435 observations (398 kept + 37 replacements)
