     set  n_obs  n_BH_obs  n_sources  min_obs_per_source    fewest
  minbar    398       105         31                   4 4U1915-05
 literal    389       102         31                   4 4U1915-05
   union    396       105         31                   4 4U1915-05
replaced    435       105         31                   4 4U1915-05

metric                                                      obs_balanced_accuracy              source_AUC source_balanced_accuracy
comparison_type                   set      model                                                                                  
v1-v3 headline inside the set     literal  B-LR vs H-LR    +0.003 [-0.060,+0.055]  -0.060 [-0.208,+0.048]   -0.042 [-0.104,+0.000]
                                           B-RF vs H-RF  +0.025 [+0.001,+0.047] *  -0.030 [-0.125,+0.048]   +0.000 [+0.000,+0.000]
                                  minbar   B-LR vs H-LR    +0.003 [-0.061,+0.054]  -0.054 [-0.190,+0.048]   -0.042 [-0.104,+0.000]
                                           B-RF vs H-RF  +0.030 [+0.004,+0.062] *  -0.018 [-0.095,+0.048]   +0.000 [+0.000,+0.000]
                                  replaced B-LR vs H-LR    +0.007 [-0.059,+0.062]  -0.048 [-0.179,+0.048]   -0.042 [-0.104,+0.000]
                                           B-RF vs H-RF    -0.006 [-0.030,+0.018]  -0.024 [-0.107,+0.036]   -0.021 [-0.062,+0.000]
                                  union    B-LR vs H-LR    -0.001 [-0.065,+0.053]  -0.048 [-0.179,+0.048]   -0.042 [-0.104,+0.000]
                                           B-RF vs H-RF  +0.029 [+0.002,+0.054] *  -0.012 [-0.071,+0.048]   -0.021 [-0.062,+0.000]
vs v2 (all obs, paired by source) literal  B-LR            -0.005 [-0.023,+0.013]  -0.012 [-0.054,+0.000]   -0.021 [-0.062,+0.000]
                                           B-RF            -0.008 [-0.024,+0.008]  -0.036 [-0.113,+0.000]   -0.021 [-0.062,+0.000]
                                           H-LR          -0.023 [-0.040,-0.008] *  +0.000 [+0.000,+0.000]   +0.000 [+0.000,+0.000]
                                           H-RF          -0.027 [-0.041,-0.012] *  -0.018 [-0.071,+0.012]   -0.021 [-0.062,+0.000]
                                  minbar   B-LR            -0.003 [-0.020,+0.015]  -0.012 [-0.054,+0.000]   -0.021 [-0.062,+0.000]
                                           B-RF            +0.003 [-0.014,+0.019]  -0.024 [-0.089,+0.000]   -0.021 [-0.062,+0.000]
                                           H-LR          -0.021 [-0.037,-0.007] *  -0.006 [-0.036,+0.000]   +0.000 [+0.000,+0.000]
                                           H-RF          -0.021 [-0.041,-0.006] *  -0.018 [-0.071,+0.012]   -0.021 [-0.062,+0.000]
                                  replaced B-LR            -0.004 [-0.016,+0.007]  +0.000 [+0.000,+0.000]   -0.021 [-0.062,+0.000]
                                           B-RF            -0.025 [-0.055,+0.003]  -0.024 [-0.089,+0.000]   -0.021 [-0.062,+0.000]
                                           H-LR          -0.026 [-0.044,-0.009] *  +0.000 [+0.000,+0.000]   +0.000 [+0.000,+0.000]
                                           H-RF          -0.014 [-0.030,-0.000] *  -0.012 [-0.048,+0.000]   +0.000 [+0.000,+0.000]
                                  union    B-LR            -0.002 [-0.021,+0.016]  -0.012 [-0.054,+0.000]   -0.021 [-0.062,+0.000]
                                           B-RF            +0.009 [-0.011,+0.032]  -0.018 [-0.071,+0.012]   -0.021 [-0.062,+0.000]
                                           H-LR            -0.015 [-0.032,+0.002]  -0.012 [-0.054,+0.000]   +0.000 [+0.000,+0.000]
                                           H-RF          -0.014 [-0.030,-0.000] *  -0.018 [-0.071,+0.012]   +0.000 [+0.000,+0.000]
vs v2 on the same kept obs        literal  B-LR            +0.008 [-0.007,+0.023]  -0.006 [-0.036,+0.000]   +0.000 [+0.000,+0.000]
                                           B-RF            -0.005 [-0.022,+0.012]  -0.024 [-0.083,+0.000]   -0.021 [-0.062,+0.000]
                                           H-LR            -0.003 [-0.014,+0.004]  +0.000 [+0.000,+0.000]   +0.000 [+0.000,+0.000]
                                           H-RF          -0.015 [-0.029,-0.004] *  -0.006 [-0.036,+0.000]   -0.021 [-0.062,+0.000]
                                  minbar   B-LR            +0.008 [-0.007,+0.023]  -0.006 [-0.036,+0.000]   +0.000 [+0.000,+0.000]
                                           B-RF            +0.006 [-0.010,+0.021]  -0.012 [-0.054,+0.000]   -0.021 [-0.062,+0.000]
                                           H-LR            -0.003 [-0.014,+0.004]  -0.006 [-0.036,+0.000]   +0.000 [+0.000,+0.000]
                                           H-RF          -0.015 [-0.035,-0.001] *  -0.006 [-0.036,+0.000]   -0.021 [-0.062,+0.000]
                                  union    B-LR            +0.008 [-0.007,+0.023]  -0.006 [-0.036,+0.000]   +0.000 [+0.000,+0.000]
                                           B-RF            +0.010 [-0.009,+0.033]  -0.006 [-0.048,+0.024]   -0.021 [-0.062,+0.000]
                                           H-LR            +0.001 [-0.010,+0.013]  -0.012 [-0.054,+0.000]   +0.000 [+0.000,+0.000]
                                           H-RF            -0.010 [-0.024,+0.000]  -0.006 [-0.036,+0.000]   +0.000 [+0.000,+0.000]

metric                            obs_balanced_accuracy  source_AUC  source_balanced_accuracy
set      comparison                                                                          
literal  B-LR [literal]                           0.755       0.863                     0.753
         B-RF [literal]                           0.753       0.857                     0.836
         H-LR [literal]                           0.752       0.923                     0.795
         H-RF [literal]                           0.728       0.887                     0.836
         v2 B-LR (456 obs)                        0.761       0.875                     0.774
         v2 B-LR (same kept obs)                  0.747       0.869                     0.753
         v2 B-RF (456 obs)                        0.761       0.893                     0.857
         v2 B-RF (same kept obs)                  0.758       0.881                     0.857
         v2 H-LR (456 obs)                        0.776       0.923                     0.795
         v2 H-LR (same kept obs)                  0.755       0.923                     0.795
         v2 H-RF (456 obs)                        0.755       0.905                     0.857
         v2 H-RF (same kept obs)                  0.743       0.893                     0.857
minbar   B-LR [minbar]                            0.758       0.863                     0.753
         B-RF [minbar]                            0.764       0.869                     0.836
         H-LR [minbar]                            0.755       0.917                     0.795
         H-RF [minbar]                            0.733       0.887                     0.836
         v2 B-LR (456 obs)                        0.761       0.875                     0.774
         v2 B-LR (same kept obs)                  0.750       0.869                     0.753
         v2 B-RF (456 obs)                        0.761       0.893                     0.857
         v2 B-RF (same kept obs)                  0.758       0.881                     0.857
         v2 H-LR (456 obs)                        0.776       0.923                     0.795
         v2 H-LR (same kept obs)                  0.758       0.923                     0.795
         v2 H-RF (456 obs)                        0.755       0.905                     0.857
         v2 H-RF (same kept obs)                  0.748       0.893                     0.857
replaced B-LR [replaced]                          0.757       0.875                     0.753
         B-RF [replaced]                          0.735       0.869                     0.836
         H-LR [replaced]                          0.750       0.923                     0.795
         H-RF [replaced]                          0.741       0.893                     0.857
         v2 B-LR (456 obs)                        0.761       0.875                     0.774
         v2 B-RF (456 obs)                        0.761       0.893                     0.857
         v2 H-LR (456 obs)                        0.776       0.923                     0.795
         v2 H-RF (456 obs)                        0.755       0.905                     0.857
union    B-LR [union]                             0.759       0.863                     0.753
         B-RF [union]                             0.770       0.875                     0.836
         H-LR [union]                             0.760       0.911                     0.795
         H-RF [union]                             0.741       0.887                     0.857
         v2 B-LR (456 obs)                        0.761       0.875                     0.774
         v2 B-LR (same kept obs)                  0.751       0.869                     0.753
         v2 B-RF (456 obs)                        0.761       0.893                     0.857
         v2 B-RF (same kept obs)                  0.760       0.881                     0.857
         v2 H-LR (456 obs)                        0.776       0.923                     0.795
         v2 H-LR (same kept obs)                  0.759       0.923                     0.795
         v2 H-RF (456 obs)                        0.755       0.905                     0.857
         v2 H-RF (same kept obs)                  0.751       0.893                     0.857

PRIMARY (H-LR, MINBAR exclusion - v2 H-LR):
                          point  ci2_5  ci97_5
metric                                        
source_balanced_accuracy  0.000  0.000   0.000
source_AUC               -0.006 -0.036   0.000
obs_balanced_accuracy    -0.021 -0.037  -0.007
