
[main: BH vs NPNS] 61 sources (13 BH), 93461 points
  LR [CCI] done (4 s)
  LR [C2D] done (6 s)
  LR [C1D] done (8 s)
  RF [CCI] done (12 s)
  RF [C2D] done (16 s)
  RF [C1D] done (20 s)
  KNN [CCI] done (25 s)
  KNN [C2D] done (30 s)
  KNN [C1D] done (36 s)
  SVM [CCI] done (42 s)
  SVM [C2D] done (49 s)
  SVM [C1D] done (56 s)

[secondary: BH vs PSR] 52 sources (13 BH), 49424 points
  LR [CCI] done (63 s)
  LR [C2D] done (70 s)
  LR [C1D] done (77 s)
  RF [CCI] done (84 s)
  RF [C2D] done (92 s)
  RF [C1D] done (99 s)

metric                                                                                     obs_balanced_accuracy              source_AUC source_balanced_accuracy
task                 comparison_set                                comparison                                                                                    
main: BH vs NPNS     (i) CCI vs 2D colours                         KNN [C2D]              +0.666 [+0.523,+0.784]  +0.800 [+0.633,+0.938]   +0.738 [+0.598,+0.874]
                                                                   KNN [CCI]              +0.622 [+0.509,+0.717]  +0.736 [+0.553,+0.888]   +0.668 [+0.514,+0.804]
                                                                   KNN [CCI] - KNN [C2D]  -0.045 [-0.087,+0.010]  -0.064 [-0.173,+0.016]   -0.070 [-0.216,+0.070]
                                                                   LR [C2D]               +0.611 [+0.496,+0.760]  +0.590 [+0.410,+0.764]   +0.596 [+0.446,+0.740]
                                                                   LR [CCI]               +0.605 [+0.491,+0.747]  +0.561 [+0.388,+0.737]   +0.519 [+0.365,+0.673]
                                                                   LR [CCI] - LR [C2D]    -0.006 [-0.015,-0.001]  -0.029 [-0.066,+0.002]   -0.077 [-0.192,+0.010]
                                                                   RF [C2D]               +0.597 [+0.498,+0.682]  +0.774 [+0.590,+0.934]   +0.577 [+0.500,+0.692]
                                                                   RF [CCI]               +0.603 [+0.527,+0.670]  +0.729 [+0.545,+0.888]   +0.538 [+0.500,+0.615]
                                                                   RF [CCI] - RF [C2D]    +0.006 [-0.022,+0.040]  -0.045 [-0.122,+0.011]   -0.038 [-0.115,+0.000]
                                                                   SVM [C2D]              +0.627 [+0.537,+0.705]  +0.742 [+0.559,+0.899]   +0.574 [+0.458,+0.707]
                                                                   SVM [CCI]              +0.558 [+0.472,+0.635]  +0.623 [+0.418,+0.811]   +0.591 [+0.466,+0.728]
                                                                   SVM [CCI] - SVM [C2D]  -0.068 [-0.099,-0.036]  -0.119 [-0.212,-0.040]   +0.018 [-0.115,+0.154]
                     (ii) colours incl. 2-4 keV vs >= 4 keV colour KNN [C1D]              +0.504 [+0.455,+0.602]  +0.428 [+0.276,+0.599]   +0.397 [+0.268,+0.536]
                                                                   KNN [C2D]              +0.666 [+0.523,+0.784]  +0.800 [+0.633,+0.938]   +0.738 [+0.598,+0.874]
                                                                   KNN [C2D] - KNN [C1D]  +0.162 [+0.053,+0.266]  +0.372 [+0.184,+0.566]   +0.341 [+0.135,+0.550]
                                                                   LR [C1D]               +0.524 [+0.442,+0.771]  +0.450 [+0.293,+0.622]   +0.498 [+0.352,+0.645]
                                                                   LR [C2D]               +0.611 [+0.496,+0.760]  +0.590 [+0.410,+0.764]   +0.596 [+0.446,+0.740]
                                                                   LR [C2D] - LR [C1D]    +0.088 [-0.056,+0.196]  +0.139 [-0.032,+0.306]   +0.098 [-0.087,+0.280]
                                                                   RF [C1D]               +0.488 [+0.474,+0.520]  +0.364 [+0.216,+0.532]   +0.500 [+0.500,+0.500]
                                                                   RF [C2D]               +0.597 [+0.498,+0.682]  +0.774 [+0.590,+0.934]   +0.577 [+0.500,+0.692]
                                                                   RF [C2D] - RF [C1D]    +0.109 [+0.017,+0.192]  +0.410 [+0.229,+0.591]   +0.077 [+0.000,+0.192]
                                                                   SVM [C1D]              +0.496 [+0.413,+0.658]  +0.446 [+0.277,+0.627]   +0.397 [+0.251,+0.544]
                                                                   SVM [C2D]              +0.627 [+0.537,+0.705]  +0.742 [+0.559,+0.899]   +0.574 [+0.458,+0.707]
                                                                   SVM [C2D] - SVM [C1D]  +0.131 [-0.013,+0.214]  +0.296 [+0.096,+0.514]   +0.176 [-0.047,+0.410]
secondary: BH vs PSR (i) CCI vs 2D colours                         LR [C2D]               +0.688 [+0.492,+0.852]  +0.815 [+0.679,+0.931]   +0.692 [+0.551,+0.846]
                                                                   LR [CCI]               +0.687 [+0.492,+0.851]  +0.815 [+0.677,+0.929]   +0.692 [+0.551,+0.846]
                                                                   LR [CCI] - LR [C2D]    -0.001 [-0.008,+0.002]  +0.000 [-0.012,+0.014]   +0.000 [+0.000,+0.000]
                                                                   RF [C2D]               +0.643 [+0.497,+0.771]  +0.813 [+0.676,+0.927]   +0.615 [+0.500,+0.731]
                                                                   RF [CCI]               +0.661 [+0.503,+0.801]  +0.795 [+0.647,+0.913]   +0.654 [+0.538,+0.769]
                                                                   RF [CCI] - RF [C2D]    +0.018 [-0.013,+0.035]  -0.018 [-0.077,+0.036]   +0.038 [+0.000,+0.115]
                     (ii) colours incl. 2-4 keV vs >= 4 keV colour LR [C1D]               +0.646 [+0.426,+0.726]  +0.507 [+0.278,+0.736]   +0.526 [+0.372,+0.679]
                                                                   LR [C2D]               +0.688 [+0.492,+0.852]  +0.815 [+0.679,+0.931]   +0.692 [+0.551,+0.846]
                                                                   LR [C2D] - LR [C1D]    +0.042 [-0.169,+0.304]  +0.308 [+0.099,+0.511]   +0.167 [-0.013,+0.346]
                                                                   RF [C1D]               +0.609 [+0.505,+0.648]  +0.627 [+0.406,+0.821]   +0.526 [+0.462,+0.615]
                                                                   RF [C2D]               +0.643 [+0.497,+0.771]  +0.813 [+0.676,+0.927]   +0.615 [+0.500,+0.731]
                                                                   RF [C2D] - RF [C1D]    +0.033 [-0.138,+0.167]  +0.185 [-0.002,+0.402]   +0.090 [-0.051,+0.231]

main task, BH sources (mean score):
model               KNN [C1D]  KNN [C2D]  KNN [CCI]  LR [C1D]  LR [C2D]  LR [CCI]  RF [C1D]  RF [C2D]  RF [CCI]  SVM [C1D]  SVM [C2D]  SVM [CCI]
name                                                                                                                                            
Cyg X-1                  0.41       0.63       0.58      0.44      0.50      0.50      0.22      0.51      0.44       0.39       0.49       0.50
GRO J1655-40             0.51       0.44       0.44      0.52      0.49      0.49      0.28      0.25      0.24       0.69       0.39       0.37
GRS 1915+105             0.32       0.08       0.12      0.42      0.28      0.28      0.17      0.05      0.11       0.33       0.24       0.18
GS 1354-64               0.49       0.51       0.40      0.50      0.50      0.50      0.30      0.30      0.25       0.48       0.46       0.41
GX 339-4                 0.46       0.58       0.47      0.49      0.51      0.51      0.25      0.40      0.37       0.53       0.49       0.50
LMC X-1                  0.48       0.60       0.65      0.51      0.60      0.57      0.26      0.40      0.44       0.43       0.60       0.56
LMC X-3                  0.48       0.57       0.55      0.52      0.59      0.59      0.29      0.36      0.34       0.47       0.53       0.49
MAXI J1305-704           0.46       0.43       0.45      0.52      0.55      0.55      0.22      0.28      0.26       0.60       0.40       0.38
MAXI J1820+070           0.52       0.56       0.51      0.47      0.51      0.51      0.32      0.41      0.42       0.46       0.44       0.48
SAX J1819.3-2525         0.49       0.42       0.43      0.52      0.51      0.50      0.28      0.27      0.24       0.71       0.45       0.42
SS 433                   0.49       0.40       0.35      0.52      0.45      0.45      0.26      0.22      0.19       0.58       0.34       0.34
Swift J1727.8-1613       0.47       0.66       0.62      0.47      0.54      0.54      0.28      0.50      0.66       0.50       0.57       0.58
XTE J1650-500            0.52       0.43       0.50      0.53      0.51      0.50      0.28      0.32      0.27       0.73       0.50       0.50

[v7c3] 30 shared sources (8 BH): Spearman 0.625, label agreement 0.733
       maxi_name   maxi_id     rxte_source label rxte_label            rxte_sample  rxte_score  maxi_score  sep_deg
         LMC X-3 J0538-640           LMCX3    BH         BH v7b2 H-LR (34 sources)       0.710       0.590    0.000
         LMC X-1 J0539-697           LMCX1    BH         BH v7b2 H-LR (34 sources)       0.903       0.573    0.000
     2S 0918-549 J0920-552      2S0918-549    NS         NS v4b2 H-LR (46 sources)       0.330       0.556    0.001
      4U 1254-69 J1257-692      4U1254-690    NS         NS                v2 H-LR       0.114       0.446    0.000
      4U 1323-62 J1326-621      4U1323-619    NS         NS                v2 H-LR       0.319       0.527    0.001
     4U 1608-522 J1612-524       4U1608-52    NS         NS                v2 H-LR       0.350       0.465    0.000
     4U 1636-536 J1640-537       4U1636-53    NS         NS                v2 H-LR       0.221       0.469    0.001
   XTE J1650-500 J1650-499    XTEJ1650-500    BH         BH                v2 H-LR       0.848       0.497    0.038
    GRO J1655-40 J1654-398     GROJ1655-40    BH         BH                v2 H-LR       0.816       0.488    0.000
        GX 339-4 J1702-487         GX339-4    BH         BH                v2 H-LR       0.810       0.511    0.000
      4U 1705-44 J1708-441       4U1705-44    NS         NS                v2 H-LR       0.184       0.393    0.001
   XTE J1709-267 J1709-266    XTEJ1709-267    NS         NS v4b2 H-LR (46 sources)       0.252       0.466    0.003
   XTE J1710-281 J1710-281    XTEJ1710-281    NS         NS v4b2 H-LR (46 sources)       0.523       0.520    0.013
      4U 1722-30 J1727-308      4U1724-307    NS         NS                v2 H-LR       0.372       0.486    0.002
    SLX 1735-269 J1738-269     SLX1735-269    NS         NS                v2 H-LR       0.401       0.523    0.011
     4U 1735-444 J1738-444       4U1735-44    NS         NS                v2 H-LR       0.026       0.419    0.000
          GX 3+1 J1747-265           GX3+1    NS         NS                v2 H-LR       0.093       0.396    0.001
SAX J1747.0-2853 J1747-288 SAXJ1747.0-2853    NS         NS v4b2 H-LR (46 sources)       0.284       0.369    0.024
    GRS 1747-312 J1750-312     GRS1747-312    NS         NS v4b2 H-LR (46 sources)       0.269       0.519    0.004
      4U 1746-37 J1750-370      4U1746-371    NS         NS                v2 H-LR       0.080       0.478    0.001
         GX 17+2 J1816-140          GX17+2    NS         NS                v2 H-LR       0.091       0.378    0.000
SAX J1819.3-2525 J1819-254        V4641SGR    BH         BH v4b2 H-LR (46 sources)       0.933       0.497    0.010
     4U 1820-303 J1823-303       4U1820-30    NS         NS                v2 H-LR       0.043       0.428    0.000
      GS 1826-24 J1829-237      GS1826-238    NS         NS                v2 H-LR       0.320       0.459    0.000
         Ser X-1 J1839+050           SERX1    NS         NS v4b2 H-LR (46 sources)       0.079       0.444    0.000
    GRS 1915+105 J1915+109     GRS1915+105    BH         BH                v2 H-LR       0.406       0.280    0.000
     XB 1916-053 J1918-052       4U1915-05    NS         NS                v2 H-LR       0.295       0.507    0.002
         Cyg X-1 J1958+352           CYGX1    BH         BH v7b2 H-LR (34 sources)       0.559       0.503    0.000
         M15 X-2 J2129+121      4U2127+119    NS         NS v4b2 H-LR (46 sources)       0.543       0.547    0.002
         Cyg X-2 J2144+383           CYGX2    NS         NS                v2 H-LR       0.205       0.443    0.001
total 108 s
