Energy grid: 45 bins, 4.908-25.008 keV (reference 91702-01-66-05)
CYGX1 bin 0 accepted 30157-01-26-00 
CYGX1 bin 1 accepted 40099-01-06-00 
CYGX1 bin 3 accepted 50109-03-07-00 
CYGX1 bin 2 accepted 40102-01-01-04 
CYGX1 bin 4 accepted 50109-01-08-06 
CYGX1 bin 5 accepted 50110-01-48-00 
CYGX1 bin 6 accepted 60090-01-25-00 
CYGX1 bin 7 accepted 60090-01-40-03 
CYGX1 bin 9 accepted 80110-01-35-02 
CYGX1 bin 8 accepted 80110-01-18-04 
CYGX1 bin 10 accepted 92090-01-15-00 
CYGX1 bin 11 accepted 93121-01-26-03 
CYGX1 bin 12 accepted 94121-01-18-02 
CYGX1 bin 14 accepted 96121-01-16-02 
CYGX1 bin 13 accepted 95429-01-03-00 
LMCX3 bin 0 accepted 20188-02-12-00 
LMCX3 bin 1 accepted 40066-01-02-08 
LMCX3 bin 2 accepted 80103-01-06-02 
LMCX3 bin 3 accepted 80103-01-07-01 
LMCX3 bin 4 accepted 91105-03-44-00 
LMCX3 bin 5 accepted 91105-03-06-11 
LMCX3 bin 7 accepted 92095-03-83-01 
LMCX3 bin 6 accepted 92095-03-55-01 
LMCX3 bin 8 accepted 92095-03-11-10 
LMCX3 bin 9 accepted 93113-01-89-00 
LMCX3 bin 11 accepted 94113-01-71-00 
LMCX3 bin 10 accepted 93113-01-31-10 
LMCX3 bin 12 accepted 95113-01-25-00 
LMCX3 bin 13 accepted 96113-01-08-00 
LMCX3 bin 14 accepted 96113-01-39-00 
IGRJ00291+5934 bin 2 accepted 90425-01-02-07 
IGRJ00291+5934 bin 0 accepted 90052-03-01-04 
IGRJ00291+5934 bin 1 accepted 90425-01-01-09 
IGRJ00291+5934 bin 3 accepted 90425-01-02-16 
IGRJ00291+5934 bin 4 accepted 90425-01-02-09 
IGRJ00291+5934 bin 6 accepted 90425-01-02-25 
IGRJ00291+5934 bin 7 accepted 93435-01-01-00 
IGRJ00291+5934 bin 8 accepted 93435-01-03-01 
IGRJ00291+5934 bin 5 accepted 90425-01-02-120 
IGRJ00291+5934 bin 10 accepted 93013-07-09-00 
IGRJ00291+5934 bin 11 accepted 93013-07-08-02 
IGRJ00291+5934 bin 9 accepted 93013-07-05-00 
IGRJ00291+5934 bin 12 accepted 93013-07-19-02 
IGRJ00291+5934 bin 13 accepted 93435-01-29-01 
IGRJ00291+5934 bin 14 accepted 94408-01-40-00 
IGRJ17498-2921 bin 0 accepted 96435-01-02-00 
IGRJ17498-2921 bin 2 accepted 96435-01-03-03 
IGRJ17498-2921 bin 4 accepted 96435-01-03-06 
IGRJ17498-2921 bin 5 accepted 96435-01-03-08 
IGRJ17498-2921 bin 1 accepted 96435-01-03-000 
IGRJ17498-2921 bin 3 accepted 96435-01-03-010 
IGRJ17498-2921 bin 6 accepted 96435-01-04-01 
IGRJ17498-2921 bin 7 accepted 96435-01-04-03 
IGRJ17498-2921 bin 8 accepted 96435-01-04-05 
IGRJ17498-2921 bin 9 accepted 96435-01-04-06 
IGRJ17498-2921 bin 10 accepted 96435-01-05-02 
IGRJ17498-2921 bin 11 accepted 96435-01-05-04 
IGRJ17498-2921 bin 12 accepted 96435-01-05-06 
IGRJ17498-2921 bin 13 accepted 96435-01-06-05 
IGRJ17498-2921 bin 14 accepted 96435-01-07-01 
IGRJ17511-3057 bin 0 accepted 94041-01-01-02 
IGRJ17511-3057 bin 1 accepted 94041-01-01-05 
IGRJ17511-3057 bin 2 accepted 94041-01-01-14 
IGRJ17511-3057 bin 3 accepted 94041-01-02-01 
IGRJ17511-3057 bin 4 accepted 94041-01-02-04 
IGRJ17511-3057 bin 7 accepted 94041-01-02-09 
IGRJ17511-3057 bin 6 accepted 94041-01-02-20 
IGRJ17511-3057 bin 5 accepted 94041-01-02-17 
IGRJ17511-3057 bin 10 accepted 94041-01-03-06 
IGRJ17511-3057 bin 8 accepted 94041-01-03-150 
IGRJ17511-3057 bin 11 accepted 94041-01-03-09 
IGRJ17511-3057 bin 9 accepted 94041-01-03-040 
IGRJ17511-3057 bin 12 accepted 94041-01-03-12 
IGRJ17511-3057 bin 14 accepted 94041-01-04-10 
IGRJ17511-3057 bin 13 accepted 94041-01-04-01 
XTEJ0929-314 bin 1 accepted 70096-03-06-00 
XTEJ0929-314 bin 0 accepted 70096-03-05-01 
XTEJ0929-314 bin 2 accepted 70096-03-05-00 
XTEJ0929-314 bin 3 accepted 70096-03-07-01 
XTEJ0929-314 bin 4 accepted 70096-03-09-00 
XTEJ0929-314 bin 6 accepted 70096-03-10-02 
XTEJ0929-314 bin 7 accepted 70096-03-10-01 
XTEJ0929-314 bin 5 accepted 70096-03-09-02 
XTEJ0929-314 bin 8 accepted 70096-03-12-00 
XTEJ0929-314 bin 9 accepted 70096-03-12-01 
XTEJ0929-314 bin 10 accepted 70096-03-12-02 
XTEJ0929-314 bin 11 accepted 70096-03-12-05 
XTEJ0929-314 bin 13 accepted 70096-03-14-01 
XTEJ0929-314 bin 12 accepted 70096-03-13-00 
XTEJ0929-314 bin 14 accepted 70096-03-14-00 
XTEJ1751-305 bin 0 accepted 70134-03-02-00 
XTEJ1751-305 bin 2 accepted 70131-01-05-01 
XTEJ1751-305 bin 1 accepted 70131-01-03-01 
XTEJ1751-305 bin 3 accepted 70131-01-07-00 
XTEJ1751-305 bin 4 accepted 70131-01-07-01 
XTEJ1751-305 bin 5 accepted 70131-02-01-00 
XTEJ1751-305 bin 6 accepted 70131-02-03-00 
XTEJ1751-305 bin 7 accepted 70131-02-06-00 
XTEJ1751-305 bin 8 accepted 70131-02-08-00 
XTEJ1751-305 bin 9 accepted 70131-02-11-00 
XTEJ1751-305 bin 12 accepted 91050-01-02-00 
XTEJ1751-305 bin 13 accepted 92054-01-01-00 
XTEJ1751-305 bin 11 accepted 70131-02-16-00 
XTEJ1751-305 bin 10 accepted 70131-02-14-00 
XTEJ1751-305 bin 14 accepted 94042-01-02-00 
XTEJ1807-294 bin 0 accepted 70134-09-02-00 
XTEJ1807-294 bin 2 accepted 80145-01-01-05 
XTEJ1807-294 bin 3 accepted 80145-01-04-10 
XTEJ1807-294 bin 1 accepted 80145-01-02-01 
XTEJ1807-294 bin 4 accepted 80145-01-05-11 
XTEJ1807-294 bin 5 accepted 80145-01-05-04 
XTEJ1807-294 bin 7 accepted 80145-01-07-03 
XTEJ1807-294 bin 6 accepted 80145-01-06-02 
XTEJ1807-294 bin 8 accepted 80145-01-08-01 
XTEJ1807-294 bin 9 accepted 80145-01-09-01 
XTEJ1807-294 bin 10 accepted 80145-01-12-02 
XTEJ1807-294 bin 11 accepted 80145-01-15-00 
XTEJ1807-294 bin 12 accepted 80145-01-17-01 
XTEJ1807-294 bin 13 accepted 80419-01-01-00 
XTEJ1807-294 bin 14 accepted 80419-01-04-01 
4U1626-67 bin 2 accepted 20146-08-07-00 
4U1626-67 bin 3 accepted 20146-08-09-00 
4U1626-67 bin 0 accepted 10101-01-01-002 
4U1626-67 bin 5 accepted 30060-01-01-06 
4U1626-67 bin 1 accepted 10101-01-03-000 
4U1626-67 bin 4 accepted 30060-01-01-01 
4U1626-67 bin 6 accepted 93431-01-01-00 
4U1626-67 bin 8 accepted 95338-05-01-01 
4U1626-67 bin 7 accepted 94423-01-01-01 
4U1626-67 bin 9 accepted 95338-05-02-01 
4U1626-67 bin 12 accepted 95313-01-01-06 
4U1626-67 bin 13 accepted 95313-01-01-07 
4U1626-67 bin 10 accepted 95313-01-01-02 
4U1626-67 bin 11 accepted 95313-01-01-040 
4U1626-67 bin 14 accepted 95313-01-01-11 
4U1822-371 bin 1 accepted 30060-02-02-01 
4U1822-371 bin 3 accepted 50048-01-02-05 
4U1822-371 bin 0 accepted 10115-01-01-000 
4U1822-371 bin 4 accepted 50048-01-03-05 
4U1822-371 bin 2 accepted 50048-01-01-06 
4U1822-371 bin 5 accepted 50048-01-04-00 
4U1822-371 bin 6 accepted 70036-02-01-000 
4U1822-371 bin 7 accepted 70037-01-02-000 
4U1822-371 bin 8 accepted 70037-01-04-00 
4U1822-371 bin 10 accepted 70037-01-08-03 
4U1822-371 bin 11 accepted 70037-01-09-00 
4U1822-371 bin 9 accepted 70037-01-06-04 
4U1822-371 bin 12 accepted 70037-01-11-05 
4U1822-371 bin 13 accepted 96344-01-01-02 
4U1822-371 bin 14 accepted 96344-02-02-00 
GROJ1744-28 bin 0 accepted 10401-01-09-00 
GROJ1744-28 bin 1 accepted 10401-01-42-00 
GROJ1744-28 bin 3 accepted 10401-01-65-00 
GROJ1744-28 bin 5 accepted 10401-01-99-01 
GROJ1744-28 bin 2 accepted 10401-01-50-00 
GROJ1744-28 bin 4 accepted 10401-01-72-00 
GROJ1744-28 bin 6 accepted 20078-01-03-01 
GROJ1744-28 bin 7 accepted 20077-01-11-00 
GROJ1744-28 bin 9 accepted 20401-01-10-00 
GROJ1744-28 bin 8 accepted 20077-01-15-00 
GROJ1744-28 bin 10 accepted 20078-01-23-00 
GROJ1744-28 bin 11 accepted 20401-01-15-00 
GROJ1744-28 bin 12 accepted 20078-01-36-00 
GROJ1744-28 bin 13 accepted 20078-01-35-00 
GROJ1744-28 bin 14 accepted 30075-01-14-00 
HERX1 bin 1 accepted 20050-02-06-00 
HERX1 bin 3 accepted 30034-01-18-00 
HERX1 bin 2 accepted 30034-01-05-00 
HERX1 bin 0 accepted 10050-01-01-010 
HERX1 bin 4 accepted 60018-01-01-00 
HERX1 bin 6 accepted 30033-01-02-00G 
HERX1 bin 5 accepted 60018-01-03-00 
HERX1 bin 8 accepted 60017-03-01-09 
HERX1 bin 9 accepted 60017-03-02-02 
HERX1 bin 10 accepted 70010-01-02-01 
HERX1 bin 7 accepted 30033-01-03-001 
HERX1 bin 12 accepted 80014-01-02-00 
HERX1 bin 13 accepted 91053-01-01-01 
HERX1 bin 11 accepted 70011-02-02-08 
HERX1 bin 14 accepted 96308-01-01-000 
                candidates_tried  accepted  bins_empty
source_id                                             
4U1626-67                     15        15           0
4U1822-371                    15        15           0
CYGX1                         15        15           0
GROJ1744-28                   15        15           0
HERX1                         15        15           0
IGRJ00291+5934                15        15           0
IGRJ17498-2921                15        15           0
IGRJ17511-3057                15        15           0
LMCX3                         15        15           0
XTEJ0929-314                  15        15           0
XTEJ1751-305                  15        15           0
XTEJ1807-294                  15        15           0
Series([], )
