684 NICER observations; 3C50 status: {'ok': 362, 'bright (not run)': 181, 'failed (rc 255): FileNotF': 139, 'failed (rc 218): FileNotF': 2}
                                                     check    value  threshold  passed
IC1 3C50 total 2-10 keV rate / pipeline rate in [0.7, 1.3] 0.933702       0.90    True
                       IC2 background fraction f in [0, 1] 1.000000       0.95    True | ratio median 0.961
                                   check  value  threshold  passed
IC3 Z sources soft-like after correction 0.9375   0.666667    True
screened/corrected: 534 of 684 kept; state changes vs uncorrected among kept: 3
                      n  src
label state                 
BH    hard-like      62    8
      intermediate    4    3
      soft-like      49    7
NS    hard-like     140   34
      intermediate   23   16
      soft-like     256   34

[v12a]
                                                             analysis       D      p  n_obs  n_sources  n_bh        role      verdict
       v12a: corrected + screened (f <= 0.20), v10 + v11 observations -0.5138 0.0729    200         42     8     PRIMARY not detected
                                                  threshold f <= 0.10 -0.5091 0.0792    196         42     8 descriptive          NaN
                                                  threshold f <= 0.30 -0.4971 0.0856    203         42     8 descriptive          NaN
                                        screened only (no correction) -0.5229 0.0746    199         42     8 descriptive          NaN
             no screening, no correction (all v10 + v11 observations) -0.5636 0.0211    292         51     9 descriptive          NaN
                          corrected + screened, v10 observations only -0.5153 0.0363     99         32     7 descriptive          NaN
                          corrected + screened, v11 observations only -0.4723 0.2399    101         35     7 descriptive          NaN
                 3C50-failed observations included without correction -0.5709 0.0222    288         51     9 descriptive          NaN
pooled RXTE (f <= 0.20, 94 obs) + NICER (corrected, screened): mean D -0.3098 0.0294    294         55    15 descriptive          NaN

uncorrected hard-like observations with c2 > 0.7: 45 | 3C50 f (2-10 keV): {'count': 15.0, 'mean': 0.197, 'std': 0.24, 'min': 0.008, '25%': 0.045, '50%': 0.125, '75%': 0.226, 'max': 0.914} | status: {'ok': 15, 'bright (not run)': 10, "failed (rc 255): FileNotFoundError: [Errno 2] No such file or directory: 'C:\\\\Users\\\\User\\\\xrb-pilot-data\\\\nicer_bkg_spectra\\\\1105010106\\\\tot_1105010106.pi'": 1, "failed (rc 255): FileNotFoundError: [Errno 2] No such file or directory: 'C:\\\\Users\\\\User\\\\xrb-pilot-data\\\\nicer_bkg_spectra\\\\1050060102\\\\tot_1050060102.pi'": 1, "failed (rc 255): FileNotFoundError: [Errno 2] No such file or directory: 'C:\\\\Users\\\\User\\\\xrb-pilot-data\\\\nicer_bkg_spectra\\\\1050080175\\\\tot_1050080175.pi'": 1, "failed (rc 255): FileNotFoundError: [Errno 2] No such file or directory: 'C:\\\\Users\\\\User\\\\xrb-pilot-data\\\\nicer_bkg_spectra\\\\1050110105\\\\tot_1050110105.pi'": 1, "failed (rc 255): FileNotFoundError: [Errno 2] No such file or directory: 'C:\\\\Users\\\\User\\\\xrb-pilot-data\\\\nicer_bkg_spectra\\\\1050140115\\\\tot_1050140115.pi'": 1, "failed (rc 255): FileNotFoundError: [Errno 2] No such file or directory: 'C:\\\\Users\\\\User\\\\xrb-pilot-data\\\\nicer_bkg_spectra\\\\1050350150\\\\tot_1050350150.pi'": 1, "failed (rc 255): FileNotFoundError: [Errno 2] No such file or directory: 'C:\\\\Users\\\\User\\\\xrb-pilot-data\\\\nicer_bkg_spectra\\\\1050130104\\\\tot_1050130104.pi'": 1, "failed (rc 255): FileNotFoundError: [Errno 2] No such file or directory: 'C:\\\\Users\\\\User\\\\xrb-pilot-data\\\\nicer_bkg_spectra\\\\1050130111\\\\tot_1050130111.pi'": 1, "failed (rc 255): FileNotFoundError: [Errno 2] No such file or directory: 'C:\\\\Users\\\\User\\\\xrb-pilot-data\\\\nicer_bkg_spectra\\\\1050130117\\\\tot_1050130117.pi'": 1, "failed (rc 255): FileNotFoundError: [Errno 2] No such file or directory: 'C:\\\\Users\\\\User\\\\xrb-pilot-data\\\\nicer_bkg_spectra\\\\1101010103\\\\tot_1101010103.pi'": 1, "failed (rc 255): FileNotFoundError: [Errno 2] No such file or directory: 'C:\\\\Users\\\\User\\\\xrb-pilot-data\\\\nicer_bkg_spectra\\\\1200300107\\\\tot_1200300107.pi'": 1, "failed (rc 255): FileNotFoundError: [Errno 2] No such file or directory: 'C:\\\\Users\\\\User\\\\xrb-pilot-data\\\\nicer_bkg_spectra\\\\1050020136\\\\tot_1050020136.pi'": 1, "failed (rc 255): FileNotFoundError: [Errno 2] No such file or directory: 'C:\\\\Users\\\\User\\\\xrb-pilot-data\\\\nicer_bkg_spectra\\\\1050020224\\\\tot_1050020224.pi'": 1, "failed (rc 255): FileNotFoundError: [Errno 2] No such file or directory: 'C:\\\\Users\\\\User\\\\xrb-pilot-data\\\\nicer_bkg_spectra\\\\1105010105\\\\tot_1105010105.pi'": 1, "failed (rc 255): FileNotFoundError: [Errno 2] No such file or directory: 'C:\\\\Users\\\\User\\\\xrb-pilot-data\\\\nicer_bkg_spectra\\\\1050060119\\\\tot_1050060119.pi'": 1, "failed (rc 255): FileNotFoundError: [Errno 2] No such file or directory: 'C:\\\\Users\\\\User\\\\xrb-pilot-data\\\\nicer_bkg_spectra\\\\1050060121\\\\tot_1050060121.pi'": 1, "failed (rc 255): FileNotFoundError: [Errno 2] No such file or directory: 'C:\\\\Users\\\\User\\\\xrb-pilot-data\\\\nicer_bkg_spectra\\\\1050140118\\\\tot_1050140118.pi'": 1, "failed (rc 255): FileNotFoundError: [Errno 2] No such file or directory: 'C:\\\\Users\\\\User\\\\xrb-pilot-data\\\\nicer_bkg_spectra\\\\1050030101\\\\tot_1050030101.pi'": 1, "failed (rc 255): FileNotFoundError: [Errno 2] No such file or directory: 'C:\\\\Users\\\\User\\\\xrb-pilot-data\\\\nicer_bkg_spectra\\\\1034100106\\\\tot_1034100106.pi'": 1, "failed (rc 255): FileNotFoundError: [Errno 2] No such file or directory: 'C:\\\\Users\\\\User\\\\xrb-pilot-data\\\\nicer_bkg_spectra\\\\1200310105\\\\tot_1200310105.pi'": 1}

[v12b] hard-like: 202 obs, 8 BH / 34 NS sources
analysis             hard-like source level                                                 
metric                obs_balanced_accuracy              source_AUC source_balanced_accuracy
comparison                                                                                  
H_N+T_N-RF           +0.848 [+0.687,+0.956]  +0.926 [+0.827,+0.993]   +0.816 [+0.643,+0.971]
H_N+T_N-RF - H_N-RF  +0.162 [+0.073,+0.253]  +0.074 [-0.033,+0.206]   +0.173 [+0.004,+0.357]
H_N-RF               +0.686 [+0.559,+0.794]  +0.853 [+0.662,+0.985]   +0.643 [+0.474,+0.816]

PRIMARY v12a D = -0.514, p = 0.0729 -> not detected
PRIMARY v12b RF gain +0.174 [+0.071,+0.300] -> difference (CI excludes 0)
total 35 s
