456 observations, 31 sources (7 BH / 24 NS)
  A_intensity            45 features
  B_shape                45 features
  H_colours              2 features
  HI_colours_intensity   3 features
  H_plus_B               47 features
  HI_plus_A              48 features
re-using v3a_oof_predictions.csv

Reproduction of v2 OOF predictions:
      representation        model  max_abs_score_diff  n_label_changes
         A_intensity       LogReg        4.371770e-11                0
         A_intensity RandomForest        1.110223e-16                0
             B_shape       LogReg        7.783074e-10                0
             B_shape RandomForest        1.110223e-16                0
HI_colours_intensity       LogReg        3.330669e-16                0
HI_colours_intensity RandomForest        2.220446e-16                0
           H_colours       LogReg        3.330669e-16                0
           H_colours RandomForest        3.330669e-16                0

Point metrics:
      representation        model  n_obs  n_sources  BH_recall  NS_recall  obs_balanced_accuracy  obs_AUC  source_balanced_accuracy  source_AUC BH_sources_correct NS_sources_correct
         A_intensity       LogReg    456         31      0.667      0.781                  0.724    0.837                     0.866       0.946                6/7              21/24
         A_intensity RandomForest    456         31      0.324      0.889                  0.606    0.782                     0.622       0.881                2/7              23/24
             B_shape       LogReg    456         31      0.695      0.826                  0.761    0.838                     0.774       0.875                5/7              20/24
             B_shape RandomForest    456         31      0.581      0.940                  0.761    0.824                     0.857       0.893                5/7              24/24
           H_colours       LogReg    456         31      0.762      0.789                  0.776    0.852                     0.795       0.923                5/7              21/24
           H_colours RandomForest    456         31      0.610      0.900                  0.755    0.839                     0.857       0.905                5/7              24/24
HI_colours_intensity       LogReg    456         31      0.752      0.812                  0.782    0.854                     0.795       0.929                5/7              21/24
HI_colours_intensity RandomForest    456         31      0.600      0.909                  0.754    0.889                     0.836       0.946                5/7              23/24
            H_plus_B       LogReg    456         31      0.695      0.821                  0.758    0.831                     0.774       0.875                5/7              20/24
            H_plus_B RandomForest    456         31      0.590      0.946                  0.768    0.827                     0.857       0.893                5/7              24/24
           HI_plus_A       LogReg    456         31      0.676      0.778                  0.727    0.829                     0.795       0.923                5/7              21/24
           HI_plus_A RandomForest    456         31      0.562      0.880                  0.721    0.837                     0.693       0.935                3/7              23/24

Bootstrap (2000 source resamples, fixed OOF):
                        comparison        model                   metric  point  ci2_5  ci97_5  frac_first_better
                       A_intensity       LogReg    obs_balanced_accuracy  0.724  0.606   0.817                NaN
                       A_intensity       LogReg source_balanced_accuracy  0.866  0.702   0.979                NaN
                       A_intensity       LogReg               source_AUC  0.946  0.833   1.000                NaN
                       A_intensity RandomForest    obs_balanced_accuracy  0.606  0.546   0.661                NaN
                       A_intensity RandomForest source_balanced_accuracy  0.622  0.458   0.786                NaN
                       A_intensity RandomForest               source_AUC  0.881  0.738   0.988                NaN
                           B_shape       LogReg    obs_balanced_accuracy  0.761  0.592   0.903                NaN
                           B_shape       LogReg source_balanced_accuracy  0.774  0.568   0.938                NaN
                           B_shape       LogReg               source_AUC  0.875  0.690   1.000                NaN
                           B_shape RandomForest    obs_balanced_accuracy  0.761  0.621   0.877                NaN
                           B_shape RandomForest source_balanced_accuracy  0.857  0.643   1.000                NaN
                           B_shape RandomForest               source_AUC  0.893  0.732   1.000                NaN
                         H_colours       LogReg    obs_balanced_accuracy  0.776  0.633   0.893                NaN
                         H_colours       LogReg source_balanced_accuracy  0.795  0.589   0.958                NaN
                         H_colours       LogReg               source_AUC  0.923  0.804   0.994                NaN
                         H_colours RandomForest    obs_balanced_accuracy  0.755  0.606   0.882                NaN
                         H_colours RandomForest source_balanced_accuracy  0.857  0.643   1.000                NaN
                         H_colours RandomForest               source_AUC  0.905  0.750   1.000                NaN
              HI_colours_intensity       LogReg    obs_balanced_accuracy  0.782  0.673   0.881                NaN
              HI_colours_intensity       LogReg source_balanced_accuracy  0.795  0.589   0.958                NaN
              HI_colours_intensity       LogReg               source_AUC  0.929  0.810   1.000                NaN
              HI_colours_intensity RandomForest    obs_balanced_accuracy  0.754  0.609   0.874                NaN
              HI_colours_intensity RandomForest source_balanced_accuracy  0.836  0.643   1.000                NaN
              HI_colours_intensity RandomForest               source_AUC  0.946  0.839   1.000                NaN
                          H_plus_B       LogReg    obs_balanced_accuracy  0.758  0.589   0.899                NaN
                          H_plus_B       LogReg source_balanced_accuracy  0.774  0.568   0.938                NaN
                          H_plus_B       LogReg               source_AUC  0.875  0.690   1.000                NaN
                          H_plus_B RandomForest    obs_balanced_accuracy  0.768  0.625   0.895                NaN
                          H_plus_B RandomForest source_balanced_accuracy  0.857  0.643   1.000                NaN
                          H_plus_B RandomForest               source_AUC  0.893  0.732   1.000                NaN
                         HI_plus_A       LogReg    obs_balanced_accuracy  0.727  0.599   0.832                NaN
                         HI_plus_A       LogReg source_balanced_accuracy  0.795  0.589   0.958                NaN
                         HI_plus_A       LogReg               source_AUC  0.923  0.792   1.000                NaN
                         HI_plus_A RandomForest    obs_balanced_accuracy  0.721  0.615   0.811                NaN
                         HI_plus_A RandomForest source_balanced_accuracy  0.693  0.500   0.857                NaN
                         HI_plus_A RandomForest               source_AUC  0.935  0.821   1.000                NaN
              H_plus_B - H_colours       LogReg    obs_balanced_accuracy -0.018 -0.078   0.031              0.283
              H_plus_B - H_colours       LogReg source_balanced_accuracy -0.021 -0.062   0.000              0.000
              H_plus_B - H_colours       LogReg               source_AUC -0.048 -0.179   0.048              0.172
              H_plus_B - H_colours RandomForest    obs_balanced_accuracy  0.013 -0.009   0.038              0.870
              H_plus_B - H_colours RandomForest source_balanced_accuracy  0.000  0.000   0.000              0.000
              H_plus_B - H_colours RandomForest               source_AUC -0.012 -0.077   0.048              0.262
  HI_plus_A - HI_colours_intensity       LogReg    obs_balanced_accuracy -0.055 -0.100  -0.017              0.002
  HI_plus_A - HI_colours_intensity       LogReg source_balanced_accuracy  0.000  0.000   0.000              0.000
  HI_plus_A - HI_colours_intensity       LogReg               source_AUC -0.006 -0.077   0.054              0.357
  HI_plus_A - HI_colours_intensity RandomForest    obs_balanced_accuracy -0.033 -0.114   0.061              0.228
  HI_plus_A - HI_colours_intensity RandomForest source_balanced_accuracy -0.143 -0.340   0.021              0.043
  HI_plus_A - HI_colours_intensity RandomForest               source_AUC -0.012 -0.083   0.048              0.298
               B_shape - H_colours       LogReg    obs_balanced_accuracy -0.015 -0.076   0.035              0.320
               B_shape - H_colours       LogReg source_balanced_accuracy -0.021 -0.062   0.000              0.000
               B_shape - H_colours       LogReg               source_AUC -0.048 -0.179   0.048              0.172
               B_shape - H_colours RandomForest    obs_balanced_accuracy  0.006 -0.015   0.026              0.712
               B_shape - H_colours RandomForest source_balanced_accuracy  0.000  0.000   0.000              0.000
               B_shape - H_colours RandomForest               source_AUC -0.012 -0.077   0.048              0.262
             B_shape - A_intensity       LogReg    obs_balanced_accuracy  0.037 -0.092   0.137              0.744
             B_shape - A_intensity       LogReg source_balanced_accuracy -0.092 -0.268   0.021              0.068
             B_shape - A_intensity       LogReg               source_AUC -0.071 -0.238   0.024              0.127
             B_shape - A_intensity RandomForest    obs_balanced_accuracy  0.154  0.030   0.270              0.994
             B_shape - A_intensity RandomForest source_balanced_accuracy  0.235  0.042   0.429              0.986
             B_shape - A_intensity RandomForest               source_AUC  0.012 -0.149   0.161              0.550
A_intensity - HI_colours_intensity       LogReg    obs_balanced_accuracy -0.059 -0.137   0.018              0.064
A_intensity - HI_colours_intensity       LogReg source_balanced_accuracy  0.071 -0.042   0.235              0.780
A_intensity - HI_colours_intensity       LogReg               source_AUC  0.018 -0.030   0.077              0.721
A_intensity - HI_colours_intensity RandomForest    obs_balanced_accuracy -0.148 -0.254  -0.024              0.009
A_intensity - HI_colours_intensity RandomForest source_balanced_accuracy -0.214 -0.408  -0.021              0.014
A_intensity - HI_colours_intensity RandomForest               source_AUC -0.065 -0.173   0.018              0.059

Descriptive agreement:
                 pair        model  spearman_obs_scores  label_agreement
 B_shape vs H_colours       LogReg                0.911            0.877
 B_shape vs H_colours RandomForest                0.835            0.928
H_plus_B vs H_colours       LogReg                0.916            0.882
H_plus_B vs H_colours RandomForest                0.852            0.930
