confirmed: 456 obs / 31 sources; candidates: 210 obs / 14 sources

Candidate source-mean BH scores (prediction, NOT an accuracy; candidates have no verified label):
representation    A_intensity              B_shape              HI_colours_intensity              H_colours             
model                  LogReg RandomForest  LogReg RandomForest               LogReg RandomForest    LogReg RandomForest
source_id                                                                                                               
1E1740.7-2942            0.41         0.26    0.55         0.44                 0.51         0.26      0.58         0.37
4U1630-47                0.91         0.49    0.96         0.86                 0.84         0.79      0.84         0.85
4U1957+11                0.98         0.51    0.99         0.83                 0.61         0.77      0.76         0.87
GRS1758-258              0.47         0.37    0.62         0.51                 0.57         0.46      0.63         0.52
H1743-322                0.74         0.43    0.66         0.67                 0.69         0.58      0.73         0.67
IGRJ17091-3624           0.60         0.09    0.69         0.62                 0.51         0.30      0.60         0.53
MAXIJ1659-152            0.78         0.41    0.60         0.74                 0.82         0.48      0.77         0.67
SLX1746-331              0.83         0.53    0.91         0.79                 0.78         0.76      0.81         0.84
SWIFTJ1753.5-0127        0.49         0.58    0.43         0.28                 0.52         0.47      0.47         0.19
XTEJ1652-453             0.75         0.24    0.94         0.74                 0.92         0.60      0.93         0.76
XTEJ1720-318             0.82         0.52    0.89         0.81                 0.88         0.73      0.91         0.80
XTEJ1752-223             0.77         0.59    0.87         0.76                 0.78         0.84      0.71         0.84
XTEJ1817-330             0.95         0.60    0.99         0.93                 0.95         0.88      0.96         0.93
XTEJ1908+094             0.71         0.67    0.81         0.57                 0.71         0.56      0.82         0.51
  A_intensity+cand LogReg done
  A_intensity+cand RandomForest done
  B_shape+cand LogReg done
  B_shape+cand RandomForest done
  H_colours+cand LogReg done
  H_colours+cand RandomForest done
  HI_colours_intensity+cand LogReg done
  HI_colours_intensity+cand RandomForest done

           representation        model  n_obs  n_sources  BH_recall  NS_recall  obs_balanced_accuracy  obs_AUC  source_balanced_accuracy  source_AUC BH_sources_correct NS_sources_correct
              A_intensity       LogReg    456         31      0.667      0.781                  0.724    0.837                     0.866       0.946                6/7              21/24
              A_intensity RandomForest    456         31      0.324      0.889                  0.606    0.782                     0.622       0.881                2/7              23/24
                  B_shape       LogReg    456         31      0.695      0.826                  0.761    0.838                     0.774       0.875                5/7              20/24
                  B_shape RandomForest    456         31      0.581      0.940                  0.761    0.824                     0.857       0.893                5/7              24/24
                H_colours       LogReg    456         31      0.762      0.789                  0.776    0.852                     0.795       0.923                5/7              21/24
                H_colours RandomForest    456         31      0.610      0.900                  0.755    0.839                     0.857       0.905                5/7              24/24
     HI_colours_intensity       LogReg    456         31      0.752      0.812                  0.782    0.854                     0.795       0.929                5/7              21/24
     HI_colours_intensity RandomForest    456         31      0.600      0.909                  0.754    0.889                     0.836       0.946                5/7              23/24
         A_intensity+cand       LogReg    456         31      0.705      0.803                  0.754    0.868                     0.887       0.964                6/7              22/24
         A_intensity+cand RandomForest    456         31      0.676      0.758                  0.717    0.806                     0.866       0.964                6/7              21/24
             B_shape+cand       LogReg    456         31      0.752      0.840                  0.796    0.890                     0.815       0.929                5/7              22/24
             B_shape+cand RandomForest    456         31      0.743      0.855                  0.799    0.889                     0.836       0.940                5/7              23/24
           H_colours+cand       LogReg    456         31      0.743      0.809                  0.776    0.871                     0.795       0.935                5/7              21/24
           H_colours+cand RandomForest    456         31      0.771      0.789                  0.780    0.872                     0.845       0.940                6/7              20/24
HI_colours_intensity+cand       LogReg    456         31      0.771      0.812                  0.792    0.871                     0.795       0.935                5/7              21/24
HI_colours_intensity+cand RandomForest    456         31      0.848      0.818                  0.833    0.902                     0.958       0.982                7/7              22/24

                                      comparison        model                   metric  point  ci2_5  ci97_5  frac_first_better
                  A_intensity+cand - A_intensity       LogReg    obs_balanced_accuracy  0.030 -0.002   0.071              0.964
                  A_intensity+cand - A_intensity       LogReg source_balanced_accuracy  0.021  0.000   0.062              0.635
                  A_intensity+cand - A_intensity       LogReg               source_AUC  0.018  0.000   0.065              0.783
                  A_intensity+cand - A_intensity RandomForest    obs_balanced_accuracy  0.111  0.035   0.182              0.998
                  A_intensity+cand - A_intensity RandomForest source_balanced_accuracy  0.244  0.051   0.429              0.993
                  A_intensity+cand - A_intensity RandomForest               source_AUC  0.083 -0.018   0.208              0.942
                          B_shape+cand - B_shape       LogReg    obs_balanced_accuracy  0.036 -0.000   0.079              0.972
                          B_shape+cand - B_shape       LogReg source_balanced_accuracy  0.042  0.000   0.104              0.886
                          B_shape+cand - B_shape       LogReg               source_AUC  0.054  0.000   0.155              0.902
                          B_shape+cand - B_shape RandomForest    obs_balanced_accuracy  0.038 -0.009   0.101              0.928
                          B_shape+cand - B_shape RandomForest source_balanced_accuracy -0.021 -0.062   0.000              0.000
                          B_shape+cand - B_shape RandomForest               source_AUC  0.048  0.000   0.143              0.888
                      H_colours+cand - H_colours       LogReg    obs_balanced_accuracy  0.000 -0.031   0.043              0.476
                      H_colours+cand - H_colours       LogReg source_balanced_accuracy  0.000  0.000   0.000              0.000
                      H_colours+cand - H_colours       LogReg               source_AUC  0.012  0.000   0.054              0.585
                      H_colours+cand - H_colours RandomForest    obs_balanced_accuracy  0.025 -0.044   0.103              0.738
                      H_colours+cand - H_colours RandomForest source_balanced_accuracy -0.012 -0.146   0.152              0.418
                      H_colours+cand - H_colours RandomForest               source_AUC  0.036  0.000   0.125              0.657
HI_colours_intensity+cand - HI_colours_intensity       LogReg    obs_balanced_accuracy  0.010 -0.030   0.049              0.669
HI_colours_intensity+cand - HI_colours_intensity       LogReg source_balanced_accuracy  0.000  0.000   0.000              0.000
HI_colours_intensity+cand - HI_colours_intensity       LogReg               source_AUC  0.006 -0.030   0.048              0.471
HI_colours_intensity+cand - HI_colours_intensity RandomForest    obs_balanced_accuracy  0.078 -0.009   0.188              0.958
HI_colours_intensity+cand - HI_colours_intensity RandomForest source_balanced_accuracy  0.122 -0.021   0.315              0.910
HI_colours_intensity+cand - HI_colours_intensity RandomForest               source_AUC  0.036  0.000   0.119              0.826
