7949 observations; {'NS': 5580, 'BH': 2369} ; 31 sources
4U1636-53          1329
GRS1915+105        1031
GX339-4             648
4U1608-52           540
EXO0748-676         509
GROJ1655-40         433
4U1705-44           402
CYGX2               402
AQLX1               400
HETEJ1900.1-245     344
4U1728-34           276
SAXJ1808.4-3658     234
4U1702-429          201
4U1735-44           161
4U1820-30           130
GS1826-238          118
XTEJ1650-500         95
GX17+2               90
4U1724-307           77
GX3+1                75
XTEJ1814-338         73
SLX1735-269          64
XTEJ1550-564         63
4U1543-47            58
4U1746-371           43
XTEJ1118+480         41
KS1731-260           33
MXB1658-298          30
4U1254-690           24
4U1323-619           19
4U1915-05             6
[Parallel(n_jobs=16)]: Using backend LokyBackend with 16 concurrent workers.
[Parallel(n_jobs=16)]: Done   5 out of  16 | elapsed:    4.4s remaining:    9.7s
[Parallel(n_jobs=16)]: Done   9 out of  16 | elapsed:  1.4min remaining:  1.1min
[Parallel(n_jobs=16)]: Done  13 out of  16 | elapsed:  5.1min remaining:  1.2min
[Parallel(n_jobs=16)]: Done  16 out of  16 | elapsed:  5.8min finished

metric                                                             obs_balanced_accuracy              source_AUC source_balanced_accuracy
comparison                                                                                                                               
A_intensity|LogReg[balanced]                                      +0.832 [+0.746,+0.884]  +0.946 [+0.821,+1.000]   +0.908 [+0.744,+1.000]
A_intensity|LogReg[balanced] - H-LR (v2, 456 obs)                 +0.056 [-0.092,+0.209]  +0.024 [-0.083,+0.137]   +0.113 [+0.000,+0.277]
A_intensity|LogReg[srcw]                                          +0.791 [+0.700,+0.855]  +0.929 [+0.786,+1.000]   +0.866 [+0.702,+0.979]
A_intensity|LogReg[srcw] - H-LR (v2, 456 obs)                     +0.016 [-0.123,+0.159]  +0.006 [-0.095,+0.107]   +0.071 [+0.000,+0.214]
A_intensity|RandomForest[balanced]                                +0.864 [+0.788,+0.911]  +0.982 [+0.929,+1.000]   +0.929 [+0.786,+1.000]
A_intensity|RandomForest[balanced] - H-LR (v2, 456 obs)           +0.088 [-0.054,+0.238]  +0.060 [-0.006,+0.167]   +0.134 [+0.021,+0.298]
A_intensity|RandomForest[srcw]                                    +0.855 [+0.791,+0.895]  +0.976 [+0.905,+1.000]   +0.929 [+0.786,+1.000]
A_intensity|RandomForest[srcw] - H-LR (v2, 456 obs)               +0.079 [-0.064,+0.238]  +0.054 [-0.024,+0.161]   +0.134 [+0.021,+0.298]
B_shape|LogReg[balanced]                                          +0.673 [+0.505,+0.877]  +0.863 [+0.673,+1.000]   +0.836 [+0.643,+1.000]
B_shape|LogReg[balanced] - H-LR (v2, 456 obs)                     -0.103 [-0.240,+0.106]  -0.060 [-0.196,+0.042]   +0.042 [-0.042,+0.125]
B_shape|LogReg[srcw]                                              +0.690 [+0.491,+0.909]  +0.869 [+0.679,+1.000]   +0.753 [+0.548,+0.917]
B_shape|LogReg[srcw] - H-LR (v2, 456 obs)                         -0.086 [-0.245,+0.129]  -0.054 [-0.185,+0.048]   -0.042 [-0.104,+0.000]
B_shape|RandomForest[balanced]                                    +0.737 [+0.584,+0.917]  +0.911 [+0.762,+1.000]   +0.857 [+0.643,+1.000]
B_shape|RandomForest[balanced] - H-LR (v2, 456 obs)               -0.038 [-0.179,+0.157]  -0.012 [-0.119,+0.083]   +0.062 [+0.000,+0.125]
B_shape|RandomForest[srcw]                                        +0.738 [+0.589,+0.914]  +0.905 [+0.750,+1.000]   +0.857 [+0.643,+1.000]
B_shape|RandomForest[srcw] - H-LR (v2, 456 obs)                   -0.037 [-0.174,+0.154]  -0.018 [-0.131,+0.083]   +0.062 [+0.000,+0.125]
H-LR (v2, 456 obs)                                                +0.776 [+0.633,+0.893]  +0.923 [+0.804,+0.994]   +0.795 [+0.589,+0.958]
HI_colours_intensity|LogReg[balanced]                             +0.791 [+0.717,+0.867]  +0.964 [+0.875,+1.000]   +0.929 [+0.786,+1.000]
HI_colours_intensity|LogReg[balanced] - H-LR (v2, 456 obs)        +0.016 [-0.091,+0.141]  +0.042 [-0.036,+0.143]   +0.134 [+0.021,+0.298]
HI_colours_intensity|LogReg[srcw]                                 +0.795 [+0.688,+0.896]  +0.940 [+0.821,+1.000]   +0.866 [+0.702,+0.979]
HI_colours_intensity|LogReg[srcw] - H-LR (v2, 456 obs)            +0.019 [-0.070,+0.132]  +0.018 [-0.042,+0.083]   +0.071 [+0.000,+0.214]
HI_colours_intensity|RandomForest[balanced]                       +0.806 [+0.686,+0.937]  +0.958 [+0.857,+1.000]   +0.857 [+0.643,+1.000]
HI_colours_intensity|RandomForest[balanced] - H-LR (v2, 456 obs)  +0.030 [-0.087,+0.189]  +0.036 [-0.054,+0.143]   +0.062 [+0.000,+0.125]
HI_colours_intensity|RandomForest[srcw]                           +0.874 [+0.805,+0.940]  +0.952 [+0.833,+1.000]   +0.929 [+0.786,+1.000]
HI_colours_intensity|RandomForest[srcw] - H-LR (v2, 456 obs)      +0.098 [-0.003,+0.221]  +0.030 [-0.071,+0.143]   +0.134 [+0.021,+0.298]
H_colours|LogReg[balanced]                                        +0.692 [+0.579,+0.836]  +0.917 [+0.797,+1.000]   +0.744 [+0.551,+0.908]
H_colours|LogReg[balanced] - H-LR (v2, 456 obs)                   -0.084 [-0.198,+0.060]  -0.006 [-0.083,+0.071]   -0.051 [-0.214,+0.062]
H_colours|LogReg[srcw]                                            +0.766 [+0.627,+0.909]  +0.923 [+0.804,+1.000]   +0.795 [+0.589,+0.958]
H_colours|LogReg[srcw] - H-LR (v2, 456 obs)                       -0.009 [-0.114,+0.123]  +0.000 [-0.048,+0.036]   +0.000 [+0.000,+0.000]
H_colours|RandomForest[balanced]                                  +0.721 [+0.543,+0.914]  +0.923 [+0.786,+1.000]   +0.857 [+0.643,+1.000]
H_colours|RandomForest[balanced] - H-LR (v2, 456 obs)             -0.055 [-0.212,+0.155]  +0.000 [-0.095,+0.095]   +0.062 [+0.000,+0.125]
H_colours|RandomForest[srcw]                                      +0.727 [+0.555,+0.914]  +0.929 [+0.798,+1.000]   +0.857 [+0.643,+1.000]
H_colours|RandomForest[srcw] - H-LR (v2, 456 obs)                 -0.049 [-0.200,+0.155]  +0.006 [-0.083,+0.095]   +0.062 [+0.000,+0.125]

v2 observations present in v4b1: 456 of 456

[v2 observations only]
metric                                                             obs_balanced_accuracy              source_AUC source_balanced_accuracy
comparison                                                                                                                               
A_intensity|LogReg[balanced] - H-LR (v2, 456 obs)                 -0.018 [-0.117,+0.094]  +0.030 [-0.065,+0.143]   +0.113 [+0.000,+0.277]
A_intensity|LogReg[srcw] - H-LR (v2, 456 obs)                     -0.059 [-0.132,+0.027]  +0.000 [-0.089,+0.089]   +0.071 [+0.000,+0.214]
A_intensity|RandomForest[balanced] - H-LR (v2, 456 obs)           +0.017 [-0.085,+0.137]  +0.060 [-0.006,+0.173]   +0.134 [+0.021,+0.298]
A_intensity|RandomForest[srcw] - H-LR (v2, 456 obs)               +0.027 [-0.065,+0.142]  +0.054 [-0.012,+0.155]   +0.134 [+0.021,+0.298]
B_shape|LogReg[balanced] - H-LR (v2, 456 obs)                     -0.057 [-0.137,+0.021]  -0.095 [-0.262,+0.024]   -0.071 [-0.235,+0.042]
B_shape|LogReg[srcw] - H-LR (v2, 456 obs)                         -0.041 [-0.107,+0.019]  -0.054 [-0.185,+0.048]   -0.042 [-0.104,+0.000]
B_shape|RandomForest[balanced] - H-LR (v2, 456 obs)               -0.015 [-0.086,+0.062]  +0.012 [-0.077,+0.107]   +0.062 [+0.000,+0.125]
B_shape|RandomForest[srcw] - H-LR (v2, 456 obs)                   -0.008 [-0.076,+0.063]  +0.000 [-0.089,+0.089]   +0.062 [+0.000,+0.125]
HI_colours_intensity|LogReg[balanced] - H-LR (v2, 456 obs)        -0.007 [-0.074,+0.077]  +0.042 [-0.036,+0.143]   +0.134 [+0.021,+0.298]
HI_colours_intensity|LogReg[srcw] - H-LR (v2, 456 obs)            +0.016 [-0.034,+0.075]  +0.006 [-0.048,+0.060]   +0.000 [+0.000,+0.000]
HI_colours_intensity|RandomForest[balanced] - H-LR (v2, 456 obs)  +0.007 [-0.065,+0.082]  +0.042 [-0.036,+0.149]   +0.134 [+0.021,+0.298]
HI_colours_intensity|RandomForest[srcw] - H-LR (v2, 456 obs)      +0.027 [-0.054,+0.114]  +0.042 [-0.036,+0.149]   +0.134 [+0.021,+0.298]
H_colours|LogReg[balanced] - H-LR (v2, 456 obs)                   -0.072 [-0.150,-0.005]  -0.012 [-0.071,+0.036]   -0.071 [-0.214,+0.000]
H_colours|LogReg[srcw] - H-LR (v2, 456 obs)                       -0.013 [-0.026,-0.000]  +0.000 [-0.036,+0.030]   +0.000 [+0.000,+0.000]
H_colours|RandomForest[balanced] - H-LR (v2, 456 obs)             -0.032 [-0.101,+0.045]  -0.030 [-0.143,+0.060]   +0.062 [+0.000,+0.125]
H_colours|RandomForest[srcw] - H-LR (v2, 456 obs)                 -0.029 [-0.095,+0.046]  -0.012 [-0.107,+0.072]   +0.062 [+0.000,+0.125]

name                        A_intensity|LogReg[balanced]  A_intensity|LogReg[srcw]  A_intensity|RandomForest[balanced]  A_intensity|RandomForest[srcw]  B_shape|LogReg[balanced]  B_shape|LogReg[srcw]  B_shape|RandomForest[balanced]  B_shape|RandomForest[srcw]  H-LR (v2, 456 obs)  HI_colours_intensity|LogReg[balanced]  HI_colours_intensity|LogReg[srcw]  HI_colours_intensity|RandomForest[balanced]  HI_colours_intensity|RandomForest[srcw]  H_colours|LogReg[balanced]  H_colours|LogReg[srcw]  H_colours|RandomForest[balanced]  H_colours|RandomForest[srcw]
source_id       true_label                                                                                                                                                                                                                                                                                                                                                                                                                                                                                                                                                
4U1254-690      NS                                  0.12                      0.11                                0.01                            0.00                      0.03                  0.04                            0.04                        0.04                0.11                                   0.01                               0.04                                         0.00                                     0.00                        0.12                    0.08                              0.04                          0.03
4U1323-619      NS                                  0.11                      0.19                                0.15                            0.16                      0.60                  0.57                            0.17                        0.18                0.32                                   0.04                               0.19                                         0.09                                     0.11                        0.18                    0.28                              0.08                          0.07
4U1543-47       BH                                  0.86                      0.91                                0.76                            0.75                      0.95                  0.93                            0.89                        0.89                0.95                                   0.87                               0.91                                         0.87                                     0.87                        0.93                    0.94                              0.89                          0.88
4U1608-52       NS                                  0.29                      0.35                                0.08                            0.08                      0.28                  0.29                            0.09                        0.10                0.35                                   0.36                               0.42                                         0.04                                     0.05                        0.41                    0.41                              0.13                          0.15
4U1636-53       NS                                  0.12                      0.14                                0.02                            0.03                      0.03                  0.05                            0.02                        0.02                0.22                                   0.08                               0.13                                         0.01                                     0.01                        0.14                    0.14                              0.06                          0.06
4U1702-429      NS                                  0.14                      0.16                                0.01                            0.01                      0.10                  0.09                            0.04                        0.04                0.28                                   0.11                               0.16                                         0.00                                     0.00                        0.17                    0.17                              0.04                          0.04
4U1705-44       NS                                  0.09                      0.10                                0.01                            0.01                      0.14                  0.09                            0.03                        0.03                0.18                                   0.09                               0.13                                         0.01                                     0.01                        0.15                    0.14                              0.03                          0.03
4U1724-307      NS                                  0.16                      0.26                                0.01                            0.02                      0.10                  0.15                            0.01                        0.01                0.37                                   0.16                               0.31                                         0.02                                     0.02                        0.30                    0.34                              0.05                          0.06
4U1728-34       NS                                  0.31                      0.29                                0.11                            0.11                      0.12                  0.08                            0.04                        0.04                0.17                                   0.16                               0.19                                         0.04                                     0.05                        0.13                    0.15                              0.05                          0.05
4U1735-44       NS                                  0.01                      0.01                                0.00                            0.00                      0.00                  0.00                            0.00                        0.00                0.03                                   0.01                               0.02                                         0.01                                     0.00                        0.01                    0.01                              0.01                          0.01
4U1746-371      NS                                  0.05                      0.05                                0.01                            0.01                      0.00                  0.00                            0.00                        0.00                0.08                                   0.01                               0.02                                         0.00                                     0.00                        0.04                    0.04                              0.02                          0.02
4U1820-30       NS                                  0.07                      0.07                                0.01                            0.01                      0.00                  0.01                            0.01                        0.01                0.04                                   0.03                               0.04                                         0.02                                     0.02                        0.02                    0.03                              0.02                          0.02
4U1915-05       NS                                  0.12                      0.21                                0.02                            0.03                      0.06                  0.13                            0.04                        0.06                0.29                                   0.06                               0.19                                         0.03                                     0.02                        0.27                    0.28                              0.09                          0.08
AQLX1           NS                                  0.32                      0.38                                0.14                            0.15                      0.36                  0.34                            0.24                        0.25                0.41                                   0.36                               0.43                                         0.15                                     0.15                        0.48                    0.44                              0.35                          0.35
CYGX2           NS                                  0.06                      0.03                                0.17                            0.19                      0.41                  0.36                            0.40                        0.40                0.21                                   0.31                               0.23                                         0.32                                     0.33                        0.37                    0.19                              0.46                          0.45
EXO0748-676     NS                                  0.10                      0.18                                0.35                            0.33                      0.22                  0.35                            0.33                        0.31                0.28                                   0.04                               0.16                                         0.28                                     0.27                        0.16                    0.22                              0.19                          0.19
GROJ1655-40     BH                                  0.83                      0.70                                0.84                            0.77                      0.93                  0.95                            0.94                        0.94                0.82                                   0.89                               0.88                                         0.89                                     0.88                        0.92                    0.87                              0.90                          0.90
GRS1915+105     BH                                  0.74                      0.78                                0.69                            0.69                      0.15                  0.20                            0.24                        0.24                0.41                                   0.58                               0.54                                         0.50                                     0.56                        0.48                    0.47                              0.19                          0.23
GS1826-238      NS                                  0.34                      0.45                                0.10                            0.10                      0.12                  0.28                            0.03                        0.04                0.32                                   0.23                               0.34                                         0.09                                     0.08                        0.16                    0.26                              0.05                          0.05
GX17+2          NS                                  0.11                      0.07                                0.41                            0.38                      0.08                  0.03                            0.04                        0.04                0.09                                   0.17                               0.13                                         0.31                                     0.33                        0.10                    0.07                              0.03                          0.03
GX3+1           NS                                  0.02                      0.01                                0.00                            0.00                      0.17                  0.05                            0.06                        0.06                0.09                                   0.06                               0.07                                         0.01                                     0.00                        0.10                    0.06                              0.03                          0.02
GX339-4         BH                                  0.64                      0.76                                0.66                            0.64                      0.72                  0.83                            0.79                        0.79                0.81                                   0.68                               0.80                                         0.83                                     0.83                        0.63                    0.78                              0.87                          0.87
HETEJ1900.1-245 NS                                  0.36                      0.50                                0.10                            0.11                      0.47                  0.52                            0.11                        0.11                0.61                                   0.48                               0.62                                         0.04                                     0.05                        0.68                    0.67                              0.16                          0.17
KS1731-260      NS                                  0.51                      0.64                                0.08                            0.10                      0.45                  0.52                            0.10                        0.14                0.60                                   0.47                               0.60                                         0.04                                     0.06                        0.48                    0.55                              0.19                          0.21
MXB1658-298     NS                                  0.27                      0.35                                0.12                            0.11                      0.19                  0.18                            0.27                        0.26                0.29                                   0.05                               0.16                                         0.09                                     0.09                        0.33                    0.27                              0.16                          0.15
SAXJ1808.4-3658 NS                                  0.42                      0.63                                0.15                            0.17                      0.40                  0.53                            0.13                        0.13                0.72                                   0.46                               0.62                                         0.13                                     0.14                        0.72                    0.71                              0.18                          0.18
SLX1735-269     NS                                  0.28                      0.38                                0.07                            0.09                      0.32                  0.23                            0.12                        0.11                0.40                                   0.15                               0.36                                         0.02                                     0.02                        0.46                    0.46                              0.09                          0.09
XTEJ1118+480    BH                                  0.22                      0.27                                0.18                            0.19                      0.20                  0.20                            0.10                        0.09                0.41                                   0.26                               0.34                                         0.09                                     0.08                        0.36                    0.38                              0.10                          0.11
XTEJ1550-564    BH                                  0.57                      0.63                                0.76                            0.77                      0.78                  0.81                            0.72                        0.72                0.55                                   0.59                               0.64                                         0.83                                     0.83                        0.49                    0.58                              0.78                          0.79
XTEJ1650-500    BH                                  0.84                      0.88                                0.71                            0.71                      0.54                  0.82                            0.73                        0.74                0.85                                   0.81                               0.86                                         0.82                                     0.80                        0.88                    0.89                              0.71                          0.71
XTEJ1814-338    NS                                  0.14                      0.31                                0.21                            0.25                      0.30                  0.52                            0.37                        0.39                0.47                                   0.15                               0.39                                         0.42                                     0.44                        0.36                    0.47                              0.38                          0.38
