IC1 (LOSO refit = v10 OOF):
     model  max_abs_diff  passed
    H_N-LR  3.330669e-16    True
H_N+T_N-LR  1.554312e-15    True
    H_N-RF  1.249001e-16    True
H_N+T_N-RF  1.249001e-16    True
frozen rule: nu* = sqrt(median BH 0.592 x median NS 2.859) = 1.301 Hz
                                                  n  src
group                       label state                 
never-used NICER source     NS    hard-like       7    3
                                  soft-like       5    3
v9 source, new observations BH    hard-like      33    9
                                  intermediate    1    1
                                  soft-like      26    7
                            NS    hard-like     110   33
                                  intermediate   11    9
                                  soft-like     125   32
IC2: {'check': 'IC2 Cyg X-2 + GX 17+2 soft-like (new observations)', 'n': 16, 'value': 0.9375, 'passed': True}
new hard-like (v9 sources): 143 obs, 9 BH / 33 NS sources -> testable True

frozen rule on new hard-like obs:
 nu_star_Hz  obs_sensitivity  obs_specificity  source_sensitivity  source_specificity  n_BH_obs  n_NS_obs  n_BH_src  n_NS_src
      1.301            0.788            0.709                 1.0               0.545        33       110         9        33

v11a influence:
          left_out  gain
       4U 1543-475 0.045
           Cyg X-1 0.047
      GRS 1915+105 0.074
          GX 339-4 0.060
           LMC X-1 0.110
           LMC X-3 0.081
    MAXI J1820+070 0.044
  SAX J1819.3-2525 0.067
Swift J1727.8-1613 0.058

Lorentzian fits: 142 of 142; two components chosen in 0.58; median nu_L BH 0.148, NS 0.618 Hz

[v11b / v11c]
                                                                      analysis       D      p  n_sources  n_bh        role               verdict
                           new hard-like obs: colour-conditional D(log10 nu_c) -0.6628 0.0225       42.0   9.0     PRIMARY difference (p < 0.05)
     new: D(log10 nu_c) controlling colour + log count rate (brightness proxy) -0.7086 0.0182       42.0   9.0 descriptive                   NaN
v10 full: D(log10 nu_c) controlling colour + log count rate (brightness proxy) -0.4588 0.0457       39.0   7.0 descriptive                   NaN
                                                influence: without 4U 1543-475 -0.7281    NaN        NaN   NaN   influence                   NaN
                                                    influence: without Cyg X-1 -0.6921    NaN        NaN   NaN   influence                   NaN
                                               influence: without GRS 1915+105 -0.6989    NaN        NaN   NaN   influence                   NaN
                                                   influence: without GX 339-4 -0.7432    NaN        NaN   NaN   influence                   NaN
                                                    influence: without LMC X-1 -0.5118    NaN        NaN   NaN   influence                   NaN
                                                    influence: without LMC X-3 -0.5687    NaN        NaN   NaN   influence                   NaN
                                             influence: without MAXI J1820+070 -0.6725    NaN        NaN   NaN   influence                   NaN
                                           influence: without SAX J1819.3-2525 -0.6445    NaN        NaN   NaN   influence                   NaN
                                         influence: without Swift J1727.8-1613 -0.7056    NaN        NaN   NaN   influence                   NaN
 v11c new hard-like: colour-conditional D(log10 nu_L, lowest Lorentzian width) -0.6704 0.0233       42.0   9.0 descriptive                   NaN

[v11d never-used sources]
       source_id true_label     obs_id     state   nu_c  rule_BH  H_N+T_N-LR  H_N+T_N-RF  H_N-LR  H_N-RF
 IGR J17511-3057         NS 7050380101 hard-like  1.158     True       0.566       0.077   0.448   0.010
 IGR J17511-3057         NS 7512010101 hard-like  1.741    False       0.596       0.157   0.448   0.009
 IGR J17511-3057         NS 7512010102 hard-like  2.195    False       0.558       0.140   0.446   0.034
SAX J1712.6-3739         NS 1200180101 soft-like  6.638    False       0.370       0.143   0.517   0.000
SAX J1748.9-2021         NS 1050400101 hard-like  4.786    False       0.513       0.005   0.474   0.009
SAX J1748.9-2021         NS 1050400102 hard-like  3.750    False       0.513       0.000   0.464   0.030
SAX J1748.9-2021         NS 1050400103 hard-like  1.948    False       0.598       0.004   0.472   0.000
    SLX 1735-269         NS 3604020102 hard-like  4.962    False       0.584       0.051   0.544   0.560
    SLX 1735-269         NS 3604020104 soft-like  8.716    False       0.453       0.036   0.507   0.020
    SLX 1735-269         NS 3604020105 soft-like  8.971    False       0.586       0.014   0.544   0.004
     XB 1916-053         NS 1050480103 soft-like 11.219    False       0.367       0.052   0.548   0.004

metric                                                                 obs_AUC              source_AUC source_balanced_accuracy
analysis                         comparison                                                                                    
new obs hard-like | source level H_N+T_N-LR                                NaN  +0.710 [+0.444,+0.926]   +0.606 [+0.409,+0.763]
                                 H_N+T_N-LR - H_N-LR                       NaN  -0.013 [-0.212,+0.165]   -0.096 [-0.268,+0.045]
                                 H_N-LR                                    NaN  +0.724 [+0.488,+0.906]   +0.702 [+0.556,+0.818]
new obs | hard-like              H_N+T_N-LR             +0.726 [+0.446,+0.911]                     NaN                      NaN
                                 H_N+T_N-LR - H_N-LR  +0.066 [-0.095,+0.180] *                     NaN                      NaN
                                 H_N+T_N-RF             +0.912 [+0.801,+0.979]                     NaN                      NaN
                                 H_N+T_N-RF - H_N-RF    +0.247 [+0.128,+0.384]                     NaN                      NaN
                                 H_N-LR                 +0.660 [+0.425,+0.845]                     NaN                      NaN
                                 H_N-RF                 +0.665 [+0.435,+0.834]                     NaN                      NaN
new obs | intermediate           H_N+T_N-LR             +1.000 [+1.000,+1.000]                     NaN                      NaN
                                 H_N+T_N-RF             +1.000 [+1.000,+1.000]                     NaN                      NaN
                                 H_N-LR                 +0.909 [+0.750,+1.000]                     NaN                      NaN
                                 H_N-RF                 +0.909 [+0.667,+1.000]                     NaN                      NaN
new obs | soft-like              H_N+T_N-LR             +0.801 [+0.479,+0.989]                     NaN                      NaN
                                 H_N+T_N-LR - H_N-LR    -0.025 [-0.082,+0.016]                     NaN                      NaN
                                 H_N+T_N-RF             +0.899 [+0.706,+1.000]                     NaN                      NaN
                                 H_N+T_N-RF - H_N-RF    +0.002 [-0.025,+0.036]                     NaN                      NaN
                                 H_N-LR                 +0.826 [+0.478,+1.000]                     NaN                      NaN
                                 H_N-RF                 +0.896 [+0.682,+0.998]                     NaN                      NaN
PRIMARY v11a H_N+T_N-LR - H_N-LR: +0.066 [-0.095,+0.180] -> not detected
PRIMARY v11b D = -0.663, p = 0.0225 -> difference (p < 0.05)
total 103 s
