                  name label     catalog_name  eligible_epoch5  eligible_all in_v2_list in_v2_sample v4b2_new_source
0           4U 0513-40    NS       MXB0513-40            519.0         592.0      False        False            True
1         EXO 0748-676    NS      EXO0748-676            510.0         642.0       True         True             NaN
2          1M 0836-425    NS              NaN              NaN           NaN        NaN          NaN             NaN
3           4U 0919-54    NS       2S0918-549            154.0         167.0      False        False            True
4           4U 1254-69    NS       XB1254-690             44.0          44.0       True         True             NaN
5           4U 1323-62    NS       4U1323-619             19.0          31.0       True         True             NaN
6           4U 1608-52    NS        4U1608-52            540.0         628.0       True         True             NaN
7          4U 1636-536    NS        4U1636-53           1332.0        1427.0       True         True             NaN
8         MXB 1659-298    NS      MXB1658-298             30.0          72.0       True         True             NaN
9          4U 1702-429    NS       4U1702-429            201.0         218.0       True         True             NaN
10          4U 1705-44    NS        4U1705-44            402.0         464.0       True         True             NaN
11       XTE J1709-267    NS     XTEJ1709-267             31.0          37.0      False        False            True
12       XTE J1710-281    NS     XTEJ1710-281             96.0         103.0      False        False            True
13       XTE J1723-376    NS              NaN              NaN           NaN        NaN          NaN             NaN
14         4U 1724-307    NS       4U1724-307             77.0         106.0       True         True             NaN
15          4U 1728-34    NS        4U1728-34            276.0         408.0       True         True             NaN
16        MXB 1730-335    NS              NaN              NaN           NaN        NaN          NaN             NaN
17         KS 1731-260    NS       KS1731-260             33.0          73.0       True         True             NaN
18        SLX 1735-269    NS      SLX1735-269             64.0          69.0       True         True             NaN
19          4U 1735-44    NS        4U1735-44            161.0         210.0       True         True             NaN
20       XTE J1739-285    NS              NaN              NaN           NaN        NaN          NaN             NaN
21         KS 1741-293    NS              NaN              NaN           NaN        NaN          NaN             NaN
22     GRS 1741.9-2853    NS              NaN              NaN           NaN        NaN          NaN             NaN
23      2E 1742.9-2929    NS              NaN              NaN           NaN        NaN          NaN             NaN
24    SAX J1747.0-2853    NS  SAXJ1747.0-2853             34.0          40.0      False        False            True
25     IGR J17473-2721    NS              NaN              NaN           NaN        NaN          NaN             NaN
26        SLX 1744-300    NS              NaN              NaN           NaN        NaN          NaN             NaN
27              GX 3+1    NS            GX3+1             75.0         100.0       True         True             NaN
28         1A 1744-361    NS        A1744-361             42.0          42.0      False        False            True
29    SAX J1748.9-2021    NS          NGC6440             81.0          82.0      False        False            True
30        EXO 1745-248    NS      EXO1745-248             91.0          91.0      False        False            True
31          4U 1746-37    NS       4U1746-371             43.0          59.0       True         True             NaN
32    SAX J1750.8-2900    NS  SAXJ1750.8-2900             88.0          90.0      False        False            True
33        GRS 1747-312    NS      GRS1747-312             79.0         102.0      False        False            True
34       XTE J1759-220    NS     XTEJ1759-220             39.0          39.0      False        False            True
35    SAX J1808.4-3658    NS  SAXJ1808.4-3658            234.0         271.0       True         True             NaN
36       XTE J1814-338    NS     XTEJ1814-338             73.0          73.0       True         True             NaN
37             GX 17+2    NS           GX17+2             90.0         192.0       True         True             NaN
38          4U 1820-30    NS        4U1820-30            133.0         252.0       True         True             NaN
39          GS 1826-24    NS       GS1826-238            118.0         136.0       True         True             NaN
40         XB 1832-330    NS              NaN              NaN           NaN        NaN          NaN             NaN
41             Ser X-1    NS            SERX1             64.0          83.0      False        False            True
42   HETE J1900.1-2455    NS  HETEJ1900.1-245            344.0         344.0       True         True             NaN
43             Aql X-1    NS            AQLX1            400.0         518.0       True         True             NaN
44         4U 1916-053    NS        4U1915-05             11.0          52.0       True         True             NaN
45       XTE J2123-058    NS              NaN              NaN           NaN        NaN          NaN             NaN
46          4U 2129+12    NS       4U2127+119             43.0          58.0      False        False            True
47             Cyg X-2    NS            CYGX2            403.0         528.0       True         True             NaN
48  Swift J1357.2-0933    BH              NaN              NaN           NaN        NaN          NaN             NaN
49       XTE J1650-500    BH     XTEJ1650-500             95.0          95.0       True         True             NaN
50       XTE J1118+480    BH     XTEJ1118+480             41.0          59.0       True         True             NaN
51       XTE J1859+226    BH     XTEJ1859+226              0.0         112.0       True        False            True
52           V4641 Sgr    BH         V4641SGR              9.0          11.0       True        False            True
53       XTE J1550-564    BH     XTEJ1550-564             63.0         277.0       True         True             NaN
54        GRO J1655-40    BH      GROJ1655-40            440.0         511.0       True         True             NaN
55         GRS 1009-45    BH              NaN              NaN           NaN        NaN          NaN             NaN
56        GRS 1915+105    BH      GRS1915+105           1033.0        1507.0       True         True             NaN
57        GRO J0422+32    BH              NaN              NaN           NaN        NaN          NaN             NaN
58        GRS 1124-684    BH              NaN              NaN           NaN        NaN          NaN             NaN
59            V404 Cyg    BH              NaN              NaN           NaN        NaN          NaN             NaN
60         GS 2000+251    BH              NaN              NaN           NaN        NaN          NaN             NaN
61              BW Cir    BH              NaN              NaN           NaN        NaN          NaN             NaN
62          H 1705-250    BH              NaN              NaN           NaN        NaN          NaN             NaN
63           A 0620-00    BH              NaN              NaN           NaN        NaN          NaN             NaN
64            GX 339-4    BH          GX339-4            652.0         710.0       True         True             NaN
65          4U 1543-47    BH        4U1543-47             58.0          58.0       True         True             NaN

new sources: [('V4641SGR', 'BH', 11), ('XTEJ1859+226', 'BH', 112), ('2S0918-549', 'NS', 167), ('4U2127+119', 'NS', 58), ('A1744-361', 'NS', 42), ('EXO1745-248', 'NS', 91), ('GRS1747-312', 'NS', 102), ('MXB0513-40', 'NS', 592), ('NGC6440', 'NS', 82), ('SAXJ1747.0-2853', 'NS', 40), ('SAXJ1750.8-2900', 'NS', 90), ('SERX1', 'NS', 83), ('XTEJ1709-267', 'NS', 37), ('XTEJ1710-281', 'NS', 103), ('XTEJ1759-220', 'NS', 39)]
candidates: 1649 ; first-choice observations to download: 221
