Energy grid: 45 bins, 4.908-25.008 keV (reference 91702-01-66-05)
V4641SGR bin 1 accepted 40430-01-01-00 
V4641SGR bin 2 accepted 70119-01-01-00 
V4641SGR bin 0 accepted 40135-01-41-00 
V4641SGR bin 4 accepted 80054-08-01-00 
V4641SGR bin 3 accepted 70119-01-02-00 
V4641SGR bin 6 accepted 80054-08-02-00 
V4641SGR bin 5 accepted 80054-08-01-01 
V4641SGR bin 7 accepted 80054-08-02-01 
V4641SGR bin 8 accepted 91422-01-01-00 
V4641SGR bin 9 accepted 91422-01-01-01 
V4641SGR bin 10 accepted 95436-01-01-00 
XTEJ1859+226 bin 0 accepted 40124-01-09-00 
XTEJ1859+226 bin 1 accepted 40122-01-01-02 
XTEJ1859+226 bin 2 accepted 40124-01-24-00 
XTEJ1859+226 bin 3 accepted 40124-01-34-00 
XTEJ1859+226 bin 5 accepted 40124-01-40-00 
XTEJ1859+226 bin 4 accepted 40124-01-35-00 
XTEJ1859+226 bin 7 accepted 40124-01-50-00 
XTEJ1859+226 bin 8 accepted 40124-01-52-01 
XTEJ1859+226 bin 6 accepted 40124-01-46-00 
XTEJ1859+226 bin 9 accepted 40124-01-55-01 
XTEJ1859+226 bin 10 accepted 40124-01-56-01 
XTEJ1859+226 bin 12 accepted 40124-01-63-01 
XTEJ1859+226 bin 11 accepted 40124-01-58-00 
XTEJ1859+226 bin 13 accepted 40440-01-01-00 
XTEJ1859+226 bin 14 accepted 40440-01-04-00 
2S0918-549 bin 1 accepted 60036-01-02-00 
2S0918-549 bin 3 accepted 90416-01-01-07 
2S0918-549 bin 0 accepted 20071-11-01-00 
2S0918-549 bin 2 accepted 90062-02-01-01 
2S0918-549 bin 4 accepted 92409-01-02-01 
2S0918-549 bin 5 accepted 93416-01-01-00 
2S0918-549 bin 6 accepted 93416-01-13-02 
2S0918-549 bin 7 accepted 93416-01-17-02 
2S0918-549 bin 8 accepted 94406-01-16-00 
2S0918-549 bin 9 accepted 95343-01-14-00 
2S0918-549 bin 10 accepted 95343-01-19-00 
2S0918-549 bin 11 accepted 95406-01-07-00 
2S0918-549 bin 12 accepted 95406-01-15-01 
2S0918-549 bin 13 accepted 96406-01-03-00 
2S0918-549 bin 14 accepted 96406-01-11-01 
4U2127+119 bin 3 accepted 20076-01-01-00 
4U2127+119 bin 1 accepted 10077-01-01-010 
4U2127+119 bin 2 accepted 20076-01-01-001 
4U2127+119 bin 4 accepted 40041-01-01-01 
4U2127+119 bin 0 accepted 10077-01-01-000 
4U2127+119 bin 6 accepted 40041-01-01-06 
4U2127+119 bin 7 accepted 40041-01-01-12 
4U2127+119 bin 8 accepted 40041-01-01-11 
4U2127+119 bin 9 accepted 40041-01-03-04 
4U2127+119 bin 11 accepted 96408-01-01-00 
4U2127+119 bin 10 accepted 40041-01-03-06 
4U2127+119 bin 5 accepted 40041-01-01-140 
4U2127+119 bin 13 accepted 96408-01-05-00 
4U2127+119 bin 14 accepted 96408-01-05-01 
4U2127+119 bin 12 accepted 96408-01-02-00 
A1744-361 bin 0 accepted 80431-01-01-00 
A1744-361 bin 2 accepted 80431-01-03-02 
A1744-361 bin 4 accepted 93155-01-01-00 
A1744-361 bin 1 accepted 80431-01-02-00 
A1744-361 bin 3 accepted 91050-05-02-00 
A1744-361 bin 5 accepted 93155-01-02-02 
A1744-361 bin 6 accepted 93155-01-03-00 
A1744-361 bin 7 accepted 93155-01-03-03 
A1744-361 bin 8 accepted 93155-01-07-00 
A1744-361 bin 9 accepted 93155-01-07-02 
A1744-361 bin 11 accepted 95416-01-01-01 
A1744-361 bin 12 accepted 95416-01-01-04 
A1744-361 bin 10 accepted 93155-01-09-00 
A1744-361 bin 14 accepted 96437-01-01-00 
EXO1745-248 bin 0 accepted 50054-06-01-01 
A1744-361 bin 13 accepted 95416-01-02-00 
EXO1745-248 bin 1 accepted 50054-06-02-00 
EXO1745-248 bin 2 accepted 50054-06-05-00 
EXO1745-248 bin 3 accepted 50054-06-08-02 
EXO1745-248 bin 4 accepted 50054-06-11-01 
EXO1745-248 bin 5 accepted 50054-06-12-03 
EXO1745-248 bin 7 accepted 95437-01-03-01 
EXO1745-248 bin 6 accepted 50054-06-15-00 
EXO1745-248 bin 8 accepted 95437-01-05-00 
EXO1745-248 bin 11 accepted 95437-01-11-07 
EXO1745-248 bin 9 accepted 95437-01-07-01 
EXO1745-248 bin 10 accepted 95437-01-10-03 
EXO1745-248 bin 12 accepted 95437-01-12-00 
EXO1745-248 bin 13 accepted 95437-01-13-00 
EXO1745-248 bin 14 accepted 95437-01-13-05 
GRS1747-312 bin 0 accepted 40419-01-02-01 
GRS1747-312 bin 2 accepted 50034-01-02-06 
GRS1747-312 bin 3 accepted 50034-01-05-02 
GRS1747-312 bin 1 accepted 50034-01-02-02 
GRS1747-312 bin 4 accepted 50034-01-06-05 
GRS1747-312 bin 5 accepted 50034-01-08-02 
GRS1747-312 bin 7 accepted 60038-01-02-04 
GRS1747-312 bin 6 accepted 60038-01-05-01 
GRS1747-312 bin 8 accepted 60038-01-07-02 
GRS1747-312 bin 9 accepted 60038-01-08-02G 
GRS1747-312 bin 10 accepted 80045-02-05-02 
GRS1747-312 bin 11 accepted 91045-02-01-10 
GRS1747-312 bin 12 accepted 91045-02-01-32 
GRS1747-312 bin 13 accepted 93052-02-02-00 
GRS1747-312 bin 14 accepted 96052-02-01-03 
MXB0513-40 bin 0 accepted 30407-01-09-01 
MXB0513-40 bin 2 accepted 60406-01-06-09 
MXB0513-40 bin 3 accepted 60406-01-11-07 
MXB0513-40 bin 4 accepted 70403-01-03-08 
MXB0513-40 bin 1 accepted 40404-01-11-00 
MXB0513-40 bin 5 accepted 80409-01-11-01 
MXB0513-40 bin 6 accepted 80409-01-15-09 
MXB0513-40 bin 7 accepted 91402-01-03-03 
MXB0513-40 bin 8 accepted 92403-01-09-06 
MXB0513-40 bin 9 accepted 92403-01-23-04 
MXB0513-40 bin 10 accepted 93403-01-13-02 
MXB0513-40 bin 11 accepted 93403-01-32-00 
MXB0513-40 bin 12 accepted 94403-01-06-02 
MXB0513-40 bin 13 accepted 95403-01-10-05 
MXB0513-40 bin 14 accepted 96403-01-08-00 
NGC6440 bin 0 accepted 60084-02-01-01 
NGC6440 bin 3 accepted 91050-03-05-00 
NGC6440 bin 4 accepted 94315-01-06-00 
NGC6440 bin 2 accepted 60035-02-02-05 
NGC6440 bin 1 accepted 60035-02-02-00 
NGC6440 bin 5 accepted 94315-01-06-07 
NGC6440 bin 6 accepted 94315-01-06-11 
NGC6440 bin 7 accepted 94315-01-07-02 
NGC6440 bin 8 accepted 94315-01-07-04 
NGC6440 bin 9 accepted 94315-01-08-00 
NGC6440 bin 10 accepted 94315-01-08-08 
NGC6440 bin 11 accepted 94315-01-09-05 
NGC6440 bin 12 accepted 94315-01-09-09 
NGC6440 bin 14 accepted 96326-01-02-00 
NGC6440 bin 13 accepted 94315-01-12-02 
SAXJ1747.0-2853 bin 0 accepted 50138-01-02-00 
SAXJ1747.0-2853 bin 2 accepted 60117-05-01-00 
SAXJ1747.0-2853 bin 1 accepted 50036-01-02-00 
SAXJ1747.0-2853 bin 3 accepted 90058-02-03-00 
SAXJ1747.0-2853 bin 6 accepted 93064-01-01-04 
SAXJ1747.0-2853 bin 5 accepted 93044-04-01-00 
SAXJ1747.0-2853 bin 7 accepted 93064-01-01-05 
SAXJ1747.0-2853 bin 4 accepted 90058-02-06-00 
SAXJ1747.0-2853 bin 9 accepted 93044-04-06-00 
SAXJ1747.0-2853 bin 10 accepted 93044-04-07-00 
SAXJ1747.0-2853 bin 11 accepted 93044-04-04-00 
SAXJ1747.0-2853 bin 8 accepted 93064-01-01-00 
SAXJ1747.0-2853 bin 12 accepted 96422-01-01-00 
SAXJ1747.0-2853 bin 14 accepted 96422-01-02-01 
SAXJ1747.0-2853 bin 13 accepted 96422-01-01-01 
SAXJ1750.8-2900 bin 1 accepted 60035-01-02-02 
SAXJ1750.8-2900 bin 2 accepted 93044-08-01-00 
SAXJ1750.8-2900 bin 3 accepted 93044-08-08-01 
SAXJ1750.8-2900 bin 0 accepted 60084-03-01-00 
SAXJ1750.8-2900 bin 4 accepted 93432-01-02-04 
SAXJ1750.8-2900 bin 6 accepted 93432-01-05-00 
SAXJ1750.8-2900 bin 5 accepted 93432-01-03-02 
SAXJ1750.8-2900 bin 7 accepted 93432-01-06-03 
SAXJ1750.8-2900 bin 8 accepted 93432-01-06-06 
SAXJ1750.8-2900 bin 9 accepted 93432-01-08-01 
SAXJ1750.8-2900 bin 10 accepted 93432-01-10-03 
SAXJ1750.8-2900 bin 11 accepted 93432-01-11-00 
SAXJ1750.8-2900 bin 12 accepted 93432-01-13-05 
SAXJ1750.8-2900 bin 13 accepted 93432-01-14-05 
SAXJ1750.8-2900 bin 14 accepted 93432-01-17-01 
SERX1 bin 2 accepted 40025-03-01-02 
SERX1 bin 3 accepted 50027-01-01-02 
SERX1 bin 1 accepted 20072-01-03-00 
SERX1 bin 0 accepted 20064-13-02-00 
SERX1 bin 4 accepted 50027-01-01-08 
SERX1 bin 5 accepted 50029-35-01-00 
SERX1 bin 6 accepted 70014-03-02-03 
SERX1 bin 7 accepted 93056-01-01-02 
SERX1 bin 8 accepted 93056-01-01-14 
SERX1 bin 9 accepted 93056-01-02-04 
SERX1 bin 10 accepted 93056-01-02-07 
SERX1 bin 11 accepted 93056-01-03-07 
SERX1 bin 14 accepted 96321-03-15-00 
SERX1 bin 12 accepted 93056-01-05-03 
SERX1 bin 13 accepted 93056-01-06-01 
XTEJ1709-267 bin 3 accepted 60076-02-02-01 
XTEJ1709-267 bin 1 accepted 20208-01-01-02 
XTEJ1709-267 bin 2 accepted 60076-02-02-00 
XTEJ1709-267 bin 0 accepted 20405-01-01-01 
XTEJ1709-267 bin 4 accepted 60076-02-03-02 
XTEJ1709-267 bin 5 accepted 60076-02-05-01 
XTEJ1709-267 bin 6 accepted 60076-02-06-00 
XTEJ1709-267 bin 7 accepted 60076-02-08-01 
XTEJ1709-267 bin 8 accepted 60076-02-09-01 
XTEJ1709-267 bin 9 accepted 60076-02-09-02 
XTEJ1709-267 bin 11 accepted 70134-01-01-00 
XTEJ1709-267 bin 10 accepted 60076-02-10-02 
XTEJ1709-267 bin 12 accepted 70134-01-02-00 
XTEJ1709-267 bin 13 accepted 70134-01-03-00 
XTEJ1709-267 bin 14 accepted 70134-01-03-02 
XTEJ1710-281 bin 0 accepted 40407-01-02-00 
XTEJ1710-281 bin 1 accepted 60049-01-01-05 
XTEJ1710-281 bin 2 accepted 60049-01-01-01 
XTEJ1710-281 bin 3 accepted 80045-01-01-02 
XTEJ1710-281 bin 4 accepted 80045-01-03-02 
XTEJ1710-281 bin 5 accepted 91045-01-01-02 
XTEJ1710-281 bin 6 accepted 91045-01-01-14 
XTEJ1710-281 bin 7 accepted 91018-01-03-01 
XTEJ1710-281 bin 8 accepted 93052-01-01-02 
XTEJ1710-281 bin 9 accepted 91018-01-08-04 
XTEJ1710-281 bin 10 accepted 91018-01-08-05 
XTEJ1710-281 bin 11 accepted 94314-01-07-00 
XTEJ1710-281 bin 12 accepted 94314-01-11-00 
XTEJ1710-281 bin 13 accepted 96329-01-01-06 
XTEJ1759-220 bin 0 accepted 60117-02-03-00 
XTEJ1710-281 bin 14 accepted 96329-01-03-00 
XTEJ1759-220 bin 1 accepted 90058-03-01-00 
XTEJ1759-220 bin 2 accepted 90058-03-03-00 
XTEJ1759-220 bin 3 accepted 90037-01-01-02 
XTEJ1759-220 bin 5 accepted 90037-02-01-05 
XTEJ1759-220 bin 6 accepted 90037-02-01-07 
XTEJ1759-220 bin 7 accepted 90037-02-01-06 
XTEJ1759-220 bin 4 accepted 90037-02-01-01 
XTEJ1759-220 bin 9 accepted 91040-01-01-05 
XTEJ1759-220 bin 8 accepted 92036-02-02-00 
XTEJ1759-220 bin 10 accepted 91040-01-01-06 
XTEJ1759-220 bin 11 accepted 91040-01-01-07 
XTEJ1759-220 bin 12 accepted 91040-01-01-03 
XTEJ1759-220 bin 13 accepted 91040-01-01-11 
XTEJ1759-220 bin 14 accepted 91040-01-01-02 
                 candidates_tried  accepted  bins_empty
source_id                                              
2S0918-549                     15        15           0
4U2127+119                     15        15           0
A1744-361                      15        15           0
EXO1745-248                    15        15           0
GRS1747-312                    15        15           0
MXB0513-40                     15        15           0
NGC6440                        15        15           0
SAXJ1747.0-2853                15        15           0
SAXJ1750.8-2900                15        15           0
SERX1                          15        15           0
V4641SGR                       11        11           0
XTEJ1709-267                   15        15           0
XTEJ1710-281                   15        15           0
XTEJ1759-220                   15        15           0
XTEJ1859+226                   15        15           0
Series([], )
