BRIDGE CHECK (v2 456): Spearman 0.9935
     name         comparison                   metric  point  ci2_5  ci97_5  frac_first_better      verdict  spearman_obs_scores  bridge_passed
H-LR (v2)          H-LR (v2) source_balanced_accuracy  0.795  0.589   0.958                NaN          NaN                0.994           True
H-LR (v2)          H-LR (v2)               source_AUC  0.923  0.804   0.994                NaN          NaN                0.994           True
H-LR (v2)          H-LR (v2)    obs_balanced_accuracy  0.776  0.633   0.893                NaN          NaN                0.994           True
   H_R-LR             H_R-LR source_balanced_accuracy  0.795  0.589   0.958                NaN          NaN                0.994           True
   H_R-LR             H_R-LR               source_AUC  0.905  0.768   0.988                NaN          NaN                0.994           True
   H_R-LR             H_R-LR    obs_balanced_accuracy  0.756  0.611   0.878                NaN          NaN                0.994           True
   H_R-LR H_R-LR - H-LR (v2) source_balanced_accuracy  0.000  0.000   0.000              0.000 not detected                0.994           True
   H_R-LR H_R-LR - H-LR (v2)               source_AUC -0.018 -0.065   0.000              0.000 not detected                0.994           True
   H_R-LR H_R-LR - H-LR (v2)    obs_balanced_accuracy -0.019 -0.075   0.019              0.251 not detected                0.994           True
PASSED

extended sample: 677 obs, 46 sources, 9 BH
epoch                  2  3   4   5
label source_id                    
BH    4U1543-47        0  0   0  15
      GROJ1655-40      0  0   0  15
      GRS1915+105      0  0   0  15
      GX339-4          0  0   0  15
      V4641SGR         0  0   2   9
      XTEJ1118+480     0  0   0  15
      XTEJ1550-564     0  0   0  15
      XTEJ1650-500     0  0   0  15
      XTEJ1859+226     0  0  15   0
NS    2S0918-549       0  1   0  14
      4U1254-690       0  0   0  15
      4U1323-619       0  0   0  15
      4U1608-52        0  0   0  15
      4U1636-53        0  0   0  15
      4U1702-429       0  0   0  15
      4U1705-44        0  0   0  15
      4U1724-307       0  0   0  15
      4U1728-34        0  0   0  15
      4U1735-44        0  0   0  15
      4U1746-371       0  0   0  15
      4U1820-30        0  0   0  15
      4U1915-05        0  0   0   6
      4U2127+119       2  2   0  11
      A1744-361        0  0   0  15
      AQLX1            0  0   0  15
      CYGX2            0  0   0  15
      EXO0748-676      0  0   0  15
      EXO1745-248      0  0   0  15
      GRS1747-312      0  0   3  12
      GS1826-238       0  0   0  15
      GX17+2           0  0   0  15
      GX3+1            0  0   0  15
      HETEJ1900.1-245  0  0   0  15
      KS1731-260       0  0   0  15
      MXB0513-40       0  1   1  13
      MXB1658-298      0  0   0  15
      NGC6440          0  0   0  15
      SAXJ1747.0-2853  0  0   2  13
      SAXJ1750.8-2900  0  0   0  15
      SAXJ1808.4-3658  0  0   0  15
      SERX1            0  2   1  12
      SLX1735-269      0  0   0  15
      XTEJ1709-267     0  2   0  13
      XTEJ1710-281     0  1   0  14
      XTEJ1759-220     0  0   0  15
      XTEJ1814-338     0  0   0  15

metric                                                                                            obs_balanced_accuracy              source_AUC source_balanced_accuracy
sample                                                  comparison                                                                                                      
extended (46 sources)                                   H_R|LogReg                               +0.765 [+0.646,+0.874]  +0.928 [+0.832,+0.991]   +0.766 [+0.599,+0.917]
                                                        H_R|RandomForest                         +0.770 [+0.653,+0.869]  +0.934 [+0.826,+1.000]   +0.889 [+0.722,+1.000]
                                                        H_R|RandomForest - H_R|LogReg            +0.005 [-0.062,+0.078]  +0.006 [-0.042,+0.060]   +0.123 [+0.027,+0.248]
                                                        H_count_space|LogReg                     +0.792 [+0.674,+0.893]  +0.946 [+0.868,+0.997]   +0.821 [+0.668,+0.946]
                                                        H_count_space|LogReg - H_R|LogReg        +0.027 [-0.005,+0.072]  +0.018 [+0.000,+0.057]   +0.056 [+0.000,+0.167]
                                                        H_count_space|RandomForest               +0.779 [+0.665,+0.878]  +0.937 [+0.832,+1.000]   +0.889 [+0.722,+1.000]
                                                        H_count_space|RandomForest - H_R|LogReg  +0.014 [-0.051,+0.085]  +0.009 [-0.045,+0.066]   +0.123 [+0.027,+0.248]
                                                        R|LogReg                                 +0.749 [+0.643,+0.839]  +0.883 [+0.667,+1.000]   +0.862 [+0.709,+0.986]
                                                        R|LogReg - H_R|LogReg                    -0.016 [-0.103,+0.080]  -0.045 [-0.231,+0.078]   +0.096 [+0.000,+0.233]
                                                        R|RandomForest                           +0.662 [+0.590,+0.728]  +0.922 [+0.808,+0.994]   +0.709 [+0.542,+0.875]
                                                        R|RandomForest - H_R|LogReg              -0.102 [-0.181,-0.018]  -0.006 [-0.096,+0.078]   -0.057 [-0.210,+0.081]
v2 456 observations (models trained on extended sample) H-LR (v2)                                +0.776 [+0.633,+0.893]  +0.923 [+0.804,+0.994]   +0.795 [+0.589,+0.958]
                                                        H_R|LogReg                               +0.736 [+0.593,+0.860]  +0.905 [+0.768,+0.988]   +0.723 [+0.530,+0.908]
                                                        H_R|LogReg - H-LR (v2)                   -0.040 [-0.106,+0.006]  -0.018 [-0.065,+0.000]   -0.071 [-0.214,+0.000]
                                                        H_R|RandomForest                         +0.749 [+0.613,+0.871]  +0.893 [+0.726,+1.000]   +0.857 [+0.643,+1.000]
                                                        H_R|RandomForest - H-LR (v2)             -0.027 [-0.103,+0.052]  -0.030 [-0.131,+0.054]   +0.062 [+0.000,+0.125]
                                                        H_count_space|LogReg                     +0.772 [+0.625,+0.892]  +0.923 [+0.798,+0.994]   +0.795 [+0.589,+0.958]
                                                        H_count_space|LogReg - H-LR (v2)         -0.004 [-0.025,+0.016]  +0.000 [-0.030,+0.030]   +0.000 [+0.000,+0.000]
                                                        H_count_space|RandomForest               +0.752 [+0.615,+0.868]  +0.899 [+0.726,+1.000]   +0.857 [+0.643,+1.000]
                                                        H_count_space|RandomForest - H-LR (v2)   -0.024 [-0.095,+0.049]  -0.024 [-0.131,+0.060]   +0.062 [+0.000,+0.125]
                                                        R|LogReg                                 +0.709 [+0.583,+0.822]  +0.845 [+0.577,+1.000]   +0.815 [+0.622,+0.979]
                                                        R|LogReg - H-LR (v2)                     -0.066 [-0.159,+0.027]  -0.077 [-0.304,+0.060]   +0.021 [-0.042,+0.083]
                                                        R|RandomForest                           +0.623 [+0.548,+0.693]  +0.881 [+0.720,+1.000]   +0.622 [+0.458,+0.786]
                                                        R|RandomForest - H-LR (v2)               -0.152 [-0.268,-0.030]  -0.042 [-0.179,+0.083]   -0.173 [-0.387,+0.033]

score vs epoch (within class):
representation        model label  spearman_score_vs_epoch   n
           H_R       LogReg    BH                   -0.286 131
           H_R       LogReg    NS                   -0.008 546
           H_R RandomForest    BH                   -0.275 131
           H_R RandomForest    NS                   -0.006 546
 H_count_space       LogReg    BH                   -0.299 131
 H_count_space       LogReg    NS                   -0.037 546
 H_count_space RandomForest    BH                   -0.273 131
 H_count_space RandomForest    NS                    0.001 546
             R       LogReg    BH                   -0.121 131
             R       LogReg    NS                    0.008 546
             R RandomForest    BH                   -0.097 131
             R RandomForest    NS                   -0.000 546
