Energy grid: 45 bins, 4.908-25.008 keV (reference 91702-01-66-05)
GROJ1655-40 bin 0 accepted 90428-01-01-07 
GROJ1655-40 bin 1 accepted 91702-01-02-03 
GROJ1655-40 bin 2 accepted 91702-01-22-00 
GROJ1655-40 bin 3 accepted 91702-01-22-03 
GROJ1655-40 bin 4 accepted 91702-01-43-00 
GROJ1655-40 bin 5 accepted 91702-01-51-02 
GROJ1655-40 bin 6 accepted 91702-01-56-03 
GROJ1655-40 bin 7 accepted 91702-01-66-05 
GROJ1655-40 bin 8 accepted 91702-01-78-00 
GROJ1655-40 bin 9 accepted 91702-01-01-13 
GROJ1655-40 bin 10 accepted 91702-01-17-11 
GROJ1655-40 bin 11 accepted 91702-01-39-10 
GROJ1655-40 bin 12 accepted 91702-01-48-10 
GROJ1655-40 bin 13 accepted 91702-01-81-00 
GROJ1655-40 bin 14 accepted 91702-01-86-04 
GRS1915+105 bin 0 accepted 50703-01-21-00 
GRS1915+105 bin 1 accepted 50703-01-34-01 
GRS1915+105 bin 2 accepted 50703-01-63-00 
GRS1915+105 bin 3 accepted 60701-01-01-01 
GRS1915+105 bin 4 accepted 60701-01-17-01 
GRS1915+105 bin 5 accepted 50125-01-04-00 
GRS1915+105 bin 6 accepted 70702-01-21-00 
GRS1915+105 bin 7 accepted 80701-01-28-01 
GRS1915+105 bin 8 accepted 80188-01-01-00 
GRS1915+105 bin 9 accepted 90701-01-14-00 
GRS1915+105 bin 10 accepted 90701-01-31-00 
GRS1915+105 bin 11 accepted 80701-01-49-00 
GRS1915+105 bin 12 accepted 91701-01-13-00 
GRS1915+105 bin 13 accepted 92092-03-01-00 
GRS1915+105 bin 14 accepted 92702-01-28-00 
XTEJ1550-564 bin 0 accepted 50135-01-02-00 
XTEJ1550-564 bin 1 accepted 50135-01-08-00 
XTEJ1550-564 bin 2 accepted 50135-01-15-00 
XTEJ1550-564 bin 3 accepted 50135-01-19-00 
XTEJ1550-564 bin 4 accepted 50135-01-23-00 
XTEJ1550-564 bin 5 accepted 50137-02-09-00 
XTEJ1550-564 bin 6 accepted 60428-01-03-00 
XTEJ1550-564 bin 7 accepted 60428-01-05-00 
XTEJ1550-564 bin 8 accepted 60428-01-09-00 
XTEJ1550-564 bin 9 accepted 60428-01-15-00 
XTEJ1550-564 bin 10 accepted 80135-01-01-01 
XTEJ1550-564 bin 11 accepted 80135-01-02-01 
XTEJ1550-564 bin 12 accepted 80135-01-03-10 
XTEJ1550-564 bin 13 accepted 80135-01-04-02 
XTEJ1550-564 bin 14 accepted 80135-01-05-10 
4U1543-47 bin 0 accepted 70133-01-01-00 
4U1543-47 bin 1 accepted 70132-01-01-02G 
4U1543-47 bin 2 accepted 70133-01-14-00 
4U1543-47 bin 3 accepted 70132-01-02-00 
4U1543-47 bin 4 accepted 70133-01-10-00 
4U1543-47 bin 5 accepted 70133-01-19-00 
4U1543-47 bin 6 accepted 70133-01-22-00 
4U1543-47 bin 7 accepted 70133-01-24-00 
4U1543-47 bin 8 accepted 70133-01-27-01 
4U1543-47 bin 9 accepted 70133-01-28-00 
4U1543-47 bin 10 accepted 70133-01-31-01 
4U1543-47 bin 11 accepted 70128-01-01-01 
4U1543-47 bin 12 accepted 70124-02-09-00 
4U1543-47 bin 13 accepted 70124-02-10-00 
4U1543-47 bin 14 accepted 70124-02-14-00 
4U1636-53 bin 0 accepted 50030-02-02-00 
4U1636-53 bin 1 accepted 60032-01-06-02 
4U1636-53 bin 2 accepted 60032-01-10-04 
4U1636-53 bin 3 accepted 60032-05-03-01 
4U1636-53 bin 4 accepted 60032-05-21-00 
4U1636-53 bin 5 accepted 91024-01-05-00 
4U1636-53 bin 6 accepted 91024-01-58-00 
4U1636-53 bin 7 accepted 91024-01-80-00 
4U1636-53 bin 8 accepted 91024-01-33-10 
4U1636-53 bin 9 accepted 91024-01-47-10 
4U1636-53 bin 10 accepted 92023-02-11-00 
4U1636-53 bin 11 accepted 92023-01-42-00 
4U1636-53 bin 12 accepted 92023-01-75-00 
4U1636-53 bin 13 accepted 92023-01-81-00 
4U1636-53 bin 14 accepted 92023-01-17-10 
4U1608-52 bin 0 accepted 60052-02-01-00 
4U1608-52 bin 1 accepted 60052-02-04-01 
4U1608-52 bin 2 accepted 60052-03-01-00 
4U1608-52 bin 3 accepted 70058-01-16-00 
4U1608-52 bin 4 accepted 70059-01-03-01 
4U1608-52 bin 5 accepted 70059-01-11-00 
4U1608-52 bin 6 accepted 70059-01-17-01 
4U1608-52 bin 7 accepted 70059-03-02-07 
4U1608-52 bin 8 accepted 70058-01-39-00 
4U1608-52 bin 9 accepted 70059-01-28-00 
4U1608-52 bin 10 accepted 80406-01-03-02 
4U1608-52 bin 11 accepted 80406-01-07-00 
4U1608-52 bin 12 accepted 90408-01-02-08 
4U1608-52 bin 13 accepted 91405-01-16-00 
4U1608-52 bin 14 accepted 91405-01-26-00 
4U1728-34 bin 0 accepted 50023-01-23-00 
4U1728-34 bin 1 accepted 50030-03-02-000 
4U1728-34 bin 2 accepted 50030-03-06-00 
4U1728-34 bin 3 accepted 50030-03-07-00G 
4U1728-34 bin 4 accepted 70028-01-01-02 
4U1728-34 bin 5 accepted 91023-01-04-01 
4U1728-34 bin 6 accepted 92023-03-07-00 
4U1728-34 bin 7 accepted 92023-03-22-00 
4U1728-34 bin 8 accepted 92023-03-35-00 
4U1728-34 bin 9 accepted 92023-03-51-00 
4U1728-34 bin 10 accepted 92023-03-76-00 
4U1728-34 bin 11 accepted 92023-03-88-00 
4U1728-34 bin 12 accepted 92023-03-08-10 
4U1728-34 bin 13 accepted 92023-03-18-10 
4U1728-34 bin 14 accepted 92023-03-26-10 
AQLX1 bin 0 accepted 50049-01-05-00 
AQLX1 bin 1 accepted 50049-02-06-01 
AQLX1 bin 2 accepted 50049-02-15-00 
AQLX1 bin 3 accepted 60054-02-01-04 
AQLX1 bin 4 accepted 60054-02-03-04 
AQLX1 bin 5 accepted 60429-01-02-00 
AQLX1 bin 6 accepted 70069-03-04-01 
AQLX1 bin 7 accepted 80403-01-01-00G 
AQLX1 bin 8 accepted 90017-01-03-01 
AQLX1 bin 9 accepted 90017-11-01-00 
AQLX1 bin 10 accepted 91028-01-01-00 
AQLX1 bin 11 accepted 91028-01-16-00 
AQLX1 bin 12 accepted 91414-01-07-03 
AQLX1 bin 13 accepted 91414-01-09-04 
AQLX1 bin 14 accepted 92034-01-02-00 
              candidates_tried  accepted  bins_empty
source_id                                           
4U1543-47                   15        15           0
4U1608-52                   15        15           0
4U1636-53                   15        15           0
4U1728-34                   15        15           0
AQLX1                       15        15           0
GROJ1655-40                 15        15           0
GRS1915+105                 15        15           0
XTEJ1550-564                15        15           0
Series([], )
