# Step 3 data checks (auto-generated by scripts/06_dataset_checks.py)

- [PASS] unique ObsIDs among accepted 
- [PASS] ObsID not shared by two sources (all candidates) 
- [PASS] labels match source table 
- [PASS] y matches label 
- [PASS] g matches source_id 
- [PASS] all feature values finite 
- [PASS] all errors > 0 
- [PASS] spectrum units = count for all files {'count'}
- [PASS] source class TOTAL/COUNT, background TOTAL/COUNT 
- [PASS] BACKSCAL ratio == 1 
- [PASS] src and bkg exposure equal 
- [PASS] pointing header within tolerance max sep 0.0449 deg
- [PASS] all observations in epoch-5 window 
- [PASS] F_5_25 > 0 for shape normalisation min F = 3.15 c/s/PCU
- OBJECT header values per source: 4U1543-47: ['4U1543-47']; 4U1608-52: ['4U1608-52', '4U_1608-52']; 4U1636-53: ['4U_1636-53', '4U_1636-536']; 4U1728-34: ['4U_1728-34']; AQLX1: ['AQL_X-1']; GROJ1655-40: ['GRO_J1655-40']; GRS1915+105: ['GRS1915+105', 'GRS_1915+105']; XTEJ1550-564: ['XTE_1550-564', 'XTE_J1550-564']
- Gain drift vs reference EBOUNDS: max 0.849 channel (median 0.174)
- Non-positive net bins: 7 of 5400 (3 observations); kept as-is (no abs/clip/drop); A uses asinh which is defined for negative values.
  - affected: 91702-01-22-00 (4 bins, >= 21.6 keV), 91702-01-22-03 (2 bins, >= 22.4 keV), 80701-01-49-00 (1 bins, >= 24.2 keV)
- Response variation (fixed Gamma=2 power law folded through each obs response, per PCU, per grid bin): median over bins of the across-obs std = 3.68%, max bin 5.67%, max single deviation 11.14%
- Deadtime (good-xenon lower bound) DTF: median 0.0031, max 0.0599

## Sample counts per source
