2000 source-level bootstrap replicates; 4 BH + 4 NS objects
           representation        model                             metric  point  ci2_5  ci97_5  frac_first_better
              A_intensity       LogReg           source_balanced_accuracy  0.750  0.500   1.000                NaN
              A_intensity       LogReg per_source_accuracy_class_balanced  0.700  0.558   0.833                NaN
              A_intensity       LogReg      observation_balanced_accuracy  0.700  0.558   0.833                NaN
              A_intensity RandomForest           source_balanced_accuracy  0.875  0.625   1.000                NaN
              A_intensity RandomForest per_source_accuracy_class_balanced  0.692  0.542   0.850                NaN
              A_intensity RandomForest      observation_balanced_accuracy  0.692  0.542   0.850                NaN
                  B_shape       LogReg           source_balanced_accuracy  0.750  0.375   1.000                NaN
                  B_shape       LogReg per_source_accuracy_class_balanced  0.758  0.542   0.933                NaN
                  B_shape       LogReg      observation_balanced_accuracy  0.758  0.542   0.933                NaN
                  B_shape RandomForest           source_balanced_accuracy  0.750  0.375   1.000                NaN
                  B_shape RandomForest per_source_accuracy_class_balanced  0.742  0.517   0.925                NaN
                  B_shape RandomForest      observation_balanced_accuracy  0.742  0.517   0.925                NaN
B_shape_minus_A_intensity       LogReg           source_balanced_accuracy  0.000 -0.250   0.250              0.339
B_shape_minus_A_intensity       LogReg per_source_accuracy_class_balanced  0.058 -0.158   0.217              0.723
B_shape_minus_A_intensity       LogReg      observation_balanced_accuracy  0.058 -0.158   0.217              0.716
B_shape_minus_A_intensity RandomForest           source_balanced_accuracy -0.125 -0.500   0.250              0.180
B_shape_minus_A_intensity RandomForest per_source_accuracy_class_balanced  0.050 -0.250   0.283              0.652
B_shape_minus_A_intensity RandomForest      observation_balanced_accuracy  0.050 -0.250   0.283              0.654
