Collecting pandas==2.3.3
  Using cached pandas-2.3.3-cp312-cp312-win_amd64.whl.metadata (19 kB)
Requirement already satisfied: scipy==1.17.1 in c:\users\user\venvs\xrb-pilot\lib\site-packages (1.17.1)
Collecting matplotlib==3.10.9
  Using cached matplotlib-3.10.9-cp312-cp312-win_amd64.whl.metadata (52 kB)
Collecting scikit-learn==1.8.0
  Using cached scikit_learn-1.8.0-cp312-cp312-win_amd64.whl.metadata (11 kB)
Collecting astropy==7.2.0
  Using cached astropy-7.2.0-cp311-abi3-win_amd64.whl.metadata (11 kB)
Collecting requests==2.33.1
  Using cached requests-2.33.1-py3-none-any.whl.metadata (4.8 kB)
Collecting beautifulsoup4==4.14.3
  Using cached beautifulsoup4-4.14.3-py3-none-any.whl.metadata (3.8 kB)
Requirement already satisfied: numpy>=1.26.0 in c:\users\user\venvs\xrb-pilot\lib\site-packages (from pandas==2.3.3) (2.4.4)
Collecting python-dateutil>=2.8.2 (from pandas==2.3.3)
  Using cached python_dateutil-2.9.0.post0-py2.py3-none-any.whl.metadata (8.4 kB)
Requirement already satisfied: pytz>=2020.1 in c:\users\user\venvs\xrb-pilot\lib\site-packages (from pandas==2.3.3) (2026.3.post1)
Requirement already satisfied: tzdata>=2022.7 in c:\users\user\venvs\xrb-pilot\lib\site-packages (from pandas==2.3.3) (2026.4)
Collecting contourpy>=1.0.1 (from matplotlib==3.10.9)
  Using cached contourpy-1.4.0-cp312-cp312-win_amd64.whl.metadata (3.8 kB)
Requirement already satisfied: cycler>=0.10 in c:\users\user\venvs\xrb-pilot\lib\site-packages (from matplotlib==3.10.9) (0.12.1)
Requirement already satisfied: fonttools>=4.22.0 in c:\users\user\venvs\xrb-pilot\lib\site-packages (from matplotlib==3.10.9) (4.65.0)
Requirement already satisfied: kiwisolver>=1.3.1 in c:\users\user\venvs\xrb-pilot\lib\site-packages (from matplotlib==3.10.9) (1.5.1)
Requirement already satisfied: packaging>=20.0 in c:\users\user\venvs\xrb-pilot\lib\site-packages (from matplotlib==3.10.9) (26.3)
Requirement already satisfied: pillow>=8 in c:\users\user\venvs\xrb-pilot\lib\site-packages (from matplotlib==3.10.9) (12.3.0)
Requirement already satisfied: pyparsing>=3 in c:\users\user\venvs\xrb-pilot\lib\site-packages (from matplotlib==3.10.9) (3.3.3)
Collecting joblib>=1.3.0 (from scikit-learn==1.8.0)
  Using cached joblib-1.6.0-py3-none-any.whl.metadata (6.5 kB)
Requirement already satisfied: threadpoolctl>=3.2.0 in c:\users\user\venvs\xrb-pilot\lib\site-packages (from scikit-learn==1.8.0) (3.7.0)
Collecting pyerfa>=2.0.1.1 (from astropy==7.2.0)
  Using cached pyerfa-2.0.1.5-cp39-abi3-win_amd64.whl.metadata (5.9 kB)
Requirement already satisfied: astropy-iers-data>=0.2025.10.27.0.39.10 in c:\users\user\venvs\xrb-pilot\lib\site-packages (from astropy==7.2.0) (0.2026.9.21.0.56.25)
Requirement already satisfied: PyYAML>=6.0.0 in c:\users\user\venvs\xrb-pilot\lib\site-packages (from astropy==7.2.0) (6.0.3)
Requirement already satisfied: charset_normalizer<4,>=2 in c:\users\user\venvs\xrb-pilot\lib\site-packages (from requests==2.33.1) (3.5.1)
Requirement already satisfied: idna<4,>=2.5 in c:\users\user\venvs\xrb-pilot\lib\site-packages (from requests==2.33.1) (3.20)
Requirement already satisfied: urllib3<3,>=1.26 in c:\users\user\venvs\xrb-pilot\lib\site-packages (from requests==2.33.1) (2.8.0)
Requirement already satisfied: certifi>=2023.5.7 in c:\users\user\venvs\xrb-pilot\lib\site-packages (from requests==2.33.1) (2026.7.22)
Requirement already satisfied: soupsieve>=1.6.1 in c:\users\user\venvs\xrb-pilot\lib\site-packages (from beautifulsoup4==4.14.3) (2.9.2)
Requirement already satisfied: typing-extensions>=4.0.0 in c:\users\user\venvs\xrb-pilot\lib\site-packages (from beautifulsoup4==4.14.3) (4.16.0)
Requirement already satisfied: cloudpickle>=3.0 in c:\users\user\venvs\xrb-pilot\lib\site-packages (from joblib>=1.3.0->scikit-learn==1.8.0) (3.1.2)
Requirement already satisfied: six>=1.5 in c:\users\user\venvs\xrb-pilot\lib\site-packages (from python-dateutil>=2.8.2->pandas==2.3.3) (1.17.0)
Using cached pandas-2.3.3-cp312-cp312-win_amd64.whl (11.0 MB)
Using cached matplotlib-3.10.9-cp312-cp312-win_amd64.whl (8.2 MB)
Using cached scikit_learn-1.8.0-cp312-cp312-win_amd64.whl (8.0 MB)
Using cached astropy-7.2.0-cp311-abi3-win_amd64.whl (6.4 MB)
Using cached requests-2.33.1-py3-none-any.whl (64 kB)
Using cached beautifulsoup4-4.14.3-py3-none-any.whl (107 kB)
Using cached contourpy-1.4.0-cp312-cp312-win_amd64.whl (234 kB)
Using cached joblib-1.6.0-py3-none-any.whl (306 kB)
Using cached pyerfa-2.0.1.5-cp39-abi3-win_amd64.whl (349 kB)
Using cached python_dateutil-2.9.0.post0-py2.py3-none-any.whl (229 kB)
Installing collected packages: requests, python-dateutil, pyerfa, joblib, contourpy, beautifulsoup4, scikit-learn, pandas, matplotlib, astropy
Successfully installed astropy-7.2.0 beautifulsoup4-4.14.3 contourpy-1.4.0 joblib-1.6.0 matplotlib-3.10.9 pandas-2.3.3 pyerfa-2.0.1.5 python-dateutil-2.9.0.post0 requests-2.33.1 scikit-learn-1.8.0

[notice] A new release of pip is available: 25.0.1 -> 26.2.1
[notice] To update, run: C:\Users\User\venvs\xrb-pilot\Scripts\python.exe -m pip install --upgrade pip
