Collecting numpy==2.4.4
  Using cached numpy-2.4.4-cp312-cp312-win_amd64.whl.metadata (6.6 kB)
Collecting pandas==2.3.3
  Using cached pandas-2.3.3-cp312-cp312-win_amd64.whl.metadata (19 kB)
Collecting scipy==1.17.1
  Using cached scipy-1.17.1-cp312-cp312-win_amd64.whl.metadata (60 kB)
Collecting matplotlib==3.10.9
  Using cached matplotlib-3.10.9-cp312-cp312-win_amd64.whl.metadata (52 kB)
Collecting scikit-learn==1.8.0
  Using cached scikit_learn-1.8.0-cp312-cp312-win_amd64.whl.metadata (11 kB)
Collecting astropy==7.2.0
  Using cached astropy-7.2.0-cp311-abi3-win_amd64.whl.metadata (11 kB)
Collecting requests
  Using cached requests-2.34.2-py3-none-any.whl.metadata (4.8 kB)
Collecting beautifulsoup4
  Downloading beautifulsoup4-4.15.0-py3-none-any.whl.metadata (3.8 kB)
Collecting python-dateutil>=2.8.2 (from pandas==2.3.3)
  Using cached python_dateutil-2.9.0.post0-py2.py3-none-any.whl.metadata (8.4 kB)
Collecting pytz>=2020.1 (from pandas==2.3.3)
  Downloading pytz-2026.3.post1-py2.py3-none-any.whl.metadata (22 kB)
Collecting tzdata>=2022.7 (from pandas==2.3.3)
  Downloading tzdata-2026.4-py2.py3-none-any.whl.metadata (1.4 kB)
Collecting contourpy>=1.0.1 (from matplotlib==3.10.9)
  Downloading contourpy-1.4.0-cp312-cp312-win_amd64.whl.metadata (3.8 kB)
Collecting cycler>=0.10 (from matplotlib==3.10.9)
  Using cached cycler-0.12.1-py3-none-any.whl.metadata (3.8 kB)
Collecting fonttools>=4.22.0 (from matplotlib==3.10.9)
  Downloading fonttools-4.65.0-cp312-cp312-win_amd64.whl.metadata (127 kB)
Collecting kiwisolver>=1.3.1 (from matplotlib==3.10.9)
  Downloading kiwisolver-1.5.1-cp312-cp312-win_amd64.whl.metadata (5.2 kB)
Collecting packaging>=20.0 (from matplotlib==3.10.9)
  Downloading packaging-26.3-py3-none-any.whl.metadata (3.5 kB)
Collecting pillow>=8 (from matplotlib==3.10.9)
  Downloading pillow-12.3.0-cp312-cp312-win_amd64.whl.metadata (9.3 kB)
Collecting pyparsing>=3 (from matplotlib==3.10.9)
  Downloading pyparsing-3.3.3-py3-none-any.whl.metadata (5.9 kB)
Collecting joblib>=1.3.0 (from scikit-learn==1.8.0)
  Downloading joblib-1.6.0-py3-none-any.whl.metadata (6.5 kB)
Collecting threadpoolctl>=3.2.0 (from scikit-learn==1.8.0)
  Downloading threadpoolctl-3.7.0-py3-none-any.whl.metadata (24 kB)
Collecting pyerfa>=2.0.1.1 (from astropy==7.2.0)
  Using cached pyerfa-2.0.1.5-cp39-abi3-win_amd64.whl.metadata (5.9 kB)
Collecting astropy-iers-data>=0.2025.10.27.0.39.10 (from astropy==7.2.0)
  Downloading astropy_iers_data-0.2026.9.21.0.56.25-py3-none-any.whl.metadata (3.4 kB)
Collecting PyYAML>=6.0.0 (from astropy==7.2.0)
  Using cached pyyaml-6.0.3-cp312-cp312-win_amd64.whl.metadata (2.4 kB)
Collecting charset_normalizer<4,>=2 (from requests)
  Downloading charset_normalizer-3.5.1-cp312-cp312-win_amd64.whl.metadata (46 kB)
Collecting idna<4,>=2.5 (from requests)
  Downloading idna-3.20-py3-none-any.whl.metadata (7.2 kB)
Collecting urllib3<3,>=1.26 (from requests)
  Downloading urllib3-2.8.0-py3-none-any.whl.metadata (7.4 kB)
Collecting certifi>=2023.5.7 (from requests)
  Downloading certifi-2026.7.22-py3-none-any.whl.metadata (2.5 kB)
Collecting soupsieve>=1.6.1 (from beautifulsoup4)
  Downloading soupsieve-2.9.2-py3-none-any.whl.metadata (4.6 kB)
Collecting typing-extensions>=4.0.0 (from beautifulsoup4)
  Downloading typing_extensions-4.16.0-py3-none-any.whl.metadata (3.3 kB)
Collecting cloudpickle>=3.0 (from joblib>=1.3.0->scikit-learn==1.8.0)
  Downloading cloudpickle-3.1.2-py3-none-any.whl.metadata (7.1 kB)
Collecting six>=1.5 (from python-dateutil>=2.8.2->pandas==2.3.3)
  Using cached six-1.17.0-py2.py3-none-any.whl.metadata (1.7 kB)
Using cached numpy-2.4.4-cp312-cp312-win_amd64.whl (12.3 MB)
Using cached pandas-2.3.3-cp312-cp312-win_amd64.whl (11.0 MB)
Using cached scipy-1.17.1-cp312-cp312-win_amd64.whl (36.5 MB)
Using cached matplotlib-3.10.9-cp312-cp312-win_amd64.whl (8.2 MB)
Using cached scikit_learn-1.8.0-cp312-cp312-win_amd64.whl (8.0 MB)
Using cached astropy-7.2.0-cp311-abi3-win_amd64.whl (6.4 MB)
Using cached requests-2.34.2-py3-none-any.whl (73 kB)
Downloading beautifulsoup4-4.15.0-py3-none-any.whl (109 kB)
Downloading astropy_iers_data-0.2026.9.21.0.56.25-py3-none-any.whl (2.0 MB)
   ---------------------------------------- 2.0/2.0 MB 11.2 MB/s eta 0:00:00
Downloading certifi-2026.7.22-py3-none-any.whl (136 kB)
Downloading charset_normalizer-3.5.1-cp312-cp312-win_amd64.whl (200 kB)
Downloading contourpy-1.4.0-cp312-cp312-win_amd64.whl (234 kB)
Using cached cycler-0.12.1-py3-none-any.whl (8.3 kB)
Downloading fonttools-4.65.0-cp312-cp312-win_amd64.whl (2.5 MB)
   ---------------------------------------- 2.5/2.5 MB 17.8 MB/s eta 0:00:00
Downloading idna-3.20-py3-none-any.whl (69 kB)
Downloading joblib-1.6.0-py3-none-any.whl (306 kB)
Downloading kiwisolver-1.5.1-cp312-cp312-win_amd64.whl (70 kB)
Downloading packaging-26.3-py3-none-any.whl (129 kB)
Downloading pillow-12.3.0-cp312-cp312-win_amd64.whl (7.2 MB)
   ---------------------------------------- 7.2/7.2 MB 26.2 MB/s eta 0:00:00
Using cached pyerfa-2.0.1.5-cp39-abi3-win_amd64.whl (349 kB)
Downloading pyparsing-3.3.3-py3-none-any.whl (126 kB)
Using cached python_dateutil-2.9.0.post0-py2.py3-none-any.whl (229 kB)
Downloading pytz-2026.3.post1-py2.py3-none-any.whl (508 kB)
Using cached pyyaml-6.0.3-cp312-cp312-win_amd64.whl (154 kB)
Downloading soupsieve-2.9.2-py3-none-any.whl (37 kB)
Downloading threadpoolctl-3.7.0-py3-none-any.whl (26 kB)
Downloading typing_extensions-4.16.0-py3-none-any.whl (45 kB)
Downloading tzdata-2026.4-py2.py3-none-any.whl (347 kB)
Downloading urllib3-2.8.0-py3-none-any.whl (135 kB)
Downloading cloudpickle-3.1.2-py3-none-any.whl (22 kB)
Using cached six-1.17.0-py2.py3-none-any.whl (11 kB)
Installing collected packages: pytz, urllib3, tzdata, typing-extensions, threadpoolctl, soupsieve, six, PyYAML, pyparsing, pillow, packaging, numpy, kiwisolver, idna, fonttools, cycler, cloudpickle, charset_normalizer, certifi, astropy-iers-data, scipy, requests, python-dateutil, pyerfa, joblib, contourpy, beautifulsoup4, scikit-learn, pandas, matplotlib, astropy
