Requirement already satisfied: numpy in c:\users\user\venvs\xrb-pilot\lib\site-packages (2.4.4)
Collecting pandas
  Downloading pandas-3.0.6-cp312-cp312-win_amd64.whl.metadata (19 kB)
Requirement already satisfied: scipy in c:\users\user\venvs\xrb-pilot\lib\site-packages (1.17.1)
Collecting matplotlib
  Downloading matplotlib-3.11.2-cp312-cp312-win_amd64.whl.metadata (80 kB)
Collecting scikit-learn
  Downloading scikit_learn-1.9.1-cp312-cp312-win_amd64.whl.metadata (9.3 kB)
Collecting astropy
  Downloading astropy-8.0.1-cp311-abi3-win_amd64.whl.metadata (11 kB)
Collecting requests
  Using cached requests-2.34.2-py3-none-any.whl.metadata (4.8 kB)
Collecting beautifulsoup4
  Using cached beautifulsoup4-4.15.0-py3-none-any.whl.metadata (3.8 kB)
Collecting python-dateutil>=2.8.2 (from pandas)
  Using cached python_dateutil-2.9.0.post0-py2.py3-none-any.whl.metadata (8.4 kB)
Requirement already satisfied: tzdata in c:\users\user\venvs\xrb-pilot\lib\site-packages (from pandas) (2026.4)
Collecting contourpy>=1.0.1 (from matplotlib)
  Using cached contourpy-1.4.0-cp312-cp312-win_amd64.whl.metadata (3.8 kB)
Requirement already satisfied: cycler>=0.10 in c:\users\user\venvs\xrb-pilot\lib\site-packages (from matplotlib) (0.12.1)
Requirement already satisfied: fonttools>=4.28.2 in c:\users\user\venvs\xrb-pilot\lib\site-packages (from matplotlib) (4.65.0)
Requirement already satisfied: kiwisolver>=1.3.1 in c:\users\user\venvs\xrb-pilot\lib\site-packages (from matplotlib) (1.5.1)
Requirement already satisfied: packaging>=20.0 in c:\users\user\venvs\xrb-pilot\lib\site-packages (from matplotlib) (26.3)
Requirement already satisfied: pillow>=9 in c:\users\user\venvs\xrb-pilot\lib\site-packages (from matplotlib) (12.3.0)
Requirement already satisfied: pyparsing>=3 in c:\users\user\venvs\xrb-pilot\lib\site-packages (from matplotlib) (3.3.3)
Collecting joblib>=1.4.0 (from scikit-learn)
  Using cached joblib-1.6.0-py3-none-any.whl.metadata (6.5 kB)
Collecting narwhals>=2.0.1 (from scikit-learn)
  Downloading narwhals-2.26.0-py3-none-any.whl.metadata (15 kB)
Requirement already satisfied: threadpoolctl>=3.5.0 in c:\users\user\venvs\xrb-pilot\lib\site-packages (from scikit-learn) (3.7.0)
Requirement already satisfied: astropy-iers-data>=0.2026.6.22.1.23.34 in c:\users\user\venvs\xrb-pilot\lib\site-packages (from astropy) (0.2026.9.21.0.56.25)
Collecting pyerfa>=2.0.1.3 (from astropy)
  Using cached pyerfa-2.0.1.5-cp39-abi3-win_amd64.whl.metadata (5.9 kB)
Requirement already satisfied: PyYAML>=6.0.0 in c:\users\user\venvs\xrb-pilot\lib\site-packages (from astropy) (6.0.3)
Requirement already satisfied: charset_normalizer<4,>=2 in c:\users\user\venvs\xrb-pilot\lib\site-packages (from requests) (3.5.1)
Requirement already satisfied: idna<4,>=2.5 in c:\users\user\venvs\xrb-pilot\lib\site-packages (from requests) (3.20)
Requirement already satisfied: urllib3<3,>=1.26 in c:\users\user\venvs\xrb-pilot\lib\site-packages (from requests) (2.8.0)
Requirement already satisfied: certifi>=2023.5.7 in c:\users\user\venvs\xrb-pilot\lib\site-packages (from requests) (2026.7.22)
Requirement already satisfied: soupsieve>=1.6.1 in c:\users\user\venvs\xrb-pilot\lib\site-packages (from beautifulsoup4) (2.9.2)
Requirement already satisfied: typing-extensions>=4.0.0 in c:\users\user\venvs\xrb-pilot\lib\site-packages (from beautifulsoup4) (4.16.0)
Requirement already satisfied: cloudpickle>=3.0 in c:\users\user\venvs\xrb-pilot\lib\site-packages (from joblib>=1.4.0->scikit-learn) (3.1.2)
Requirement already satisfied: six>=1.5 in c:\users\user\venvs\xrb-pilot\lib\site-packages (from python-dateutil>=2.8.2->pandas) (1.17.0)
Downloading pandas-3.0.6-cp312-cp312-win_amd64.whl (9.7 MB)
   ---------------------------------        8.1/9.7 MB 242.9 kB/s eta 0:00:07

[notice] A new release of pip is available: 25.0.1 -> 26.2.1
[notice] To update, run: C:\Users\User\venvs\xrb-pilot\Scripts\python.exe -m pip install --upgrade pip
ERROR: Exception:
Traceback (most recent call last):
  File "C:\Users\User\venvs\xrb-pilot\Lib\site-packages\pip\_vendor\urllib3\response.py", line 438, in _error_catcher
    yield
  File "C:\Users\User\venvs\xrb-pilot\Lib\site-packages\pip\_vendor\urllib3\response.py", line 561, in read
    data = self._fp_read(amt) if not fp_closed else b""
           ^^^^^^^^^^^^^^^^^^
  File "C:\Users\User\venvs\xrb-pilot\Lib\site-packages\pip\_vendor\urllib3\response.py", line 527, in _fp_read
    return self._fp.read(amt) if amt is not None else self._fp.read()
           ^^^^^^^^^^^^^^^^^^
  File "C:\Users\User\venvs\xrb-pilot\Lib\site-packages\pip\_vendor\cachecontrol\filewrapper.py", line 98, in read
    data: bytes = self.__fp.read(amt)
                  ^^^^^^^^^^^^^^^^^^^
  File "C:\Users\User\AppData\Local\Programs\Python\Python312\Lib\http\client.py", line 479, in read
    s = self.fp.read(amt)
        ^^^^^^^^^^^^^^^^^
  File "C:\Users\User\AppData\Local\Programs\Python\Python312\Lib\socket.py", line 720, in readinto
    return self._sock.recv_into(b)
           ^^^^^^^^^^^^^^^^^^^^^^^
  File "C:\Users\User\AppData\Local\Programs\Python\Python312\Lib\ssl.py", line 1251, in recv_into
    return self.read(nbytes, buffer)
           ^^^^^^^^^^^^^^^^^^^^^^^^^
  File "C:\Users\User\AppData\Local\Programs\Python\Python312\Lib\ssl.py", line 1103, in read
    return self._sslobj.read(len, buffer)
           ^^^^^^^^^^^^^^^^^^^^^^^^^^^^^^
TimeoutError: The read operation timed out

During handling of the above exception, another exception occurred:

Traceback (most recent call last):
  File "C:\Users\User\venvs\xrb-pilot\Lib\site-packages\pip\_internal\cli\base_command.py", line 106, in _run_wrapper
    status = _inner_run()
             ^^^^^^^^^^^^
  File "C:\Users\User\venvs\xrb-pilot\Lib\site-packages\pip\_internal\cli\base_command.py", line 97, in _inner_run
    return self.run(options, args)
           ^^^^^^^^^^^^^^^^^^^^^^^
  File "C:\Users\User\venvs\xrb-pilot\Lib\site-packages\pip\_internal\cli\req_command.py", line 67, in wrapper
    return func(self, options, args)
           ^^^^^^^^^^^^^^^^^^^^^^^^^
  File "C:\Users\User\venvs\xrb-pilot\Lib\site-packages\pip\_internal\commands\install.py", line 386, in run
    requirement_set = resolver.resolve(
                      ^^^^^^^^^^^^^^^^^
  File "C:\Users\User\venvs\xrb-pilot\Lib\site-packages\pip\_internal\resolution\resolvelib\resolver.py", line 179, in resolve
    self.factory.preparer.prepare_linked_requirements_more(reqs)
  File "C:\Users\User\venvs\xrb-pilot\Lib\site-packages\pip\_internal\operations\prepare.py", line 554, in prepare_linked_requirements_more
    self._complete_partial_requirements(
  File "C:\Users\User\venvs\xrb-pilot\Lib\site-packages\pip\_internal\operations\prepare.py", line 469, in _complete_partial_requirements
    for link, (filepath, _) in batch_download:
                               ^^^^^^^^^^^^^^
  File "C:\Users\User\venvs\xrb-pilot\Lib\site-packages\pip\_internal\network\download.py", line 184, in __call__
    for chunk in chunks:
                 ^^^^^^
  File "C:\Users\User\venvs\xrb-pilot\Lib\site-packages\pip\_internal\cli\progress_bars.py", line 55, in _rich_progress_bar
    for chunk in iterable:
                 ^^^^^^^^
  File "C:\Users\User\venvs\xrb-pilot\Lib\site-packages\pip\_internal\network\utils.py", line 65, in response_chunks
    for chunk in response.raw.stream(
                 ^^^^^^^^^^^^^^^^^^^^
  File "C:\Users\User\venvs\xrb-pilot\Lib\site-packages\pip\_vendor\urllib3\response.py", line 622, in stream
    data = self.read(amt=amt, decode_content=decode_content)
           ^^^^^^^^^^^^^^^^^^^^^^^^^^^^^^^^^^^^^^^^^^^^^^^^^
  File "C:\Users\User\venvs\xrb-pilot\Lib\site-packages\pip\_vendor\urllib3\response.py", line 560, in read
    with self._error_catcher():
         ^^^^^^^^^^^^^^^^^^^^^
  File "C:\Users\User\AppData\Local\Programs\Python\Python312\Lib\contextlib.py", line 158, in __exit__
    self.gen.throw(value)
  File "C:\Users\User\venvs\xrb-pilot\Lib\site-packages\pip\_vendor\urllib3\response.py", line 443, in _error_catcher
    raise ReadTimeoutError(self._pool, None, "Read timed out.")
pip._vendor.urllib3.exceptions.ReadTimeoutError: HTTPSConnectionPool(host='files.pythonhosted.org', port=443): Read timed out.
