PREFIX=/root/miniforge3
Unpacking bootstrapper...
Unpacking payload...
Extracting ca-certificates-2026.7.22-hbd8a1cb_0.conda
Extracting libgomp-16.2.0-he0feb66_4.conda
Extracting libzlib-1.3.2-h25fd6f3_3.conda
Extracting nlohmann_json-abi-3.12.0-h0f90c79_2.conda
Extracting pybind11-abi-11-hc364b38_1.conda
Extracting python_abi-3.14-9_cp314.conda
Extracting tzdata-2026c-h151e31d_0.conda
Extracting _openmp_mutex-4.5-20_gnu.conda
Extracting zstd-1.5.7-hb78ec9c_7.conda
Extracting ld_impl_linux-64-2.46.1-default_hbd61a6d_102.conda
Extracting libgcc-16.2.0-ha9f2e26_4.conda
Extracting bzip2-1.0.8-hda65f42_10.conda
Extracting c-ares-1.34.8-hebe6cf0_2.conda
Extracting keyutils-1.6.3-h7cc23a3_1.conda
Extracting libev-4.33-h280c20c_3.conda
Extracting libexpat-2.8.1-hecca717_1.conda
Extracting libffi-3.7.0-h81df57d_1.conda
Extracting libiconv-1.18-h0cb94f2_3.conda
Extracting liblzma-5.8.3-hb03c661_1.conda
Extracting libmpdec-4.0.0-hb03c661_2.conda
Extracting libstdcxx-16.2.0-h934c35e_4.conda
Extracting libuuid-2.42.3-hcfc3c73_0.conda
Extracting lzo-2.10-hebe6cf0_1003.conda
Extracting ncurses-6.6-hdb14827_1.conda
Extracting openssl-3.6.4-h781a0a9_0.conda
Extracting reproc-14.2.8.post0-hee9eb32_0.conda
Extracting tk-8.6.13-noxft_h1df4ec4_4.conda
Extracting cpp-expected-1.3.1-h171cf75_1.conda
Extracting fmt-12.1.0-h76c4fd7_1.conda
Extracting icu-78.3-py310h44b86e0_2.conda
Extracting libedit-3.1.20250104-pl5321h373387f_1.conda
Extracting libmsgpack-c-6.1.0-h54a6638_7.conda
Extracting libnghttp2-1.68.1-h74cf4be_1.conda
Extracting libpython-3.14.7-hdc7f604_106_cp314.conda
Extracting libsolv-0.7.39-h72ddc62_1.conda
Extracting libssh2-1.11.1-h6154650_1.conda
Extracting lz4-c-1.10.0-hee9eb32_2.conda
Extracting readline-8.3-hd6e31c0_1.conda
Extracting reproc-cpp-14.2.8.post0-h1c70be6_0.conda
Extracting simdjson-4.6.11-h4dbf13b_0.conda
Extracting yaml-cpp-0.8.0-h54a6638_1.conda
Extracting krb5-1.22.2-hbc21106_2.conda
Extracting libpsl-0.23.1-hd9e3e90_1.conda
Extracting libsqlite-3.53.4-h13e7031_1.conda
Extracting libxml2-16-2.15.4-hf3af7cc_0.conda
Extracting spdlog-1.17.0-hb6aa676_2.conda
Extracting libcurl-8.22.0-ha042cf0_0.conda
Extracting libxml2-2.15.4-h7df9aa5_0.conda
Extracting python-3.14.7-hcd007b5_106_cp314.conda
Extracting libarchive-3.8.9-gpl_h3152399_101.conda
Extracting tomli-w-1.2.0-pyhd8ed1ab_0.conda
Extracting libmamba-2.9.0-py314h6ba947b_0.conda
Extracting menuinst-2.5.2-py314h9e666f3_2.conda
Extracting archspec-0.2.5-pyhd8ed1ab_0.conda
Extracting backports.zstd-1.7.0-py314h680f03e_1.conda
Extracting boltons-26.2.0-pyhd8ed1ab_0.conda
Extracting brotli-python-1.2.0-py314hcd2bdb6_4.conda
Extracting cached_property-2.0.1-pyhcf101f3_0.conda
Extracting certifi-2026.7.22-pyhd8ed1ab_0.conda
Extracting charset-normalizer-3.5.1-pyhd8ed1ab_0.conda
Extracting colorama-0.4.6-pyhd8ed1ab_1.conda
Extracting cpython-3.14.7-py314hd8ed1ab_106.conda
Extracting distro-1.9.0-pyhd8ed1ab_1.conda
Extracting frozendict-2.4.7-pyh851646a_2.conda
Extracting hpack-4.2.0-pyhd8ed1ab_0.conda
Extracting hyperframe-6.1.0-pyhd8ed1ab_0.conda
Extracting idna-3.19-pyhcf101f3_0.conda
Extracting libmamba-spdlog-2.9.0-h5efa3ab_0.conda
Extracting mamba-2.9.0-h9649d4f_0.conda
Extracting markupsafe-3.0.3-py314h67df5f8_1.conda
Extracting msgpack-python-1.2.2-py314h5383ef5_2.conda
Extracting packaging-26.3-pyhc364b38_0.conda
Extracting pip-26.2.1-pyh145f28c_0.conda
Extracting platformdirs-4.11.6-pyh5ded981_0.conda
Extracting pluggy-1.6.0-pyhf9edf01_1.conda
Extracting pycosat-0.6.6-py314h89acca1_5.conda
Extracting pysocks-1.7.1-pyha55dd90_7.conda
Extracting python-installer-1.0.1-pyh332efcf_0.conda
Extracting ruamel.yaml.clib-0.2.15-py314hfe1a184_5.conda
Extracting setuptools-84.0.0-pyh332efcf_0.conda
Extracting sniffio-1.3.1-pyhd8ed1ab_2.conda
Extracting tomli-2.4.1-pyhcf101f3_0.conda
Extracting tqdm-4.70.0-pyh8f84b5b_0.conda
Extracting truststore-0.10.4-pyhcf101f3_0.conda
Extracting typing_extensions-4.16.0-pyhcf101f3_0.conda
Extracting zipp-4.1.0-pyhcf101f3_0.conda
Extracting anyio-4.15.1-pyh5ded981_1.conda
Extracting cached-property-2.0.1-pyhcf101f3_0.conda
Extracting conda-package-streaming-0.13.0-pyhd8ed1ab_0.conda
Extracting h11-0.16.0-pyhcf101f3_1.conda
Extracting h2-4.4.1-pyhcf101f3_0.conda
Extracting importlib-metadata-9.0.1-pyhcf101f3_0.conda
Extracting jinja2-3.1.6-pyhcf101f3_1.conda
Extracting libmambapy-2.9.0-py314h959206d_0.conda
Extracting pyproject_hooks-1.2.0-pyhd8ed1ab_1.conda
Extracting python-gil-3.14.7-h4df99d1_106.conda
Extracting ruamel.yaml-0.19.1-pyhcf101f3_0.conda
Extracting typing-extensions-4.16.0-h69aa097_0.conda
Extracting typing-inspection-0.4.4-pyhcf101f3_0.conda
Extracting _python_abi3_support-1.0-hd8ed1ab_3.conda
Extracting annotated-types-0.8.0-pyhd8ed1ab_0.conda
Extracting conda-libmamba-solver-26.7.0-pyhcf101f3_0.conda
Extracting httpcore-1.0.9-pyh29332c3_0.conda
Extracting pydantic-core-2.46.5-py314h7e8cd81_1.conda
Extracting python-build-1.6.0-pyhc364b38_0.conda
Extracting urllib3-2.7.0-pyhd8ed1ab_0.conda
Extracting httpx-0.28.1-pyhd8ed1ab_0.conda
Extracting py-rattler-0.25.0-py310hefeb9ab_5.conda
Extracting pydantic-2.13.5-pyhcf101f3_0.conda
Extracting requests-2.34.2-pyhcf101f3_0.conda
Extracting conda-package-handling-2.6.0-pyh5ded981_0.conda
Extracting unearth-0.18.3-pyhd8ed1ab_0.conda
Extracting conda-index-0.13.0-pyh5ded981_0.conda
Extracting conda-pypi-0.11.0-pyh5ded981_2.conda
Extracting conda-lockfiles-0.2.1-pyhd8ed1ab_0.conda
Extracting conda-rattler-solver-0.1.1-pyhcf101f3_0.conda
Extracting conda-26.7.2-py314h9e666f3_1.conda
Extracting conda-self-0.2.1-pyhd8ed1ab_0.conda

Installing base environment...

Transaction

  Prefix: /root/miniforge3

  Updating specs:

   - ca-certificates==2026.7.22=hbd8a1cb_0
   - libgomp==16.2.0=he0feb66_4
   - libzlib==1.3.2=h25fd6f3_3
   - nlohmann_json-abi==3.12.0=h0f90c79_2
   - pybind11-abi==11=hc364b38_1
   - python_abi==3.14=9_cp314
   - tzdata==2026c=h151e31d_0
   - _openmp_mutex==4.5=20_gnu
   - zstd==1.5.7=hb78ec9c_7
   - ld_impl_linux-64==2.46.1=default_hbd61a6d_102
   - libgcc==16.2.0=ha9f2e26_4
   - bzip2==1.0.8=hda65f42_10
   - c-ares==1.34.8=hebe6cf0_2
   - keyutils==1.6.3=h7cc23a3_1
   - libev==4.33=h280c20c_3
   - libexpat==2.8.1=hecca717_1
   - libffi==3.7.0=h81df57d_1
   - libiconv==1.18=h0cb94f2_3
   - liblzma==5.8.3=hb03c661_1
   - libmpdec==4.0.0=hb03c661_2
   - libstdcxx==16.2.0=h934c35e_4
   - libuuid==2.42.3=hcfc3c73_0
   - lzo==2.10=hebe6cf0_1003
   - ncurses==6.6=hdb14827_1
   - openssl==3.6.4=h781a0a9_0
   - reproc==14.2.8.post0=hee9eb32_0
   - tk==8.6.13=noxft_h1df4ec4_4
   - cpp-expected==1.3.1=h171cf75_1
   - fmt==12.1.0=h76c4fd7_1
   - icu==78.3=py310h44b86e0_2
   - libedit==3.1.20250104=pl5321h373387f_1
   - libmsgpack-c==6.1.0=h54a6638_7
   - libnghttp2==1.68.1=h74cf4be_1
   - libpython==3.14.7=hdc7f604_106_cp314
   - libsolv==0.7.39=h72ddc62_1
   - libssh2==1.11.1=h6154650_1
   - lz4-c==1.10.0=hee9eb32_2
   - readline==8.3=hd6e31c0_1
   - reproc-cpp==14.2.8.post0=h1c70be6_0
   - simdjson==4.6.11=h4dbf13b_0
   - yaml-cpp==0.8.0=h54a6638_1
   - krb5==1.22.2=hbc21106_2
   - libpsl==0.23.1=hd9e3e90_1
   - libsqlite==3.53.4=h13e7031_1
   - libxml2-16==2.15.4=hf3af7cc_0
   - spdlog==1.17.0=hb6aa676_2
   - libcurl==8.22.0=ha042cf0_0
   - libxml2==2.15.4=h7df9aa5_0
   - python==3.14.7=hcd007b5_106_cp314
   - libarchive==3.8.9=gpl_h3152399_101
   - tomli-w==1.2.0=pyhd8ed1ab_0
   - libmamba==2.9.0=py314h6ba947b_0
   - menuinst==2.5.2=py314h9e666f3_2
   - archspec==0.2.5=pyhd8ed1ab_0
   - backports.zstd==1.7.0=py314h680f03e_1
   - boltons==26.2.0=pyhd8ed1ab_0
   - brotli-python==1.2.0=py314hcd2bdb6_4
   - cached_property==2.0.1=pyhcf101f3_0
   - certifi==2026.7.22=pyhd8ed1ab_0
   - charset-normalizer==3.5.1=pyhd8ed1ab_0
   - colorama==0.4.6=pyhd8ed1ab_1
   - cpython==3.14.7=py314hd8ed1ab_106
   - distro==1.9.0=pyhd8ed1ab_1
   - frozendict==2.4.7=pyh851646a_2
   - hpack==4.2.0=pyhd8ed1ab_0
   - hyperframe==6.1.0=pyhd8ed1ab_0
   - idna==3.19=pyhcf101f3_0
   - libmamba-spdlog==2.9.0=h5efa3ab_0
   - mamba==2.9.0=h9649d4f_0
   - markupsafe==3.0.3=py314h67df5f8_1
   - msgpack-python==1.2.2=py314h5383ef5_2
   - packaging==26.3=pyhc364b38_0
   - pip==26.2.1=pyh145f28c_0
   - platformdirs==4.11.6=pyh5ded981_0
   - pluggy==1.6.0=pyhf9edf01_1
   - pycosat==0.6.6=py314h89acca1_5
   - pysocks==1.7.1=pyha55dd90_7
   - python-installer==1.0.1=pyh332efcf_0
   - ruamel.yaml.clib==0.2.15=py314hfe1a184_5
   - setuptools==84.0.0=pyh332efcf_0
   - sniffio==1.3.1=pyhd8ed1ab_2
   - tomli==2.4.1=pyhcf101f3_0
   - tqdm==4.70.0=pyh8f84b5b_0
   - truststore==0.10.4=pyhcf101f3_0
   - typing_extensions==4.16.0=pyhcf101f3_0
   - zipp==4.1.0=pyhcf101f3_0
   - anyio==4.15.1=pyh5ded981_1
   - cached-property==2.0.1=pyhcf101f3_0
   - conda-package-streaming==0.13.0=pyhd8ed1ab_0
   - h11==0.16.0=pyhcf101f3_1
   - h2==4.4.1=pyhcf101f3_0
   - importlib-metadata==9.0.1=pyhcf101f3_0
   - jinja2==3.1.6=pyhcf101f3_1
   - libmambapy==2.9.0=py314h959206d_0
   - pyproject_hooks==1.2.0=pyhd8ed1ab_1
   - python-gil==3.14.7=h4df99d1_106
   - ruamel.yaml==0.19.1=pyhcf101f3_0
   - typing-extensions==4.16.0=h69aa097_0
   - typing-inspection==0.4.4=pyhcf101f3_0
   - _python_abi3_support==1.0=hd8ed1ab_3
   - annotated-types==0.8.0=pyhd8ed1ab_0
   - conda-libmamba-solver==26.7.0=pyhcf101f3_0
   - httpcore==1.0.9=pyh29332c3_0
   - pydantic-core==2.46.5=py314h7e8cd81_1
   - python-build==1.6.0=pyhc364b38_0
   - urllib3==2.7.0=pyhd8ed1ab_0
   - httpx==0.28.1=pyhd8ed1ab_0
   - py-rattler==0.25.0=py310hefeb9ab_5
   - pydantic==2.13.5=pyhcf101f3_0
   - requests==2.34.2=pyhcf101f3_0
   - conda-package-handling==2.6.0=pyh5ded981_0
   - unearth==0.18.3=pyhd8ed1ab_0
   - conda-index==0.13.0=pyh5ded981_0
   - conda-pypi==0.11.0=pyh5ded981_2
   - conda-lockfiles==0.2.1=pyhd8ed1ab_0
   - conda-rattler-solver==0.1.1=pyhcf101f3_0
   - conda==26.7.2=py314h9e666f3_1
   - conda-self==0.2.1=pyhd8ed1ab_0


  Package                         Version  Build                 Channel         Size
───────────────────────────────────────────────────────────────────────────────────────
  Install:
───────────────────────────────────────────────────────────────────────────────────────

  + _openmp_mutex                     4.5  20_gnu                conda-forge         
  + _python_abi3_support              1.0  hd8ed1ab_3            conda-forge         
  + annotated-types                 0.8.0  pyhd8ed1ab_0          conda-forge         
  + anyio                          4.15.1  pyh5ded981_1          conda-forge         
  + archspec                        0.2.5  pyhd8ed1ab_0          conda-forge         
  + backports.zstd                  1.7.0  py314h680f03e_1       conda-forge         
  + boltons                        26.2.0  pyhd8ed1ab_0          conda-forge         
  + brotli-python                   1.2.0  py314hcd2bdb6_4       conda-forge         
  + bzip2                           1.0.8  hda65f42_10           conda-forge         
  + c-ares                         1.34.8  hebe6cf0_2            conda-forge         
  + ca-certificates             2026.7.22  hbd8a1cb_0            conda-forge         
  + cached-property                 2.0.1  pyhcf101f3_0          conda-forge         
  + cached_property                 2.0.1  pyhcf101f3_0          conda-forge         
  + certifi                     2026.7.22  pyhd8ed1ab_0          conda-forge         
  + charset-normalizer              3.5.1  pyhd8ed1ab_0          conda-forge         
  + colorama                        0.4.6  pyhd8ed1ab_1          conda-forge         
  + conda                          26.7.2  py314h9e666f3_1       conda-forge         
  + conda-index                    0.13.0  pyh5ded981_0          conda-forge         
  + conda-libmamba-solver          26.7.0  pyhcf101f3_0          conda-forge         
  + conda-lockfiles                 0.2.1  pyhd8ed1ab_0          conda-forge         
  + conda-package-handling          2.6.0  pyh5ded981_0          conda-forge         
  + conda-package-streaming        0.13.0  pyhd8ed1ab_0          conda-forge         
  + conda-pypi                     0.11.0  pyh5ded981_2          conda-forge         
  + conda-rattler-solver            0.1.1  pyhcf101f3_0          conda-forge         
  + conda-self                      0.2.1  pyhd8ed1ab_0          conda-forge         
  + cpp-expected                    1.3.1  h171cf75_1            conda-forge         
  + cpython                        3.14.7  py314hd8ed1ab_106     conda-forge         
  + distro                          1.9.0  pyhd8ed1ab_1          conda-forge         
  + fmt                            12.1.0  h76c4fd7_1            conda-forge         
  + frozendict                      2.4.7  pyh851646a_2          conda-forge         
  + h11                            0.16.0  pyhcf101f3_1          conda-forge         
  + h2                              4.4.1  pyhcf101f3_0          conda-forge         
  + hpack                           4.2.0  pyhd8ed1ab_0          conda-forge         
  + httpcore                        1.0.9  pyh29332c3_0          conda-forge         
  + httpx                          0.28.1  pyhd8ed1ab_0          conda-forge         
  + hyperframe                      6.1.0  pyhd8ed1ab_0          conda-forge         
  + icu                              78.3  py310h44b86e0_2       conda-forge         
  + idna                             3.19  pyhcf101f3_0          conda-forge         
  + importlib-metadata              9.0.1  pyhcf101f3_0          conda-forge         
  + jinja2                          3.1.6  pyhcf101f3_1          conda-forge         
  + keyutils                        1.6.3  h7cc23a3_1            conda-forge         
  + krb5                           1.22.2  hbc21106_2            conda-forge         
  + ld_impl_linux-64               2.46.1  default_hbd61a6d_102  conda-forge         
  + libarchive                      3.8.9  gpl_h3152399_101      conda-forge         
  + libcurl                        8.22.0  ha042cf0_0            conda-forge         
  + libedit                  3.1.20250104  pl5321h373387f_1      conda-forge         
  + libev                            4.33  h280c20c_3            conda-forge         
  + libexpat                        2.8.1  hecca717_1            conda-forge         
  + libffi                          3.7.0  h81df57d_1            conda-forge         
  + libgcc                         16.2.0  ha9f2e26_4            conda-forge         
  + libgomp                        16.2.0  he0feb66_4            conda-forge         
  + libiconv                         1.18  h0cb94f2_3            conda-forge         
  + liblzma                         5.8.3  hb03c661_1            conda-forge         
  + libmamba                        2.9.0  py314h6ba947b_0       conda-forge         
  + libmamba-spdlog                 2.9.0  h5efa3ab_0            conda-forge         
  + libmambapy                      2.9.0  py314h959206d_0       conda-forge         
  + libmpdec                        4.0.0  hb03c661_2            conda-forge         
  + libmsgpack-c                    6.1.0  h54a6638_7            conda-forge         
  + libnghttp2                     1.68.1  h74cf4be_1            conda-forge         
  + libpsl                         0.23.1  hd9e3e90_1            conda-forge         
  + libpython                      3.14.7  hdc7f604_106_cp314    conda-forge         
  + libsolv                        0.7.39  h72ddc62_1            conda-forge         
  + libsqlite                      3.53.4  h13e7031_1            conda-forge         
  + libssh2                        1.11.1  h6154650_1            conda-forge         
  + libstdcxx                      16.2.0  h934c35e_4            conda-forge         
  + libuuid                        2.42.3  hcfc3c73_0            conda-forge         
  + libxml2                        2.15.4  h7df9aa5_0            conda-forge         
  + libxml2-16                     2.15.4  hf3af7cc_0            conda-forge         
  + libzlib                         1.3.2  h25fd6f3_3            conda-forge         
  + lz4-c                          1.10.0  hee9eb32_2            conda-forge         
  + lzo                              2.10  hebe6cf0_1003         conda-forge         
  + mamba                           2.9.0  h9649d4f_0            conda-forge         
  + markupsafe                      3.0.3  py314h67df5f8_1       conda-forge         
  + menuinst                        2.5.2  py314h9e666f3_2       conda-forge         
  + msgpack-python                  1.2.2  py314h5383ef5_2       conda-forge         
  + ncurses                           6.6  hdb14827_1            conda-forge         
  + nlohmann_json-abi              3.12.0  h0f90c79_2            conda-forge         
  + openssl                         3.6.4  h781a0a9_0            conda-forge         
  + packaging                        26.3  pyhc364b38_0          conda-forge         
  + pip                            26.2.1  pyh145f28c_0          conda-forge         
  + platformdirs                   4.11.6  pyh5ded981_0          conda-forge         
  + pluggy                          1.6.0  pyhf9edf01_1          conda-forge         
  + py-rattler                     0.25.0  py310hefeb9ab_5       conda-forge         
  + pybind11-abi                       11  hc364b38_1            conda-forge         
  + pycosat                         0.6.6  py314h89acca1_5       conda-forge         
  + pydantic                       2.13.5  pyhcf101f3_0          conda-forge         
  + pydantic-core                  2.46.5  py314h7e8cd81_1       conda-forge         
  + pyproject_hooks                 1.2.0  pyhd8ed1ab_1          conda-forge         
  + pysocks                         1.7.1  pyha55dd90_7          conda-forge         
  + python                         3.14.7  hcd007b5_106_cp314    conda-forge         
  + python-build                    1.6.0  pyhc364b38_0          conda-forge         
  + python-gil                     3.14.7  h4df99d1_106          conda-forge         
  + python-installer                1.0.1  pyh332efcf_0          conda-forge         
  + python_abi                       3.14  9_cp314               conda-forge         
  + readline                          8.3  hd6e31c0_1            conda-forge         
  + reproc                   14.2.8.post0  hee9eb32_0            conda-forge         
  + reproc-cpp               14.2.8.post0  h1c70be6_0            conda-forge         
  + requests                       2.34.2  pyhcf101f3_0          conda-forge         
  + ruamel.yaml                    0.19.1  pyhcf101f3_0          conda-forge         
  + ruamel.yaml.clib               0.2.15  py314hfe1a184_5       conda-forge         
  + setuptools                     84.0.0  pyh332efcf_0          conda-forge         
  + simdjson                       4.6.11  h4dbf13b_0            conda-forge         
  + sniffio                         1.3.1  pyhd8ed1ab_2          conda-forge         
  + spdlog                         1.17.0  hb6aa676_2            conda-forge         
  + tk                             8.6.13  noxft_h1df4ec4_4      conda-forge         
  + tomli                           2.4.1  pyhcf101f3_0          conda-forge         
  + tomli-w                         1.2.0  pyhd8ed1ab_0          conda-forge         
  + tqdm                           4.70.0  pyh8f84b5b_0          conda-forge         
  + truststore                     0.10.4  pyhcf101f3_0          conda-forge         
  + typing-extensions              4.16.0  h69aa097_0            conda-forge         
  + typing-inspection               0.4.4  pyhcf101f3_0          conda-forge         
  + typing_extensions              4.16.0  pyhcf101f3_0          conda-forge         
  + tzdata                          2026c  h151e31d_0            conda-forge         
  + unearth                        0.18.3  pyhd8ed1ab_0          conda-forge         
  + urllib3                         2.7.0  pyhd8ed1ab_0          conda-forge         
  + yaml-cpp                        0.8.0  h54a6638_1            conda-forge         
  + zipp                            4.1.0  pyhcf101f3_0          conda-forge         
  + zstd                            1.5.7  hb78ec9c_7            conda-forge         

  Summary:

  Install: 118 packages

  Total download: 0 B

───────────────────────────────────────────────────────────────────────────────────────



Transaction starting
warning  libmamba Security Warning: This transaction includes executing package scripts (pre/post-link/unlink) if present. These scripts can contain arbitrary code. Please ensure you trust the package sources.
Linking ca-certificates-2026.7.22-hbd8a1cb_0
Linking libgomp-16.2.0-he0feb66_4
Linking libzlib-1.3.2-h25fd6f3_3
Linking nlohmann_json-abi-3.12.0-h0f90c79_2
Linking pybind11-abi-11-hc364b38_1
Linking python_abi-3.14-9_cp314
Linking tzdata-2026c-h151e31d_0
Linking _openmp_mutex-4.5-20_gnu
Linking zstd-1.5.7-hb78ec9c_7
Linking ld_impl_linux-64-2.46.1-default_hbd61a6d_102
Linking libgcc-16.2.0-ha9f2e26_4
Linking bzip2-1.0.8-hda65f42_10
Linking c-ares-1.34.8-hebe6cf0_2
Linking keyutils-1.6.3-h7cc23a3_1
Linking libev-4.33-h280c20c_3
Linking libexpat-2.8.1-hecca717_1
Linking libffi-3.7.0-h81df57d_1
Linking libiconv-1.18-h0cb94f2_3
Linking liblzma-5.8.3-hb03c661_1
Linking libmpdec-4.0.0-hb03c661_2
Linking libstdcxx-16.2.0-h934c35e_4
Linking libuuid-2.42.3-hcfc3c73_0
Linking lzo-2.10-hebe6cf0_1003
Linking ncurses-6.6-hdb14827_1
Linking openssl-3.6.4-h781a0a9_0
Linking reproc-14.2.8.post0-hee9eb32_0
Linking tk-8.6.13-noxft_h1df4ec4_4
Linking cpp-expected-1.3.1-h171cf75_1
Linking fmt-12.1.0-h76c4fd7_1
Linking icu-78.3-py310h44b86e0_2
Linking libedit-3.1.20250104-pl5321h373387f_1
Linking libmsgpack-c-6.1.0-h54a6638_7
Linking libnghttp2-1.68.1-h74cf4be_1
Linking libpython-3.14.7-hdc7f604_106_cp314
Linking libsolv-0.7.39-h72ddc62_1
Linking libssh2-1.11.1-h6154650_1
Linking lz4-c-1.10.0-hee9eb32_2
Linking readline-8.3-hd6e31c0_1
Linking reproc-cpp-14.2.8.post0-h1c70be6_0
Linking simdjson-4.6.11-h4dbf13b_0
Linking yaml-cpp-0.8.0-h54a6638_1
Linking krb5-1.22.2-hbc21106_2
Linking libpsl-0.23.1-hd9e3e90_1
Linking libsqlite-3.53.4-h13e7031_1
Linking libxml2-16-2.15.4-hf3af7cc_0
Linking spdlog-1.17.0-hb6aa676_2
Linking libcurl-8.22.0-ha042cf0_0
Linking libxml2-2.15.4-h7df9aa5_0
Linking python-3.14.7-hcd007b5_106_cp314
Linking libarchive-3.8.9-gpl_h3152399_101
Linking tomli-w-1.2.0-pyhd8ed1ab_0
Linking libmamba-2.9.0-py314h6ba947b_0
Linking menuinst-2.5.2-py314h9e666f3_2
Linking archspec-0.2.5-pyhd8ed1ab_0
Linking backports.zstd-1.7.0-py314h680f03e_1
Linking boltons-26.2.0-pyhd8ed1ab_0
Linking brotli-python-1.2.0-py314hcd2bdb6_4
Linking cached_property-2.0.1-pyhcf101f3_0
Linking certifi-2026.7.22-pyhd8ed1ab_0
Linking charset-normalizer-3.5.1-pyhd8ed1ab_0
Linking colorama-0.4.6-pyhd8ed1ab_1
Linking cpython-3.14.7-py314hd8ed1ab_106
Linking distro-1.9.0-pyhd8ed1ab_1
Linking frozendict-2.4.7-pyh851646a_2
Linking hpack-4.2.0-pyhd8ed1ab_0
Linking hyperframe-6.1.0-pyhd8ed1ab_0
Linking idna-3.19-pyhcf101f3_0
Linking libmamba-spdlog-2.9.0-h5efa3ab_0
Linking mamba-2.9.0-h9649d4f_0
Linking markupsafe-3.0.3-py314h67df5f8_1
Linking msgpack-python-1.2.2-py314h5383ef5_2
Linking packaging-26.3-pyhc364b38_0
Linking pip-26.2.1-pyh145f28c_0
Linking platformdirs-4.11.6-pyh5ded981_0
Linking pluggy-1.6.0-pyhf9edf01_1
Linking pycosat-0.6.6-py314h89acca1_5
Linking pysocks-1.7.1-pyha55dd90_7
Linking python-installer-1.0.1-pyh332efcf_0
Linking ruamel.yaml.clib-0.2.15-py314hfe1a184_5
Linking setuptools-84.0.0-pyh332efcf_0
Linking sniffio-1.3.1-pyhd8ed1ab_2
Linking tomli-2.4.1-pyhcf101f3_0
Linking tqdm-4.70.0-pyh8f84b5b_0
Linking truststore-0.10.4-pyhcf101f3_0
Linking typing_extensions-4.16.0-pyhcf101f3_0
Linking zipp-4.1.0-pyhcf101f3_0
Linking anyio-4.15.1-pyh5ded981_1
Linking cached-property-2.0.1-pyhcf101f3_0
Linking conda-package-streaming-0.13.0-pyhd8ed1ab_0
Linking h11-0.16.0-pyhcf101f3_1
Linking h2-4.4.1-pyhcf101f3_0
Linking importlib-metadata-9.0.1-pyhcf101f3_0
Linking jinja2-3.1.6-pyhcf101f3_1
Linking libmambapy-2.9.0-py314h959206d_0
Linking pyproject_hooks-1.2.0-pyhd8ed1ab_1
Linking python-gil-3.14.7-h4df99d1_106
Linking ruamel.yaml-0.19.1-pyhcf101f3_0
Linking typing-extensions-4.16.0-h69aa097_0
Linking typing-inspection-0.4.4-pyhcf101f3_0
Linking _python_abi3_support-1.0-hd8ed1ab_3
Linking annotated-types-0.8.0-pyhd8ed1ab_0
Linking conda-libmamba-solver-26.7.0-pyhcf101f3_0
Linking httpcore-1.0.9-pyh29332c3_0
Linking pydantic-core-2.46.5-py314h7e8cd81_1
Linking python-build-1.6.0-pyhc364b38_0
Linking urllib3-2.7.0-pyhd8ed1ab_0
Linking httpx-0.28.1-pyhd8ed1ab_0
Linking py-rattler-0.25.0-py310hefeb9ab_5
Linking pydantic-2.13.5-pyhcf101f3_0
Linking requests-2.34.2-pyhcf101f3_0
Linking conda-package-handling-2.6.0-pyh5ded981_0
Linking unearth-0.18.3-pyhd8ed1ab_0
Linking conda-index-0.13.0-pyh5ded981_0
Linking conda-pypi-0.11.0-pyh5ded981_2
Linking conda-lockfiles-0.2.1-pyhd8ed1ab_0
Linking conda-rattler-solver-0.1.1-pyhcf101f3_0
Linking conda-26.7.2-py314h9e666f3_1
Linking conda-self-0.2.1-pyhd8ed1ab_0

Transaction finished

installation finished.
Fetch Shard Index for conda-forge/linux-64                                                      ⧖ Starting
Fetch Shard Index for conda-forge/linux-64                                                ✔ Done (0.1 sec)
Fetch Shard Index for conda-forge/noarch                                                        ⧖ Starting
Fetch Shard Index for conda-forge/noarch                                                  ✔ Done (0.1 sec)
Fetching and Parsing Packages' Shards                                                           ⧖ Starting
Fetching and Parsing Packages' Shards                                                     ✔ Done (0.0 sec)
Using Flat Repodata for conda-forge/linux-64                                                    ✔ Starting
Using Flat Repodata for conda-forge/linux-64                                              ✔ Done (7.0 sec)
Using Cached Shard Index for conda-forge/noarch                                                     ✔ Done
Using Cached Shard Index for conda-forge/linux-64                                                   ✔ Done
Fetching and Parsing Packages' Shards                                                           ⧖ Starting
Fetching and Parsing Packages' Shards                                                     ✔ Done (0.0 sec)
Using Flat Repodata for conda-forge/noarch                                                      ✔ Starting
Using Flat Repodata for conda-forge/noarch                                                ✔ Done (2.9 sec)
Fetch Shard Index for https://heasarc.gsfc.nasa.gov/FTP/software/conda/linux-64                 ⧖ Starting
Fetch Shard Index for https://heasarc.gsfc.nasa.gov/FTP/software/conda/linux-64           ✔ Done (1.0 sec)
Fetch Shard Index for https://heasarc.gsfc.nasa.gov/FTP/software/conda/noarch                   ⧖ Starting
Fetch Shard Index for https://heasarc.gsfc.nasa.gov/FTP/software/conda/noarch             ✔ Done (1.0 sec)
Fetching and Parsing Packages' Shards                                                           ⧖ Starting
Fetching and Parsing Packages' Shards                                                     ✔ Done (2.0 sec)
Using Cached Shard Index for conda-forge/linux-64                                                   ✔ Done
Using Cached Shard Index for conda-forge/noarch                                                     ✔ Done
Fetching and Parsing Packages' Shards                                                           ⧖ Starting
Fetching and Parsing Packages' Shards                                                     ✔ Done (9.0 sec)
Using Cached Shard Index for https://heasarc.gsfc.nasa.gov/FTP/software/conda/linu...               ✔ Done
Using Cached Shard Index for https://heasarc.gsfc.nasa.gov/FTP/software/conda/noarch                ✔ Done
Fetching and Parsing Packages' Shards                                                           ⧖ Starting
Fetching and Parsing Packages' Shards                                                     ✔ Done (0.0 sec)
Parsing Packages' Records                                                                ✔ Done (24.5 sec)

Resolving Environment                                                                           ⧖ Starting
Resolving Environment                                                                    ✔ Done (34.2 sec)

Transaction

  Prefix: /root/miniforge3/envs/henv

  Updating specs:

   - heasoft


  Package                                         Version  Build                       Channel                                        Size
warning  libmamba Security Warning: This transaction includes executing package scripts (pre/post-link/unlink) if present. These scripts can contain arbitrary code. Please ensure you trust the package sources.
────────────────────────────────────────────────────────────────────────────────────────────────────────────────────────────────────────────
  Install:
────────────────────────────────────────────────────────────────────────────────────────────────────────────────────────────────────────────

  + _openmp_mutex                                     4.5  8_kmp_llvm                  conda-forge                                     8kB
  + _python_abi3_support                              1.0  hd8ed1ab_3                  conda-forge                                  Cached
  + alsa-lib                                     1.2.16.1  h7cc23a3_1                  conda-forge                                   595kB
  + annotated-doc                                   0.0.5  pyhcf101f3_0                conda-forge                                    17kB
  + annotated-types                                 0.8.0  pyhd8ed1ab_0                conda-forge                                  Cached
  + anyio                                          4.15.1  pyh5ded981_1                conda-forge                                  Cached
  + astro-gdt                                       2.2.3  pyhd8ed1ab_0                conda-forge                                   433kB
  + astropy-base                                    8.0.1  py314h12ceea2_1             conda-forge                                    10MB
  + astropy-healpix                                 2.0.1  np2py314h8874201_2          conda-forge                                   130kB
  + astropy-iers-data                 0.2026.9.28.0.59.37  pyhd8ed1ab_0                conda-forge                                     1MB
  + aws-c-auth                                     0.10.4  hb7a77c6_1                  conda-forge                                   135kB
  + aws-c-cal                                      0.9.14  h2aa3ae6_4                  conda-forge                                    57kB
  + aws-c-common                                   0.14.2  hb03c661_0                  conda-forge                                   246kB
  + aws-c-compression                               0.3.2  h720e601_4                  conda-forge                                    22kB
  + aws-c-event-stream                              0.7.1  h6ffeea8_4                  conda-forge                                    60kB
  + aws-c-http                                     0.11.0  h38ae05a_4                  conda-forge                                   231kB
  + aws-c-io                                       0.27.3  h6f4d18d_1                  conda-forge                                   183kB
  + aws-c-mqtt                                     0.16.0  h21f4ec5_2                  conda-forge                                   225kB
  + aws-c-s3                                       0.12.8  h46fcd08_1                  conda-forge                                   156kB
  + aws-c-sdkutils                                  0.2.7  h720e601_2                  conda-forge                                    69kB
  + aws-checksums                                  0.2.10  h720e601_4                  conda-forge                                   102kB
  + aws-crt-cpp                                    0.40.1  h102d43b_3                  conda-forge                                   416kB
  + aws-sdk-cpp                                  1.11.833  hc7390e0_9                  conda-forge                                     3MB
  + azure-core-cpp                                 1.16.3  h206d751_0                  conda-forge                                   349kB
  + azure-identity-cpp                             1.13.3  h71f81a8_2                  conda-forge                                   251kB
  + azure-storage-blobs-cpp                       12.18.0  h74b55db_1                  conda-forge                                   590kB
  + azure-storage-common-cpp                      12.14.0  hf596fc9_1                  conda-forge                                   159kB
  + azure-storage-files-datalake-cpp              12.16.0  h1f05bef_1                  conda-forge                                   309kB
  + backports.zstd                                  1.7.0  py314h680f03e_1             conda-forge                                  Cached
  + bokeh                                          3.10.0  pyhd8ed1ab_0                conda-forge                                     4MB
  + brotli                                          1.2.0  h505cf86_4                  conda-forge                                    21kB
  + brotli-bin                                      1.2.0  h9908984_4                  conda-forge                                    22kB
  + brotli-python                                   1.2.0  py314hcd2bdb6_4             conda-forge                                  Cached
  + bzip2                                           1.0.8  hda65f42_10                 conda-forge                                  Cached
  + c-ares                                         1.34.8  hebe6cf0_2                  conda-forge                                  Cached
  + ca-certificates                             2026.7.22  hbd8a1cb_0                  conda-forge                                  Cached
  + cairo                                          1.18.6  h3c89d7e_0                  conda-forge                                     1MB
  + cartopy                                        0.26.0  np2py314hbf8ec49_1          conda-forge                                     2MB
  + certifi                                     2026.7.22  pyhd8ed1ab_0                conda-forge                                  Cached
  + cfitsio                                         4.6.3  ha0b56bc_0                  conda-forge                                   760kB
  + charset-normalizer                              3.5.1  pyhd8ed1ab_0                conda-forge                                  Cached
  + click                                           8.5.0  pyh5ded981_0                conda-forge                                   112kB
  + cloudpickle                                     3.1.2  pyhcf101f3_1                conda-forge                                    27kB
  + colorama                                        0.4.6  pyhd8ed1ab_1                conda-forge                                  Cached
  + contourpy                                       1.4.0  py314h5383ef5_1             conda-forge                                   332kB
  + cpython                                        3.14.7  py314hd8ed1ab_106           conda-forge                                  Cached
  + cycler                                         0.12.1  pyhcf101f3_2                conda-forge                                    15kB
  + cyrus-sasl                                     2.1.28  hac629b4_1                  conda-forge                                   210kB
  + cytoolz                                         1.1.0  py314h89acca1_3             conda-forge                                   671kB
  + dask                                         2026.8.0  pyhc364b38_0                conda-forge                                    10kB
  + dask-core                                    2026.8.0  pyhc364b38_0                conda-forge                                     1MB
  + dask-image                                   2026.5.0  pyhd8ed1ab_1                conda-forge                                    57kB
  + dbus                                           1.16.2  he8c428d_2                  conda-forge                                   450kB
  + distributed                                  2026.8.0  pyhc364b38_0                conda-forge                                   841kB
  + dnspython                                       2.8.0  pyhcf101f3_0                conda-forge                                   196kB
  + donfig                                    0.8.1.post1  pyhd8ed1ab_1                conda-forge                                    22kB
  + double-conversion                               3.4.0  hecca717_0                  conda-forge                                    72kB
  + email-validator                                 2.3.0  pyhd8ed1ab_0                conda-forge                                    47kB
  + email_validator                                 2.3.0  hd8ed1ab_0                  conda-forge                                     7kB
  + fastapi                                       0.141.1  h76d476e_0                  conda-forge                                     5kB
  + fastapi-cli                                    0.0.32  pyhcf101f3_0                conda-forge                                    21kB
  + fastapi-core                                  0.141.1  pyhcf101f3_0                conda-forge                                   105kB
  + fastar                                         0.12.0  py314h98b41b9_0             conda-forge                                   353kB
  + fftw                                           3.3.11  nompi_h3b011a4_100          conda-forge                                     2MB
  + fgsl                                            1.6.0  hdc47aa6_0                  conda-forge                                    11MB
  + filelock                                        4.0.6  pyhd8ed1ab_0                conda-forge                                    85kB
  + fmt                                            12.1.0  h76c4fd7_1                  conda-forge                                  Cached
  + font-ttf-dejavu-sans-mono                        2.37  hab24e00_0                  conda-forge                                   397kB
  + font-ttf-inconsolata                            3.000  h77eed37_0                  conda-forge                                    97kB
  + font-ttf-source-code-pro                        2.038  h77eed37_0                  conda-forge                                   701kB
  + font-ttf-ubuntu                                  0.83  h77eed37_3                  conda-forge                                     2MB
  + fontconfig                                     2.18.3  h4db4eae_1                  conda-forge                                   296kB
  + fonts-conda-ecosystem                               1  0                           conda-forge                                     4kB
  + fonts-conda-forge                                   1  hc364b38_1                  conda-forge                                     4kB
  + fonttools                                      4.66.0  py314hd42368d_0             conda-forge                                     3MB
  + formulaic                                       1.2.2  pyhd8ed1ab_0                conda-forge                                    90kB
  + freetype                                       2.14.3  ha770c72_2                  conda-forge                                   175kB
  + fsspec                                       2026.9.0  pyhd8ed1ab_0                conda-forge                                   164kB
  + fviewer                                         0.3.8  pyh4616a5c_0                heasarc.gsfc.nasa.gov/FTP/software/conda        2MB
  + geos                                           3.14.1  h55b0958_0                  conda-forge                                     2MB
  + gflags                                          2.3.1  h54a6638_0                  conda-forge                                   131kB
  + glog                                            0.7.1  hb7133d2_1                  conda-forge                                   149kB
  + gmp                                             6.3.0  hfd2156b_3                  conda-forge                                   493kB
  + gmpy2                                           2.3.1  py314h1867f89_1             conda-forge                                   328kB
  + google-crc32c                                   1.8.0  py314h34eed7f_2             conda-forge                                    31kB
  + graphite2                                      1.3.15  h54a6638_1                  conda-forge                                   103kB
  + gsl                                               2.7  he838d99_0                  conda-forge                                     3MB
  + h11                                            0.16.0  pyhcf101f3_1                conda-forge                                  Cached
  + h2                                              4.4.1  pyhcf101f3_0                conda-forge                                  Cached
  + healpy                                         1.18.1  py314h2ff6669_3             conda-forge                                     3MB
  + heasoft                                        6.37.1  hb0f4dca_0                  heasarc.gsfc.nasa.gov/FTP/software/conda      305MB
  + hpack                                           4.2.0  pyhd8ed1ab_0                conda-forge                                  Cached
  + httpcore                                        1.0.9  pyh29332c3_0                conda-forge                                  Cached
  + httptools                                       0.8.0  py314h89acca1_2             conda-forge                                   106kB
  + httpx                                          0.28.1  pyhd8ed1ab_0                conda-forge                                  Cached
  + hyperframe                                      6.1.0  pyhd8ed1ab_0                conda-forge                                  Cached
  + icu                                              78.3  py310h44b86e0_2             conda-forge                                  Cached
  + idna                                             3.20  pyh5ded981_0                conda-forge                                   179kB
  + imageio                                        2.38.0  pyh5ded981_0                conda-forge                                   321kB
  + importlib-metadata                              9.0.1  pyhcf101f3_0                conda-forge                                  Cached
  + interface_meta                                  1.3.0  pyhd8ed1ab_1                conda-forge                                    18kB
  + jinja2                                          3.1.6  pyhcf101f3_1                conda-forge                                  Cached
  + keyutils                                        1.6.3  h7cc23a3_1                  conda-forge                                  Cached
  + kiwisolver                                      1.5.1  py314h5383ef5_3             conda-forge                                    76kB
  + krb5                                           1.22.2  hbc21106_2                  conda-forge                                  Cached
  + lcms2                                          2.19.1  h9073bf1_3                  conda-forge                                   254kB
  + ld_impl_linux-64                               2.46.1  default_hbd61a6d_102        conda-forge                                  Cached
  + lerc                                            4.2.0  hdb68285_0                  conda-forge                                   271kB
  + libabseil                                  20260526.0  cxx17_h0dc7533_2            conda-forge                                     1MB
  + libarrow                                       25.0.0  hcc2f0d9_4_cpu              conda-forge                                     7MB
  + libarrow-acero                                 25.0.0  h635bf11_4_cpu              conda-forge                                   591kB
  + libarrow-compute                               25.0.0  h53684a4_4_cpu              conda-forge                                     3MB
  + libarrow-dataset                               25.0.0  h635bf11_4_cpu              conda-forge                                   591kB
  + libarrow-substrait                             25.0.0  h66fbfdd_4_cpu              conda-forge                                   500kB
  + libblas                                        3.11.0  11_h5875eb1_mkl             conda-forge                                    19kB
  + libbrotlicommon                                 1.2.0  h39a168f_4                  conda-forge                                    81kB
  + libbrotlidec                                    1.2.0  ha411449_4                  conda-forge                                    35kB
  + libbrotlienc                                    1.2.0  h018ffa1_4                  conda-forge                                   298kB
  + libcblas                                       3.11.0  11_hfef963f_mkl             conda-forge                                    18kB
  + libclang-cpp23.1                               23.1.2  default_h0acdd01_0          conda-forge                                    25MB
  + libclang13                                     23.1.2  default_hfab3205_0          conda-forge                                    15MB
  + libcrc32c                                       1.1.2  h9c3ff4c_0                  conda-forge                                    20kB
  + libcups                                         2.3.3  h7a8fb5f_6                  conda-forge                                     5MB
  + libcurl                                        8.22.0  ha042cf0_0                  conda-forge                                  Cached
  + libdeflate                                       1.25  hd45a770_1                  conda-forge                                    74kB
  + libdrm                                        2.4.129  h7cc23a3_0                  conda-forge                                   313kB
  + libedit                                  3.1.20250104  pl5321h373387f_1            conda-forge                                  Cached
  + libegl                                          1.7.0  ha4b6fd6_5                  conda-forge                                    47kB
  + libegl-devel                                    1.7.0  ha4b6fd6_5                  conda-forge                                    31kB
  + libev                                            4.33  h280c20c_3                  conda-forge                                  Cached
  + libevent                                       2.1.12  h5348a74_2                  conda-forge                                   431kB
  + libexpat                                        2.8.5  hd2095e1_0                  conda-forge                                    78kB
  + libffi                                          3.7.0  h81df57d_1                  conda-forge                                  Cached
  + libfreetype                                    2.14.3  ha770c72_2                  conda-forge                                     8kB
  + libfreetype6                                   2.14.3  h5e6c136_2                  conda-forge                                   388kB
  + libgcc                                         16.2.0  ha9f2e26_7                  conda-forge                                     1MB
  + libgcc-ng                                      16.2.0  h69a702a_7                  conda-forge                                    29kB
  + libgfortran                                    16.2.0  h69a702a_7                  conda-forge                                    29kB
  + libgfortran-ng                                 16.2.0  h69a702a_7                  conda-forge                                    29kB
  + libgfortran5                                   16.2.0  h6b99dfc_7                  conda-forge                                     3MB
  + libgl                                           1.7.0  ha4b6fd6_5                  conda-forge                                   132kB
  + libgl-devel                                     1.7.0  ha4b6fd6_5                  conda-forge                                   116kB
  + libglib                                        2.90.0  h569388d_0                  conda-forge                                     5MB
  + libglvnd                                        1.7.0  ha4b6fd6_5                  conda-forge                                   134kB
  + libglx                                          1.7.0  ha4b6fd6_5                  conda-forge                                    80kB
  + libglx-devel                                    1.7.0  ha4b6fd6_5                  conda-forge                                    28kB
  + libgoogle-cloud                                 3.8.0  hbc29df5_0                  conda-forge                                     3MB
  + libgoogle-cloud-storage                         3.8.0  hdbdcf42_0                  conda-forge                                   811kB
  + libgrpc                                        1.82.1  h284dbb2_1                  conda-forge                                     7MB
  + libharfbuzz                                    14.5.0  h23af247_0                  conda-forge                                     1MB
  + libhwloc                                       2.15.0  default_hd7c4d0c_1001       conda-forge                                     2MB
  + libiconv                                         1.18  h0cb94f2_3                  conda-forge                                  Cached
  + libidn2                                         2.3.8  hfac485b_1                  conda-forge                                   139kB
  + libjpeg-turbo                                   3.2.0  hb03c661_1                  conda-forge                                   650kB
  + liblapack                                      3.11.0  11_h5e43f62_mkl             conda-forge                                    18kB
  + libllvm21                                      21.1.8  h474f4eb_1                  conda-forge                                    45MB
  + libllvm23                                      23.1.2  h474f4eb_0                  conda-forge                                    45MB
  + liblzma                                         5.8.3  hb03c661_1                  conda-forge                                  Cached
  + libmpdec                                        4.0.0  hb03c661_2                  conda-forge                                  Cached
  + libnghttp2                                     1.68.1  h74cf4be_1                  conda-forge                                  Cached
  + libntlm                                           1.8  hb9d3cd8_0                  conda-forge                                    33kB
  + libopengl                                       1.7.0  ha4b6fd6_5                  conda-forge                                    51kB
  + libopentelemetry-cpp                           1.27.0  h3133023_1                  conda-forge                                   949kB
  + libopentelemetry-cpp-headers                   1.27.0  ha770c72_1                  conda-forge                                   395kB
  + libparquet                                     25.0.0  h7376487_4_cpu              conda-forge                                     1MB
  + libpciaccess                                     0.19  hb03c661_1                  conda-forge                                    30kB
  + libpng                                         1.6.58  h922cc85_1                  conda-forge                                   317kB
  + libpq                                            18.6  h3883810_2                  conda-forge                                    12MB
  + libprotobuf                                    7.35.1  h622638d_3                  conda-forge                                     4MB
  + libpsl                                         0.23.1  hd9e3e90_1                  conda-forge                                  Cached
  + libpython                                      3.14.7  hdc7f604_106_cp314          conda-forge                                  Cached
  + libre2-11                                  2025.11.05  h60473fc_2                  conda-forge                                   211kB
  + libsqlite                                      3.53.4  h13e7031_1                  conda-forge                                  Cached
  + libssh2                                        1.11.1  h6154650_1                  conda-forge                                  Cached
  + libstdcxx                                      16.2.0  h934c35e_7                  conda-forge                                     7MB
  + libstdcxx-ng                                   16.2.0  hdf11a46_7                  conda-forge                                    29kB
  + libthrift                                      0.22.0  h7d032f7_2                  conda-forge                                   424kB
  + libtiff                                         4.7.2  hcc2c06a_1                  conda-forge                                   460kB
  + libtorch                                       2.13.0  cpu_mkl_h40bd1c6_102        conda-forge                                    61MB
  + libunistring                                   0.9.10  h7f98852_0                  conda-forge                                     1MB
  + libutf8proc                                    2.11.3  hfe17d71_0                  conda-forge                                    86kB
  + libuuid                                        2.42.4  hcfc3c73_0                  conda-forge                                    34kB
  + libuv                                          1.52.1  h280c20c_1                  conda-forge                                   420kB
  + libvulkan-loader                            1.4.357.0  h0e34353_2                  conda-forge                                   207kB
  + libwebp-base                                    1.6.0  hd42ef1d_1                  conda-forge                                   428kB
  + libxcb                                         1.17.0  hb83e432_2                  conda-forge                                   395kB
  + libxcrypt                                      4.4.38  h280c20c_0                  conda-forge                                   102kB
  + libxkbcommon                                   1.13.2  h51789e4_1                  conda-forge                                   943kB
  + libxml2                                        2.15.4  h7df9aa5_0                  conda-forge                                  Cached
  + libxml2-16                                     2.15.4  hf3af7cc_0                  conda-forge                                  Cached
  + libxslt                                        1.1.45  h8e12856_1                  conda-forge                                   250kB
  + libzlib                                         1.3.2  h25fd6f3_3                  conda-forge                                  Cached
  + llvm-openmp                                    23.1.2  h7148c6a_0                  conda-forge                                     6MB
  + locket                                          1.0.0  pyhd8ed1ab_0                conda-forge                                     8kB
  + lynx                                            2.9.2  hb492485_0                  conda-forge                                   773kB
  + lz4                                             4.4.5  py314ha0fddcf_2             conda-forge                                    45kB
  + lz4-c                                          1.10.0  hee9eb32_2                  conda-forge                                  Cached
  + markdown-it-py                                  4.2.0  pyhd8ed1ab_0                conda-forge                                    69kB
  + markupsafe                                      3.0.3  py314h67df5f8_1             conda-forge                                  Cached
  + matplotlib                                     3.10.9  py314hdafbbf9_0             conda-forge                                    18kB
  + matplotlib-base                                3.10.9  py314h1194b4b_0             conda-forge                                     9MB
  + mdurl                                           0.1.2  pyhd8ed1ab_1                conda-forge                                    14kB
  + mkl                                          2026.1.0  hd2095e1_245                conda-forge                                   142MB
  + mpc                                             1.4.0  ha2cb11d_1                  conda-forge                                   101kB
  + mpfr                                            4.2.2  ha2cb11d_1                  conda-forge                                   730kB
  + mpmath                                          1.4.1  pyhd8ed1ab_0                conda-forge                                   465kB
  + msgpack-python                                  1.2.3  py314h5383ef5_0             conda-forge                                   122kB
  + msgspec                                        0.21.1  py314h89acca1_1             conda-forge                                   223kB
  + munkres                                         1.1.4  pyhd8ed1ab_1                conda-forge                                    16kB
  + narwhals                                       2.26.0  pyh5ded981_0                conda-forge                                   297kB
  + ncurses                                           6.6  hdb14827_1                  conda-forge                                  Cached
  + networkx                                          3.7  pyhc364b38_0                conda-forge                                     2MB
  + nlohmann_json                                  3.12.0  h54a6638_2                  conda-forge                                   136kB
  + numcodecs                                      0.17.0  py314h12ceea2_0             conda-forge                                     2MB
  + numpy                                           2.5.3  py314hd3a7d6b_0             conda-forge                                     9MB
  + onednn                                           3.12  omp_h83de36e_0              conda-forge                                    13MB
  + openjpeg                                        2.5.4  heb1ab33_2                  conda-forge                                   391kB
  + openldap                                       2.6.13  hbde042b_0                  conda-forge                                   786kB
  + openssl                                         3.6.4  h781a0a9_0                  conda-forge                                  Cached
  + optree                                         0.20.0  py314hb3b7642_1             conda-forge                                   597kB
  + orc                                             2.3.1  h443056b_0                  conda-forge                                     1MB
  + packaging                                        26.3  pyhc364b38_0                conda-forge                                  Cached
  + pandas                                          3.0.6  np2py314h9e1d7c2_0          conda-forge                                    15MB
  + partd                                           1.4.2  pyhd8ed1ab_0                conda-forge                                    21kB
  + patsy                                           1.0.3  pyhcf101f3_0                conda-forge                                   194kB
  + pcre2                                           10.47  h8b3dc9c_1                  conda-forge                                     1MB
  + perl                                           5.32.1  10_h7cc23a3_perl5           conda-forge                                    13MB
  + pillow                                         12.3.0  py314h50bfbbb_4             conda-forge                                     1MB
  + pims                                              0.7  pyhd8ed1ab_1                conda-forge                                    71kB
  + pixman                                         0.46.4  h54a6638_3                  conda-forge                                   377kB
  + proj                                            9.9.0  h3767062_0                  conda-forge                                     4MB
  + prometheus-cpp                                  1.3.0  h26ae035_1                  conda-forge                                   196kB
  + psutil                                          7.2.2  py314hfe1a184_3             conda-forge                                   231kB
  + pthread-stubs                                     0.4  h7cc23a3_1004               conda-forge                                    10kB
  + pyarrow                                        25.0.0  py314hdafbbf9_0             conda-forge                                    26kB
  + pyarrow-core                                   25.0.0  py314h969be7f_0_cpu         conda-forge                                     5MB
  + pyavm                                           0.9.9  pyhc455866_0                conda-forge                                   212kB
  + pybind11                                        3.0.4  pyh293190f_0                conda-forge                                   251kB
  + pybind11-abi                                       11  hc364b38_1                  conda-forge                                  Cached
  + pybind11-global                                 3.0.4  pyh648e204_0                conda-forge                                   244kB
  + pydantic                                       2.13.5  pyhcf101f3_0                conda-forge                                  Cached
  + pydantic-core                                  2.46.5  py314h7e8cd81_2             conda-forge                                     2MB
  + pydantic-extra-types                           2.11.1  pyhcf101f3_0                conda-forge                                    72kB
  + pydantic-settings                              2.15.0  pyhcf101f3_0                conda-forge                                    61kB
  + pyerfa                                        2.0.1.5  py310h32771cd_2             conda-forge                                   296kB
  + pygments                                       2.21.0  pyhcf101f3_0                conda-forge                                   959kB
  + pyparsing                                       3.3.3  pyh5ded981_0                conda-forge                                   114kB
  + pyproj                                          3.8.0  py314h08533f4_2             conda-forge                                   609kB
  + pyshp                                           3.1.6  pyhcf101f3_0                conda-forge                                   514kB
  + pyside6                                        6.11.2  py314h574d94f_1             conda-forge                                    14MB
  + pysocks                                         1.7.1  pyha55dd90_7                conda-forge                                  Cached
  + python                                         3.14.7  hcd007b5_106_cp314          conda-forge                                  Cached
  + python-abi3                                      3.14  hab9af60_3                  conda-forge                                     8kB
  + python-dateutil                           2.9.0.post0  pyhe01879c_2                conda-forge                                   233kB
  + python-dotenv                                   1.2.3  pyhcf101f3_0                conda-forge                                    28kB
  + python-gil                                     3.14.7  h4df99d1_106                conda-forge                                  Cached
  + python-multipart                               0.0.32  pyhcf101f3_0                conda-forge                                    38kB
  + python_abi                                       3.14  9_cp314                     conda-forge                                  Cached
  + pytorch                                        2.13.0  cpu_mkl_py314_hf0508d8_102  conda-forge                                    28MB
  + pyyaml                                          6.0.3  py314h67df5f8_1             conda-forge                                   202kB
  + qhull                                          2020.2  h434a139_5                  conda-forge                                   553kB
  + qt6-main                                       6.11.2  pl5321h9df5c37_0            conda-forge                                    61MB
  + re2                                        2025.11.05  h94463f1_2                  conda-forge                                    27kB
  + readline                                          8.3  hd6e31c0_1                  conda-forge                                  Cached
  + reproject                                      0.21.0  py314hc02f841_0             conda-forge                                     1MB
  + requests                                       2.34.2  pyhcf101f3_0                conda-forge                                  Cached
  + rich                                           15.0.0  pyhcf101f3_0                conda-forge                                   209kB
  + rich-toolkit                                   0.20.5  pyh5ded981_0                conda-forge                                    37kB
  + s2n                                             1.7.5  h7e3ee7f_1                  conda-forge                                   393kB
  + scipy                                          1.18.1  py314h36f0660_1             conda-forge                                    17MB
  + setuptools                                     81.0.0  pyh332efcf_0                conda-forge                                   677kB
  + shapely                                         2.1.2  py314he501186_3             conda-forge                                   665kB
  + shellingham                                     1.5.4  pyhd8ed1ab_2                conda-forge                                    15kB
  + six                                            1.17.0  pyhe01879c_1                conda-forge                                    18kB
  + sleef                                           3.9.0  ha0421bc_0                  conda-forge                                     2MB
  + slicerator                                      1.1.0  pyhd8ed1ab_1                conda-forge                                    16kB
  + snappy                                          1.2.2  h34e00bb_2                  conda-forge                                    46kB
  + sniffio                                         1.3.1  pyhd8ed1ab_2                conda-forge                                  Cached
  + sortedcontainers                                2.4.0  pyhd8ed1ab_1                conda-forge                                    29kB
  + sqlite                                         3.53.4  h9ffa6c4_1                  conda-forge                                   206kB
  + starlette                                       1.7.0  pyh5ded981_0                conda-forge                                    68kB
  + statsmodels                                    0.15.0  np2py314h8874201_2          conda-forge                                    14MB
  + sympy                                          1.14.0  pyh2585a3b_106              conda-forge                                     5MB
  + tbb                                          2023.1.0  haa8c3ee_2                  conda-forge                                   187kB
  + tblib                                           3.2.2  pyhcf101f3_0                conda-forge                                    19kB
  + tifffile                                    2026.9.20  pyhc364b38_0                conda-forge                                   233kB
  + tk                                             8.6.13  noxft_h1df4ec4_4            conda-forge                                  Cached
  + tomli                                           2.4.1  pyhcf101f3_0                conda-forge                                  Cached
  + toolz                                           1.1.0  pyhd8ed1ab_1                conda-forge                                    54kB
  + tornado                                        6.5.10  py314h89acca1_0             conda-forge                                   950kB
  + typer                                          0.27.2  pyhcf101f3_0                conda-forge                                   188kB
  + typing-extensions                              4.16.0  h69aa097_0                  conda-forge                                  Cached
  + typing-inspection                               0.4.4  pyhcf101f3_0                conda-forge                                  Cached
  + typing_extensions                              4.16.0  pyhcf101f3_0                conda-forge                                  Cached
  + tzdata                                          2026c  h151e31d_0                  conda-forge                                  Cached
  + urllib3                                         2.8.0  pyhd8ed1ab_0                conda-forge                                   107kB
  + uvicorn                                        0.54.0  pyh53cf698_0                conda-forge                                    64kB
  + uvicorn-standard                               0.54.0  h6c8c7fd_0                  conda-forge                                     4kB
  + uvloop                                         0.22.1  py314h89acca1_2             conda-forge                                   628kB
  + watchfiles                                      1.3.0  py311h1180b86_0             conda-forge                                   377kB
  + wayland                                        1.26.0  hc1c935e_2                  conda-forge                                   340kB
  + websockets                                       17.1  py314hc824af9_1             conda-forge                                   439kB
  + wrapt                                           2.5.0  py314hfe1a184_0             conda-forge                                   158kB
  + xcb-util                                        0.4.1  h4f16b4b_2                  conda-forge                                    21kB
  + xcb-util-cursor                                 0.1.6  hb03c661_0                  conda-forge                                    21kB
  + xcb-util-image                                  0.4.0  hb711507_2                  conda-forge                                    25kB
  + xcb-util-keysyms                                0.4.1  hb711507_0                  conda-forge                                    14kB
  + xcb-util-renderutil                            0.3.10  hb711507_0                  conda-forge                                    17kB
  + xcb-util-wm                                     0.4.2  hb711507_0                  conda-forge                                    52kB
  + xkeyboard-config                                 2.48  h280c20c_0                  conda-forge                                   442kB
  + xorg-libice                                     1.1.2  h280c20c_0                  conda-forge                                    63kB
  + xorg-libsm                                      1.2.6  h0d788c3_1                  conda-forge                                    31kB
  + xorg-libx11                                    1.8.13  he1eb515_1                  conda-forge                                   840kB
  + xorg-libxau                                    1.0.12  h7cc23a3_2                  conda-forge                                    19kB
  + xorg-libxcomposite                              0.4.7  hb03c661_0                  conda-forge                                    14kB
  + xorg-libxcursor                                 1.2.3  hb9d3cd8_0                  conda-forge                                    33kB
  + xorg-libxdamage                                 1.1.6  hb9d3cd8_0                  conda-forge                                    13kB
  + xorg-libxdmcp                                   1.1.5  h7cc23a3_2                  conda-forge                                    23kB
  + xorg-libxext                                    1.3.7  h7cc23a3_1                  conda-forge                                    53kB
  + xorg-libxfixes                                  6.0.2  h7cc23a3_1                  conda-forge                                    21kB
  + xorg-libxi                                      1.8.3  h7cc23a3_1                  conda-forge                                    49kB
  + xorg-libxrandr                                  1.5.5  h7cc23a3_1                  conda-forge                                    31kB
  + xorg-libxrender                                0.9.12  hb03c661_1                  conda-forge                                    35kB
  + xorg-libxt                                      1.3.1  h7cc23a3_1                  conda-forge                                   384kB
  + xorg-libxtst                                    1.2.5  h7cc23a3_4                  conda-forge                                    35kB
  + xorg-libxxf86vm                                 1.1.7  hb03c661_0                  conda-forge                                    19kB
  + xorg-xorgproto                                 2025.1  hebe6cf0_3                  conda-forge                                   596kB
  + xyzservices                                  2026.9.1  pyhd8ed1ab_0                conda-forge                                    54kB
  + yaml                                            0.2.5  hebe6cf0_3                  conda-forge                                    85kB
  + zarr                                            3.4.0  pyhc364b38_0                conda-forge                                   499kB
  + zict                                            3.0.0  pyhd8ed1ab_1                conda-forge                                    36kB
  + zipp                                            4.1.0  pyhcf101f3_0                conda-forge                                  Cached
  + zlib                                            1.3.2  h25fd6f3_3                  conda-forge                                    96kB
  + zlib-ng                                         2.3.3  hce19668_1                  conda-forge                                   124kB
  + zstd                                            1.5.7  hb78ec9c_7                  conda-forge                                  Cached

  Summary:

  Install: 335 packages

  Total download: 1GB

────────────────────────────────────────────────────────────────────────────────────────────────────────────────────────────────────────────



Transaction starting
Linking libzlib-1.3.2-h25fd6f3_3
Linking llvm-openmp-23.1.2-h7148c6a_0
Linking libglvnd-1.7.0-ha4b6fd6_5
Linking libopentelemetry-cpp-headers-1.27.0-ha770c72_1
Linking nlohmann_json-3.12.0-h54a6638_2
Linking zlib-1.3.2-h25fd6f3_3
Linking zstd-1.5.7-hb78ec9c_7
Linking _openmp_mutex-4.5-8_kmp_llvm
Linking libopengl-1.7.0-ha4b6fd6_5
Linking libegl-1.7.0-ha4b6fd6_5
Linking ld_impl_linux-64-2.46.1-default_hbd61a6d_102
Linking libgcc-16.2.0-ha9f2e26_7
Linking aws-c-common-0.14.2-hb03c661_0
Linking libutf8proc-2.11.3-hfe17d71_0
Linking yaml-0.2.5-hebe6cf0_3
Linking xorg-libxdmcp-1.1.5-h7cc23a3_2
Linking xorg-libxau-1.0.12-h7cc23a3_2
Linking xorg-libice-1.1.2-h280c20c_0
Linking libntlm-1.8-hb9d3cd8_0
Linking libpciaccess-0.19-hb03c661_1
Linking alsa-lib-1.2.16.1-h7cc23a3_1
Linking libdeflate-1.25-hd45a770_1
Linking libev-4.33-h280c20c_3
Linking c-ares-1.34.8-hebe6cf0_2
Linking keyutils-1.6.3-h7cc23a3_1
Linking libwebp-base-1.6.0-hd42ef1d_1
Linking libjpeg-turbo-3.2.0-hb03c661_1
Linking pthread-stubs-0.4-h7cc23a3_1004
Linking libgcc-ng-16.2.0-h69a702a_7
Linking libbrotlicommon-1.2.0-h39a168f_4
Linking xorg-xorgproto-2025.1-hebe6cf0_3
Linking libpng-1.6.58-h922cc85_1
Linking libiconv-1.18-h0cb94f2_3
Linking libgfortran5-16.2.0-h6b99dfc_7
Linking libxcrypt-4.4.38-h280c20c_0
Linking tk-8.6.13-noxft_h1df4ec4_4
Linking ncurses-6.6-hdb14827_1
Linking libuuid-2.42.4-hcfc3c73_0
Linking libmpdec-4.0.0-hb03c661_2
Linking liblzma-5.8.3-hb03c661_1
Linking libffi-3.7.0-h81df57d_1
Linking libexpat-2.8.5-hd2095e1_0
Linking bzip2-1.0.8-hda65f42_10
Linking libuv-1.52.1-h280c20c_1
Linking libstdcxx-16.2.0-h934c35e_7
Linking aws-c-compression-0.3.2-h720e601_4
Linking aws-checksums-0.2.10-h720e601_4
Linking aws-c-sdkutils-0.2.7-h720e601_2
Linking libdrm-2.4.129-h7cc23a3_0
Linking libxcb-1.17.0-hb83e432_2
Linking libunistring-0.9.10-h7f98852_0
Linking libbrotlienc-1.2.0-h018ffa1_4
Linking libbrotlidec-1.2.0-ha411449_4
Linking libfreetype6-2.14.3-h5e6c136_2
Linking libgfortran-16.2.0-h69a702a_7
Linking perl-5.32.1-10_h7cc23a3_perl5
Linking libedit-3.1.20250104-pl5321h373387f_1
Linking readline-8.3-hd6e31c0_1
Linking xorg-libsm-1.2.6-h0d788c3_1
Linking pcre2-10.47-h8b3dc9c_1
Linking gflags-2.3.1-h54a6638_0
Linking snappy-1.2.2-h34e00bb_2
Linking graphite2-1.3.15-h54a6638_1
Linking zlib-ng-2.3.3-hce19668_1
Linking geos-3.14.1-h55b0958_0
Linking icu-78.3-py310h44b86e0_2
Linking pixman-0.46.4-h54a6638_3
Linking wayland-1.26.0-hc1c935e_2
Linking double-conversion-3.4.0-hecca717_0
Linking lerc-4.2.0-hdb68285_0
Linking lz4-c-1.10.0-hee9eb32_2
Linking gmp-6.3.0-hfd2156b_3
Linking libstdcxx-ng-16.2.0-hdf11a46_7
Linking sleef-3.9.0-ha0421bc_0
Linking onednn-3.12-omp_h83de36e_0
Linking fmt-12.1.0-h76c4fd7_1
Linking libpython-3.14.7-hdc7f604_106_cp314
Linking libabseil-20260526.0-cxx17_h0dc7533_2
Linking xcb-util-0.4.1-h4f16b4b_2
Linking xcb-util-wm-0.4.2-hb711507_0
Linking xcb-util-renderutil-0.3.10-hb711507_0
Linking xcb-util-keysyms-0.4.1-hb711507_0
Linking xorg-libx11-1.8.13-he1eb515_1
Linking libidn2-2.3.8-hfac485b_1
Linking brotli-bin-1.2.0-h9908984_4
Linking libfreetype-2.14.3-ha770c72_2
Linking libgfortran-ng-16.2.0-h69a702a_7
Linking fftw-3.3.11-nompi_h3b011a4_100
Linking libglib-2.90.0-h569388d_0
Linking glog-0.7.1-hb7133d2_1
Linking libsqlite-3.53.4-h13e7031_1
Linking libxml2-16-2.15.4-hf3af7cc_0
Linking libpsl-0.23.1-hd9e3e90_1
Linking libtiff-4.7.2-hcc2c06a_1
Linking mpfr-4.2.2-ha2cb11d_1
Linking libcrc32c-1.1.2-h9c3ff4c_0
Linking qhull-2020.2-h434a139_5
Linking libre2-11-2025.11.05-h60473fc_2
Linking libprotobuf-7.35.1-h622638d_3
Linking xcb-util-image-0.4.0-hb711507_2
Linking xkeyboard-config-2.48-h280c20c_0
Linking libglx-1.7.0-ha4b6fd6_5
Linking xorg-libxext-1.3.7-h7cc23a3_1
Linking xorg-libxrender-0.9.12-hb03c661_1
Linking xorg-libxfixes-6.0.2-h7cc23a3_1
Linking xorg-libxt-1.3.1-h7cc23a3_1
Linking brotli-1.2.0-h505cf86_4
Linking fontconfig-2.18.3-h4db4eae_1
Linking freetype-2.14.3-ha770c72_2
Linking dbus-1.16.2-he8c428d_2
Linking sqlite-3.53.4-h9ffa6c4_1
Linking libxml2-2.15.4-h7df9aa5_0
Linking openjpeg-2.5.4-heb1ab33_2
Linking lcms2-2.19.1-h9073bf1_3
Linking mpc-1.4.0-ha2cb11d_1
Linking re2-2025.11.05-h94463f1_2
Linking xcb-util-cursor-0.1.6-hb03c661_0
Linking libglx-devel-1.7.0-ha4b6fd6_5
Linking libgl-1.7.0-ha4b6fd6_5
Linking xorg-libxxf86vm-1.1.7-hb03c661_0
Linking xorg-libxrandr-1.5.5-h7cc23a3_1
Linking xorg-libxi-1.8.3-h7cc23a3_1
Linking xorg-libxdamage-1.1.6-hb9d3cd8_0
Linking xorg-libxcomposite-0.4.7-hb03c661_0
Linking xorg-libxcursor-1.2.3-hb9d3cd8_0
Linking libllvm21-21.1.8-h474f4eb_1
Linking libxkbcommon-1.13.2-h51789e4_1
Linking libllvm23-23.1.2-h474f4eb_0
Linking libxslt-1.1.45-h8e12856_1
Linking libhwloc-2.15.0-default_hd7c4d0c_1001
Linking libgl-devel-1.7.0-ha4b6fd6_5
Linking libvulkan-loader-1.4.357.0-h0e34353_2
Linking xorg-libxtst-1.2.5-h7cc23a3_4
Linking libclang-cpp23.1-23.1.2-default_h0acdd01_0
Linking tbb-2023.1.0-haa8c3ee_2
Linking libegl-devel-1.7.0-ha4b6fd6_5
Linking libclang13-23.1.2-default_hfab3205_0
Linking mkl-2026.1.0-hd2095e1_245
Linking libblas-3.11.0-11_h5875eb1_mkl
Linking liblapack-3.11.0-11_h5e43f62_mkl
Linking libcblas-3.11.0-11_hfef963f_mkl
Linking gsl-2.7-he838d99_0
Linking fgsl-1.6.0-hdc47aa6_0
Linking python_abi-3.14-9_cp314
Linking tzdata-2026c-h151e31d_0
Linking pybind11-abi-11-hc364b38_1
Linking ca-certificates-2026.7.22-hbd8a1cb_0
Linking font-ttf-ubuntu-0.83-h77eed37_3
Linking font-ttf-dejavu-sans-mono-2.37-hab24e00_0
Linking font-ttf-inconsolata-3.000-h77eed37_0
Linking font-ttf-source-code-pro-2.038-h77eed37_0
Linking fonts-conda-forge-1-hc364b38_1
Linking fonts-conda-ecosystem-1-0
Linking orc-2.3.1-h443056b_0
Linking libtorch-2.13.0-cpu_mkl_h40bd1c6_102
Linking openssl-3.6.4-h781a0a9_0
Linking cairo-1.18.6-h3c89d7e_0
Linking libgrpc-1.82.1-h284dbb2_1
Linking s2n-1.7.5-h7e3ee7f_1
Linking aws-c-cal-0.9.14-h2aa3ae6_4
Linking libevent-2.1.12-h5348a74_2
Linking libssh2-1.11.1-h6154650_1
Linking libnghttp2-1.68.1-h74cf4be_1
Linking krb5-1.22.2-hbc21106_2
Linking lynx-2.9.2-hb492485_0
Linking python-3.14.7-hcd007b5_106_cp314
Linking libharfbuzz-14.5.0-h23af247_0
Linking aws-c-io-0.27.3-h6f4d18d_1
Linking libthrift-0.22.0-h7d032f7_2
Linking cyrus-sasl-2.1.28-hac629b4_1
Linking libcups-2.3.3-h7a8fb5f_6
Linking libcurl-8.22.0-ha042cf0_0
Linking psutil-7.2.2-py314hfe1a184_3
Linking msgpack-python-1.2.3-py314h5383ef5_0
Linking lz4-4.4.5-py314ha0fddcf_2
Linking msgspec-0.21.1-py314h89acca1_1
Linking google-crc32c-1.8.0-py314h34eed7f_2
Linking brotli-python-1.2.0-py314hcd2bdb6_4
Linking gmpy2-2.3.1-py314h1867f89_1
Linking wrapt-2.5.0-py314hfe1a184_0
Linking uvloop-0.22.1-py314h89acca1_2
Linking httptools-0.8.0-py314h89acca1_2
Linking pyyaml-6.0.3-py314h67df5f8_1
Linking tornado-6.5.10-py314h89acca1_0
Linking kiwisolver-1.5.1-py314h5383ef5_3
Linking pillow-12.3.0-py314h50bfbbb_4
Linking markupsafe-3.0.3-py314h67df5f8_1
Linking fastar-0.12.0-py314h98b41b9_0
Linking numpy-2.5.3-py314hd3a7d6b_0
Linking websockets-17.1-py314hc824af9_1
Linking aws-c-http-0.11.0-h38ae05a_4
Linking aws-c-event-stream-0.7.1-h6ffeea8_4
Linking openldap-2.6.13-hbde042b_0
Linking prometheus-cpp-1.3.0-h26ae035_1
Linking azure-core-cpp-1.16.3-h206d751_0
Linking proj-9.9.0-h3767062_0
Linking cfitsio-4.6.3-ha0b56bc_0
Linking pyerfa-2.0.1.5-py310h32771cd_2
Linking contourpy-1.4.0-py314h5383ef5_1
Linking shapely-2.1.2-py314he501186_3
Linking scipy-1.18.1-py314h36f0660_1
Linking aws-c-auth-0.10.4-hb7a77c6_1
Linking aws-c-mqtt-0.16.0-h21f4ec5_2
Linking libpq-18.6-h3883810_2
Linking libopentelemetry-cpp-1.27.0-h3133023_1
Linking azure-storage-common-cpp-12.14.0-hf596fc9_1
Linking azure-identity-cpp-1.13.3-h71f81a8_2
Linking aws-c-s3-0.12.8-h46fcd08_1
Linking qt6-main-6.11.2-pl5321h9df5c37_0
Linking libgoogle-cloud-3.8.0-hbc29df5_0
Linking azure-storage-blobs-cpp-12.18.0-h74b55db_1
Linking aws-crt-cpp-0.40.1-h102d43b_3
Linking pyside6-6.11.2-py314h574d94f_1
Linking libgoogle-cloud-storage-3.8.0-hdbdcf42_0
Linking azure-storage-files-datalake-cpp-12.16.0-h1f05bef_1
Linking aws-sdk-cpp-1.11.833-hc7390e0_9
Linking libarrow-25.0.0-hcc2f0d9_4_cpu
Linking libarrow-compute-25.0.0-h53684a4_4_cpu
Linking libparquet-25.0.0-h7376487_4_cpu
Linking pyarrow-core-25.0.0-py314h969be7f_0_cpu
Linking libarrow-acero-25.0.0-h635bf11_4_cpu
Linking libarrow-dataset-25.0.0-h635bf11_4_cpu
Linking libarrow-substrait-25.0.0-h66fbfdd_4_cpu
Linking pyarrow-25.0.0-py314hdafbbf9_0
Linking pybind11-global-3.0.4-pyh648e204_0
Linking zipp-4.1.0-pyhcf101f3_0
Linking xyzservices-2026.9.1-pyhd8ed1ab_0
Linking slicerator-1.1.0-pyhd8ed1ab_1
Linking locket-1.0.0-pyhd8ed1ab_0
Linking zict-3.0.0-pyhd8ed1ab_1
Linking tblib-3.2.2-pyhcf101f3_0
Linking sortedcontainers-2.4.0-pyhd8ed1ab_1
Linking toolz-1.1.0-pyhd8ed1ab_1
Linking cloudpickle-3.1.2-pyhcf101f3_1
Linking hyperframe-6.1.0-pyhd8ed1ab_0
Linking hpack-4.2.0-pyhd8ed1ab_0
Linking mdurl-0.1.2-pyhd8ed1ab_1
Linking six-1.17.0-pyhe01879c_1
Linking pysocks-1.7.1-pyha55dd90_7
Linking backports.zstd-1.7.0-py314h680f03e_1
Linking mpmath-1.4.1-pyhd8ed1ab_0
Linking cpython-3.14.7-py314hd8ed1ab_106
Linking narwhals-2.26.0-pyh5ded981_0
Linking interface_meta-1.3.0-pyhd8ed1ab_1
Linking shellingham-1.5.4-pyhd8ed1ab_2
Linking colorama-0.4.6-pyhd8ed1ab_1
Linking tomli-2.4.1-pyhcf101f3_0
Linking astropy-iers-data-0.2026.9.28.0.59.37-pyhd8ed1ab_0
Linking munkres-1.1.4-pyhd8ed1ab_1
Linking pyparsing-3.3.3-pyh5ded981_0
Linking cycler-0.12.1-pyhcf101f3_2
Linking setuptools-81.0.0-pyh332efcf_0
Linking networkx-3.7-pyhc364b38_0
Linking filelock-4.0.6-pyhd8ed1ab_0
Linking pyshp-3.1.6-pyhcf101f3_0
Linking pyavm-0.9.9-pyhc455866_0
Linking fsspec-2026.9.0-pyhd8ed1ab_0
Linking packaging-26.3-pyhc364b38_0
Linking pygments-2.21.0-pyhcf101f3_0
Linking charset-normalizer-3.5.1-pyhd8ed1ab_0
Linking certifi-2026.7.22-pyhd8ed1ab_0
Linking python-dotenv-1.2.3-pyhcf101f3_0
Linking sniffio-1.3.1-pyhd8ed1ab_2
Linking idna-3.20-pyh5ded981_0
Linking annotated-doc-0.0.5-pyhcf101f3_0
Linking python-multipart-0.0.32-pyhcf101f3_0
Linking typing_extensions-4.16.0-pyhcf101f3_0
Linking click-8.5.0-pyh5ded981_0
Linking donfig-0.8.1.post1-pyhd8ed1ab_1
Linking jinja2-3.1.6-pyhcf101f3_1
Linking imageio-2.38.0-pyh5ded981_0
Linking tifffile-2026.9.20-pyhc364b38_0
Linking pybind11-3.0.4-pyh293190f_0
Linking importlib-metadata-9.0.1-pyhcf101f3_0
Linking partd-1.4.2-pyhd8ed1ab_0
Linking h2-4.4.1-pyhcf101f3_0
Linking markdown-it-py-4.2.0-pyhd8ed1ab_0
Linking python-dateutil-2.9.0.post0-pyhe01879c_2
Linking python-gil-3.14.7-h4df99d1_106
Linking sympy-1.14.0-pyh2585a3b_106
Linking patsy-1.0.3-pyhcf101f3_0
Linking dnspython-2.8.0-pyhcf101f3_0
Linking typing-extensions-4.16.0-h69aa097_0
Linking anyio-4.15.1-pyh5ded981_1
Linking typing-inspection-0.4.4-pyhcf101f3_0
Linking h11-0.16.0-pyhcf101f3_1
Linking bokeh-3.10.0-pyhd8ed1ab_0
Linking pims-0.7-pyhd8ed1ab_1
Linking dask-core-2026.8.0-pyhc364b38_0
Linking urllib3-2.8.0-pyhd8ed1ab_0
Linking rich-15.0.0-pyhcf101f3_0
Linking _python_abi3_support-1.0-hd8ed1ab_3
Linking email-validator-2.3.0-pyhd8ed1ab_0
Linking annotated-types-0.8.0-pyhd8ed1ab_0
Linking starlette-1.7.0-pyh5ded981_0
Linking httpcore-1.0.9-pyh29332c3_0
Linking uvicorn-0.54.0-pyh53cf698_0
Linking dask-image-2026.5.0-pyhd8ed1ab_1
Linking requests-2.34.2-pyhcf101f3_0
Linking typer-0.27.2-pyhcf101f3_0
Linking rich-toolkit-0.20.5-pyh5ded981_0
Linking python-abi3-3.14-hab9af60_3
Linking email_validator-2.3.0-hd8ed1ab_0
Linking httpx-0.28.1-pyhd8ed1ab_0
Linking cytoolz-1.1.0-py314h89acca1_3
Linking fonttools-4.66.0-py314hd42368d_0
Linking astropy-base-8.0.1-py314h12ceea2_1
Linking pyproj-3.8.0-py314h08533f4_2
Linking numcodecs-0.17.0-py314h12ceea2_0
Linking pandas-3.0.6-np2py314h9e1d7c2_0
Linking optree-0.20.0-py314hb3b7642_1
Linking pydantic-core-2.46.5-py314h7e8cd81_2
Linking watchfiles-1.3.0-py311h1180b86_0
Linking matplotlib-base-3.10.9-py314h1194b4b_0
Linking astropy-healpix-2.0.1-np2py314h8874201_2
Linking pytorch-2.13.0-cpu_mkl_py314_hf0508d8_102
Linking healpy-1.18.1-py314h2ff6669_3
Linking cartopy-0.26.0-np2py314hbf8ec49_1
Linking matplotlib-3.10.9-py314hdafbbf9_0
Linking distributed-2026.8.0-pyhc364b38_0
Linking zarr-3.4.0-pyhc364b38_0
Linking formulaic-1.2.2-pyhd8ed1ab_0
Linking pydantic-2.13.5-pyhcf101f3_0
Linking uvicorn-standard-0.54.0-h6c8c7fd_0
Linking dask-2026.8.0-pyhc364b38_0
Linking pydantic-settings-2.15.0-pyhcf101f3_0
Linking pydantic-extra-types-2.11.1-pyhcf101f3_0
Linking fastapi-core-0.141.1-pyhcf101f3_0
Linking fastapi-cli-0.0.32-pyhcf101f3_0
Linking fastapi-0.141.1-h76d476e_0
Linking statsmodels-0.15.0-np2py314h8874201_2
Linking reproject-0.21.0-py314hc02f841_0
Linking fviewer-0.3.8-pyh4616a5c_0
Linking astro-gdt-2.2.3-pyhd8ed1ab_0
Linking heasoft-6.37.1-hb0f4dca_0
warning  libmamba Executing post-link script for package 'heasoft'.


Transaction finished


To activate this environment, use:

    mamba activate henv

Or to execute a single command in this environment, use:

    mamba run -n henv mycommand

activating heasoft in /root/miniforge3/envs/henv/heasoft
HEADAS=/root/miniforge3/envs/henv/heasoft
/root/miniforge3/envs/henv/heasoft/bin/fversion
/root/miniforge3/envs/henv/heasoft/bin/xspec
/root/miniforge3/envs/henv/heasoft/bin/pcabackest
/root/miniforge3/envs/henv/heasoft/bin/saextrct
02Sep2026_V6.37.1
heasoft                             6.37.1               hb0f4dca_0                  https://heasarc.gsfc.nasa.gov/FTP/software/conda

