activating heasoft in /root/miniforge3/envs/henv/heasoft
xspec exit 0
		XSPEC version: 13.0.1
 
IC5 tbabs transmission: {'t_at_0_equals_1': True, 'monotone': True, 'band_order': True} | t(1e22): {'L': 0.8639, 'M': 0.9793, 'H': 0.9965}
      count   mean    std    min    25%    50%    75%    max
cls                                                         
BH     13.0  0.468  0.362  0.045  0.197  0.390  0.668  1.390
NPNS   48.0  0.650  0.523  0.067  0.240  0.457  0.940  1.836
PSR    39.0  0.859  0.557  0.015  0.339  0.882  1.202  1.966

main task: 61 sources (13 BH), 93461 points
  RF [C2D] done (44 s)
  RF [C1D] done (83 s)
  RF [C2D_NH] done (112 s)
  RF [C1D_NH] done (150 s)
  RF [CCI_NH] done (178 s)
  RF [C2D+logNH] done (196 s)
  RF [C1D+logNH] done (210 s)
  LR [C2D] done (211 s)
  LR [C1D] done (213 s)
  LR [C2D_NH] done (215 s)
  LR [C1D_NH] done (217 s)
  LR [CCI_NH] done (219 s)
  LR [C2D+logNH] done (221 s)
  LR [C1D+logNH] done (223 s)
  KNN [C2D] done (233 s)
  KNN [C1D] done (241 s)
  KNN [C2D_NH] done (252 s)
  KNN [C1D_NH] done (260 s)
  KNN [CCI_NH] done (273 s)
  KNN [C2D+logNH] done (286 s)
  KNN [C1D+logNH] done (297 s)

IC6:
    model     n  n_v7  max_abs_diff  passed
 RF [C2D] 93461 93461  1.110223e-16    True
 RF [C1D] 93461 93461  1.110223e-16    True
 LR [C2D] 93461 93461  8.326673e-17    True
 LR [C1D] 93461 93461  5.551115e-17    True
KNN [C2D] 93461 93461  1.110223e-16    True
KNN [C1D] 93461 93461  1.110223e-16    True

metric                                                source_AUC source_balanced_accuracy
comparison                                                                               
KNN DiD: (C2D_NH - C1D_NH) - (C2D - C1D)  -0.104 [-0.231,+0.006]   -0.111 [-0.232,+0.015]
KNN [C1D+logNH]                           +0.558 [+0.412,+0.707]   +0.477 [+0.348,+0.620]
KNN [C1D+logNH] - KNN [C1D]               +0.131 [-0.088,+0.335]   +0.080 [-0.139,+0.293]
KNN [C1D]                                 +0.428 [+0.276,+0.599]   +0.397 [+0.268,+0.536]
KNN [C1D_NH]                              +0.518 [+0.359,+0.688]   +0.473 [+0.375,+0.599]
KNN [C2D+logNH]                           +0.636 [+0.457,+0.801]   +0.529 [+0.393,+0.675]
KNN [C2D+logNH] - KNN [C1D+logNH]         +0.078 [-0.029,+0.184]   +0.052 [-0.071,+0.167]
KNN [C2D]                                 +0.800 [+0.633,+0.938]   +0.738 [+0.598,+0.874]
KNN [C2D] - KNN [C1D]                     +0.372 [+0.184,+0.566]   +0.341 [+0.135,+0.550]
KNN [C2D_NH]                              +0.785 [+0.607,+0.939]   +0.704 [+0.557,+0.843]
KNN [C2D_NH] - KNN [C1D_NH]               +0.268 [+0.082,+0.470]   +0.231 [+0.084,+0.377]
KNN [C2D_NH] - KNN [C2D]                  -0.014 [-0.085,+0.059]   -0.034 [-0.125,+0.071]
KNN [CCI_NH]                              +0.726 [+0.545,+0.873]   +0.647 [+0.501,+0.794]
KNN [CCI_NH] - KNN [C2D_NH]               -0.059 [-0.141,+0.008]   -0.056 [-0.175,+0.045]
LR DiD: (C2D_NH - C1D_NH) - (C2D - C1D)   -0.016 [-0.059,+0.021]   -0.028 [-0.161,+0.108]
LR [C1D+logNH]                            +0.521 [+0.345,+0.694]   +0.491 [+0.341,+0.641]
LR [C1D+logNH] - LR [C1D]                 +0.071 [-0.123,+0.245]   -0.007 [-0.206,+0.178]
LR [C1D]                                  +0.450 [+0.293,+0.622]   +0.498 [+0.352,+0.645]
LR [C1D_NH]                               +0.452 [+0.295,+0.622]   +0.498 [+0.352,+0.645]
LR [C2D+logNH]                            +0.564 [+0.375,+0.747]   +0.558 [+0.404,+0.704]
LR [C2D+logNH] - LR [C1D+logNH]           +0.043 [-0.030,+0.123]   +0.067 [-0.034,+0.192]
LR [C2D]                                  +0.590 [+0.410,+0.764]   +0.596 [+0.446,+0.740]
LR [C2D] - LR [C1D]                       +0.139 [-0.032,+0.306]   +0.098 [-0.087,+0.280]
LR [C2D_NH]                               +0.575 [+0.407,+0.742]   +0.568 [+0.411,+0.712]
LR [C2D_NH] - LR [C1D_NH]                 +0.123 [-0.026,+0.269]   +0.070 [-0.105,+0.244]
LR [C2D_NH] - LR [C2D]                    -0.014 [-0.055,+0.021]   -0.028 [-0.161,+0.108]
LR [CCI_NH]                               +0.529 [+0.364,+0.696]   +0.481 [+0.324,+0.638]
LR [CCI_NH] - LR [C2D_NH]                 -0.046 [-0.091,-0.014]   -0.087 [-0.203,+0.000]
RF DiD: (C2D_NH - C1D_NH) - (C2D - C1D)   -0.034 [-0.223,+0.130]   -0.038 [-0.115,+0.000]
RF [C1D+logNH]                            +0.543 [+0.370,+0.721]   +0.525 [+0.427,+0.633]
RF [C1D+logNH] - RF [C1D]                 +0.179 [-0.022,+0.364]   +0.025 [-0.073,+0.133]
RF [C1D]                                  +0.364 [+0.216,+0.532]   +0.500 [+0.500,+0.500]
RF [C1D_NH]                               +0.361 [+0.204,+0.534]   +0.500 [+0.500,+0.500]
RF [C2D+logNH]                            +0.691 [+0.527,+0.838]   +0.486 [+0.417,+0.574]
RF [C2D+logNH] - RF [C1D+logNH]           +0.147 [+0.059,+0.240]   -0.038 [-0.126,+0.021]
RF [C2D]                                  +0.774 [+0.590,+0.934]   +0.577 [+0.500,+0.692]
RF [C2D] - RF [C1D]                       +0.410 [+0.229,+0.591]   +0.077 [+0.000,+0.192]
RF [C2D_NH]                               +0.737 [+0.550,+0.907]   +0.538 [+0.500,+0.615]
RF [C2D_NH] - RF [C1D_NH]                 +0.377 [+0.160,+0.595]   +0.038 [+0.000,+0.115]
RF [C2D_NH] - RF [C2D]                    -0.037 [-0.085,-0.002]   -0.038 [-0.115,+0.000]
RF [CCI_NH]                               +0.726 [+0.546,+0.880]   +0.538 [+0.500,+0.615]
RF [CCI_NH] - RF [C2D_NH]                 -0.011 [-0.096,+0.058]   +0.000 [-0.115,+0.115]
log N_H alone                             +0.410 [+0.244,+0.588]   +0.495 [+0.349,+0.642]

PRIMARY RF[C2D_NH] - RF[C1D_NH] source AUC: +0.377 [+0.160,+0.595] -> difference (CI excludes 0)
total 312 s
