metric                                                                                                                                                                 obs_balanced_accuracy              source_AUC source_balanced_accuracy
comparison_type                 run                                      comparison                                                                                                                                                          
(i) original 31 sources, paired main (34 sources)                        B-LR [main (34 sources)] on the 31 v2 sources                                                +0.783 [+0.613,+0.924]  +0.887 [+0.720,+1.000]   +0.815 [+0.619,+0.979]
                                                                         B-LR [main (34 sources)] on the 31 v2 sources - v2 B-LR (31 sources)                         +0.022 [+0.009,+0.037]  +0.012 [+0.000,+0.042]   +0.042 [+0.000,+0.104]
                                                                         B-RF [main (34 sources)] on the 31 v2 sources                                                +0.775 [+0.625,+0.902]  +0.905 [+0.762,+1.000]   +0.857 [+0.643,+1.000]
                                                                         B-RF [main (34 sources)] on the 31 v2 sources - v2 B-RF (31 sources)                         +0.015 [-0.002,+0.034]  +0.012 [+0.000,+0.054]   +0.000 [+0.000,+0.000]
                                                                         H-LR [main (34 sources)] on the 31 v2 sources                                                +0.695 [+0.558,+0.826]  +0.875 [+0.714,+0.994]   +0.795 [+0.610,+0.958]
                                                                         H-LR [main (34 sources)] on the 31 v2 sources - v2 H-LR (31 sources)                         -0.080 [-0.214,+0.032]  -0.048 [-0.167,+0.048]   +0.000 [-0.214,+0.214]
                                                                         H-RF [main (34 sources)] on the 31 v2 sources                                                +0.768 [+0.614,+0.897]  +0.893 [+0.720,+1.000]   +0.857 [+0.643,+1.000]
                                                                         H-RF [main (34 sources)] on the 31 v2 sources - v2 H-RF (31 sources)                         +0.013 [-0.011,+0.053]  -0.012 [-0.042,+0.000]   +0.000 [+0.000,+0.000]
                                                                         v2 B-LR (31 sources)                                                                         +0.761 [+0.592,+0.903]  +0.875 [+0.690,+1.000]   +0.774 [+0.568,+0.938]
                                                                         v2 B-RF (31 sources)                                                                         +0.761 [+0.621,+0.877]  +0.893 [+0.732,+1.000]   +0.857 [+0.643,+1.000]
                                                                         v2 H-LR (31 sources)                                                                         +0.776 [+0.633,+0.893]  +0.923 [+0.804,+0.994]   +0.795 [+0.589,+0.958]
                                                                         v2 H-RF (31 sources)                                                                         +0.755 [+0.606,+0.882]  +0.905 [+0.750,+1.000]   +0.857 [+0.643,+1.000]
                                sensitivity: + LMC X-3 only (32 sources) B-LR [sensitivity: + LMC X-3 only (32 sources)] on the 31 v2 sources                         +0.776 [+0.610,+0.915]  +0.875 [+0.690,+1.000]   +0.815 [+0.619,+0.979]
                                                                         B-LR [sensitivity: + LMC X-3 only (32 sources)] on the 31 v2 sources - v2 B-LR (31 sources)  +0.016 [-0.001,+0.032]  +0.000 [+0.000,+0.000]   +0.042 [+0.000,+0.104]
                                                                         B-RF [sensitivity: + LMC X-3 only (32 sources)] on the 31 v2 sources                         +0.776 [+0.629,+0.898]  +0.893 [+0.726,+1.000]   +0.857 [+0.643,+1.000]
                                                                         B-RF [sensitivity: + LMC X-3 only (32 sources)] on the 31 v2 sources - v2 B-RF (31 sources)  +0.016 [+0.003,+0.029]  +0.000 [-0.030,+0.030]   +0.000 [+0.000,+0.000]
                                                                         H-LR [sensitivity: + LMC X-3 only (32 sources)] on the 31 v2 sources                         +0.694 [+0.560,+0.822]  +0.869 [+0.696,+1.000]   +0.815 [+0.631,+0.979]
                                                                         H-LR [sensitivity: + LMC X-3 only (32 sources)] on the 31 v2 sources - v2 H-LR (31 sources)  -0.082 [-0.217,+0.032]  -0.054 [-0.190,+0.071]   +0.021 [-0.193,+0.235]
                                                                         H-RF [sensitivity: + LMC X-3 only (32 sources)] on the 31 v2 sources                         +0.749 [+0.606,+0.872]  +0.899 [+0.732,+1.000]   +0.857 [+0.643,+1.000]
                                                                         H-RF [sensitivity: + LMC X-3 only (32 sources)] on the 31 v2 sources - v2 H-RF (31 sources)  -0.006 [-0.017,+0.001]  -0.006 [-0.036,+0.000]   +0.000 [+0.000,+0.000]
                                                                         v2 B-LR (31 sources)                                                                         +0.761 [+0.592,+0.903]  +0.875 [+0.690,+1.000]   +0.774 [+0.568,+0.938]
                                                                         v2 B-RF (31 sources)                                                                         +0.761 [+0.621,+0.877]  +0.893 [+0.732,+1.000]   +0.857 [+0.643,+1.000]
                                                                         v2 H-LR (31 sources)                                                                         +0.776 [+0.633,+0.893]  +0.923 [+0.804,+0.994]   +0.795 [+0.589,+0.958]
                                                                         v2 H-RF (31 sources)                                                                         +0.755 [+0.606,+0.882]  +0.905 [+0.750,+1.000]   +0.857 [+0.643,+1.000]
(ii) all sources of the run     main (34 sources)                        B-LR [main (34 sources)] all sources                                                         +0.827 [+0.699,+0.933]  +0.921 [+0.792,+1.000]   +0.858 [+0.717,+0.979]
                                                                         B-RF [main (34 sources)] all sources                                                         +0.819 [+0.700,+0.921]  +0.933 [+0.817,+1.000]   +0.900 [+0.750,+1.000]
                                                                         H-LR [main (34 sources)] all sources                                                         +0.725 [+0.603,+0.832]  +0.908 [+0.771,+0.996]   +0.838 [+0.688,+0.958]
                                                                         H-RF [main (34 sources)] all sources                                                         +0.811 [+0.688,+0.912]  +0.925 [+0.796,+1.000]   +0.900 [+0.750,+1.000]
                                sensitivity: + LMC X-3 only (32 sources) B-LR [sensitivity: + LMC X-3 only (32 sources)] all sources                                  +0.795 [+0.633,+0.926]  +0.891 [+0.714,+1.000]   +0.833 [+0.646,+0.979]
                                                                         B-RF [sensitivity: + LMC X-3 only (32 sources)] all sources                                  +0.801 [+0.656,+0.918]  +0.906 [+0.750,+1.000]   +0.875 [+0.688,+1.000]
                                                                         H-LR [sensitivity: + LMC X-3 only (32 sources)] all sources                                  +0.705 [+0.569,+0.823]  +0.885 [+0.714,+1.000]   +0.833 [+0.667,+0.979]
                                                                         H-RF [sensitivity: + LMC X-3 only (32 sources)] all sources                                  +0.774 [+0.629,+0.892]  +0.911 [+0.765,+1.000]   +0.875 [+0.688,+1.000]

PRIMARY (main run, H-LR, original 31 sources - v2):
                          point  ci2_5  ci97_5
metric                                        
source_balanced_accuracy  0.000 -0.214   0.214
source_AUC               -0.048 -0.167   0.048
obs_balanced_accuracy    -0.080 -0.214   0.032

new sources (held out) mean BH score:
model                                                B-LR   B-RF   H-LR   H-RF
run                                      source_id                            
main (34 sources)                        CYGX1      0.734  0.671  0.559  0.627
                                         LMCX1      0.999  0.970  0.903  0.928
                                         LMCX3      0.994  0.972  0.710  0.967
sensitivity: + LMC X-3 only (32 sources) LMCX3      0.994  0.962  0.703  0.952

original 31 sources whose source label changed vs v2 (main run):
model       source_id true_label  v2_score  score
 H-LR     GRS1915+105         BH     0.406  0.519
 H-LR    XTEJ1550-564         BH     0.552  0.359
 B-LR HETEJ1900.1-245         NS     0.516  0.471
 B-LR    XTEJ1814-338         NS     0.511  0.481

largest score changes of the original 31 (main run):
model       source_id true_label  v2_score  score  score_change_vs_v2
 H-LR           CYGX2         NS     0.205  0.402               0.197
 H-LR    XTEJ1550-564         BH     0.552  0.359              -0.193
 H-LR           GX3+1         NS     0.093  0.262               0.168
 H-LR      4U1254-690         NS     0.114  0.270               0.156
 H-LR          GX17+2         NS     0.091  0.226               0.135
 H-LR         GX339-4         BH     0.810  0.683              -0.127
 H-LR SAXJ1808.4-3658         NS     0.724  0.609              -0.115
 H-LR     GRS1915+105         BH     0.406  0.519               0.112

states of the new observations:
state      hard-like  intermediate  soft-like  unknown
source_id                                             
CYGX1             14             0          0        1
LMCX1              3             5          4        3
LMCX3              0             0          9        6
