Energy grid: 45 bins, 4.908-25.008 keV (reference 91702-01-66-05)
H1743-322 bin 2 accepted 80146-01-82-00 
H1743-322 bin 3 accepted 80146-01-83-00 
H1743-322 bin 1 accepted 80146-01-47-00 
H1743-322 bin 0 accepted 80146-01-24-00 
H1743-322 bin 5 accepted 80137-01-36-00 
H1743-322 bin 4 accepted 80137-01-22-00 
H1743-322 bin 6 accepted 80137-01-41-00 
H1743-322 bin 9 accepted 93427-01-13-02 
H1743-322 bin 8 accepted 93427-01-02-03 
H1743-322 bin 7 accepted 90115-01-05-10 
H1743-322 bin 10 accepted 94413-01-03-02 
H1743-322 bin 11 accepted 95405-01-02-04 
H1743-322 bin 12 accepted 95405-01-05-01 
H1743-322 bin 13 accepted 95360-14-25-01 
H1743-322 bin 14 accepted 95360-14-34-00 
4U1630-47 bin 0 accepted 60118-01-03-00 
4U1630-47 bin 1 accepted 60118-01-04-00 
4U1630-47 bin 2 accepted 70417-01-05-02 
4U1630-47 bin 3 accepted 80117-01-12-02 
4U1630-47 bin 4 accepted 80420-01-11-02 
4U1630-47 bin 6 accepted 90410-01-14-00 
4U1630-47 bin 5 accepted 90128-01-09-00 
4U1630-47 bin 7 accepted 91704-03-11-00 
4U1630-47 bin 8 accepted 91704-03-29-01 
4U1630-47 bin 9 accepted 93425-01-05-08 
4U1630-47 bin 10 accepted 93425-01-12-06 
4U1630-47 bin 11 accepted 93702-01-08-00 
4U1630-47 bin 12 accepted 95360-09-06-00 
4U1630-47 bin 13 accepted 95360-09-37-00 
4U1630-47 bin 14 accepted 95702-03-07-00 
XTEJ1752-223 bin 1 accepted 94331-01-02-08 
XTEJ1752-223 bin 2 accepted 94331-01-02-11 
XTEJ1752-223 bin 3 accepted 94331-01-04-12 
XTEJ1752-223 bin 0 accepted 94331-01-01-020 
XTEJ1752-223 bin 4 accepted 94331-01-04-06 
XTEJ1752-223 bin 5 accepted 95360-01-01-13 
XTEJ1752-223 bin 6 accepted 95360-01-02-04 
XTEJ1752-223 bin 7 accepted 95360-01-03-02 
XTEJ1752-223 bin 8 accepted 95360-01-05-10 
XTEJ1752-223 bin 11 accepted 95702-01-01-04 
XTEJ1752-223 bin 10 accepted 95360-01-09-03 
XTEJ1752-223 bin 12 accepted 95702-01-01-00 
XTEJ1752-223 bin 9 accepted 95360-01-08-06 
XTEJ1752-223 bin 13 accepted 95702-01-05-03 
XTEJ1752-223 bin 14 accepted 95702-01-08-00 
XTEJ1817-330 bin 0 accepted 91110-02-09-00 
XTEJ1817-330 bin 1 accepted 91110-02-13-00 
XTEJ1817-330 bin 2 accepted 91110-02-24-00 
XTEJ1817-330 bin 3 accepted 91110-02-30-00 
XTEJ1817-330 bin 4 accepted 91110-02-33-00 
XTEJ1817-330 bin 5 accepted 91110-02-44-01 
XTEJ1817-330 bin 6 accepted 91110-02-46-00 
XTEJ1817-330 bin 7 accepted 91110-02-58-00 
XTEJ1817-330 bin 8 accepted 91110-02-70-00 
XTEJ1817-330 bin 9 accepted 91110-02-79-00 
XTEJ1817-330 bin 11 accepted 91110-02-87-02 
XTEJ1817-330 bin 13 accepted 91110-02-95-01 
XTEJ1817-330 bin 10 accepted 91110-02-84-01G 
XTEJ1817-330 bin 14 accepted 91110-02-02-10 
XTEJ1817-330 bin 12 accepted 92082-01-03-01 
XTEJ1720-318 bin 0 accepted 70116-03-04-00 
XTEJ1720-318 bin 1 accepted 70116-03-04-02 
XTEJ1720-318 bin 2 accepted 70116-03-04-07 
XTEJ1720-318 bin 3 accepted 70116-03-05-07 
XTEJ1720-318 bin 4 accepted 70116-03-06-00 
XTEJ1720-318 bin 5 accepted 70123-01-02-00 
XTEJ1720-318 bin 6 accepted 70123-01-03-00 
XTEJ1720-318 bin 8 accepted 70123-01-07-00 
XTEJ1720-318 bin 7 accepted 70123-01-04-01 
XTEJ1720-318 bin 9 accepted 70123-01-08-00 
XTEJ1720-318 bin 12 accepted 70123-01-19-01 
XTEJ1720-318 bin 10 accepted 70123-01-13-00 
XTEJ1720-318 bin 11 accepted 70123-01-17-00 
XTEJ1720-318 bin 13 accepted 70123-01-22-01 
XTEJ1720-318 bin 14 accepted 70123-01-25-01 
MAXIJ1659-152 bin 0 accepted 95358-01-03-00 
MAXIJ1659-152 bin 1 accepted 95108-01-02-00 
MAXIJ1659-152 bin 2 accepted 95108-01-06-00 
MAXIJ1659-152 bin 3 accepted 95108-01-10-00 
MAXIJ1659-152 bin 5 accepted 95108-01-17-00 
MAXIJ1659-152 bin 4 accepted 95108-01-13-00 
MAXIJ1659-152 bin 6 accepted 95108-01-22-00 
MAXIJ1659-152 bin 7 accepted 95108-01-28-00 
MAXIJ1659-152 bin 8 accepted 95118-01-03-00 
MAXIJ1659-152 bin 10 accepted 95118-01-07-00 
MAXIJ1659-152 bin 9 accepted 95118-01-05-01 
MAXIJ1659-152 bin 11 accepted 95118-01-13-00 
MAXIJ1659-152 bin 12 accepted 95118-01-16-00 
MAXIJ1659-152 bin 13 accepted 95118-01-16-01 
MAXIJ1659-152 bin 14 accepted 95118-01-19-00 
SWIFTJ1753.5-0127 bin 0 accepted 91423-01-02-00 
SWIFTJ1753.5-0127 bin 2 accepted 92404-01-01-00 
SWIFTJ1753.5-0127 bin 1 accepted 91423-01-06-06 
SWIFTJ1753.5-0127 bin 3 accepted 93105-01-12-00 
SWIFTJ1753.5-0127 bin 4 accepted 93105-01-29-00 
SWIFTJ1753.5-0127 bin 5 accepted 93105-01-51-00 
SWIFTJ1753.5-0127 bin 6 accepted 93105-02-21-00 
SWIFTJ1753.5-0127 bin 7 accepted 93105-02-33-00 
SWIFTJ1753.5-0127 bin 8 accepted 95105-01-05-00 
SWIFTJ1753.5-0127 bin 10 accepted 95105-01-21-00 
SWIFTJ1753.5-0127 bin 9 accepted 95105-01-15-01 
SWIFTJ1753.5-0127 bin 11 accepted 95105-01-37-01 
SWIFTJ1753.5-0127 bin 13 accepted 96105-01-26-01 
SWIFTJ1753.5-0127 bin 12 accepted 96105-01-03-00 
SWIFTJ1753.5-0127 bin 14 accepted 96105-01-32-00 
XTEJ1908+094 bin 0 accepted 70408-01-01-01 
XTEJ1908+094 bin 1 accepted 70408-01-04-01 
XTEJ1908+094 bin 2 accepted 70408-01-05-00 
XTEJ1908+094 bin 3 accepted 70408-01-08-00 
XTEJ1908+094 bin 4 accepted 70408-01-09-00 
XTEJ1908+094 bin 6 accepted 70408-01-12-00 
XTEJ1908+094 bin 5 accepted 70408-01-11-00 
XTEJ1908+094 bin 7 accepted 70408-01-12-01 
XTEJ1908+094 bin 8 accepted 70408-01-15-00 
XTEJ1908+094 bin 9 accepted 70408-01-17-00 
XTEJ1908+094 bin 10 accepted 70408-01-18-00 
XTEJ1908+094 bin 11 accepted 70408-01-19-00 
XTEJ1908+094 bin 12 accepted 70408-01-20-00 
XTEJ1908+094 bin 13 accepted 70408-01-21-00 
XTEJ1908+094 bin 14 accepted 70408-01-22-00 
IGRJ17091-3624 bin 0 accepted 96065-03-02-00 
IGRJ17091-3624 bin 3 accepted 96420-01-09-01 
IGRJ17091-3624 bin 2 accepted 96420-01-08-03 
IGRJ17091-3624 bin 4 accepted 96420-01-12-01 
IGRJ17091-3624 bin 1 accepted 96420-01-05-000 
IGRJ17091-3624 bin 5 accepted 96420-01-14-05 
IGRJ17091-3624 bin 6 accepted 96420-01-17-05 
IGRJ17091-3624 bin 8 accepted 96420-01-23-03 
IGRJ17091-3624 bin 7 accepted 96420-01-21-01 
IGRJ17091-3624 bin 9 accepted 96420-01-24-03 
IGRJ17091-3624 bin 10 accepted 96420-01-27-00 
IGRJ17091-3624 bin 11 accepted 96420-01-30-03 
IGRJ17091-3624 bin 12 accepted 96420-01-32-00 
IGRJ17091-3624 bin 13 accepted 96420-01-35-02 
IGRJ17091-3624 bin 14 accepted 96420-01-37-04 
SLX1746-331 bin 1 accepted 80138-02-03-00G 
SLX1746-331 bin 0 accepted 50060-08-01-03 
SLX1746-331 bin 2 accepted 80138-02-04-00 
SLX1746-331 bin 3 accepted 80415-01-01-00 
SLX1746-331 bin 4 accepted 80415-01-02-02 
SLX1746-331 bin 5 accepted 80415-01-04-00 
SLX1746-331 bin 7 accepted 80415-01-09-00 
SLX1746-331 bin 6 accepted 80415-01-06-00 
SLX1746-331 bin 8 accepted 80415-01-10-01 
SLX1746-331 bin 9 accepted 80415-01-14-01 
SLX1746-331 bin 10 accepted 80415-01-15-01 
SLX1746-331 bin 11 accepted 93044-05-02-00 
SLX1746-331 bin 12 accepted 93044-05-08-00 
SLX1746-331 bin 13 accepted 93418-01-01-01 
SLX1746-331 bin 14 accepted 93418-01-01-03 
XTEJ1652-453 bin 0 accepted 94044-02-02-00 
XTEJ1652-453 bin 1 accepted 94044-02-03-01 
XTEJ1652-453 bin 2 accepted 94044-02-04-02 
XTEJ1652-453 bin 3 accepted 94044-02-05-01 
XTEJ1652-453 bin 4 accepted 94432-01-01-01 
XTEJ1652-453 bin 5 accepted 94432-01-01-02 
XTEJ1652-453 bin 6 accepted 94432-01-02-01 
XTEJ1652-453 bin 7 accepted 94432-01-04-00 
XTEJ1652-453 bin 8 accepted 94432-01-05-00 
XTEJ1652-453 bin 9 accepted 94432-01-05-01 
XTEJ1652-453 bin 10 accepted 94432-01-07-00 
XTEJ1652-453 bin 11 accepted 94432-01-10-00 
XTEJ1652-453 bin 12 accepted 94432-01-10-02 
XTEJ1652-453 bin 13 accepted 94432-01-11-00 
XTEJ1652-453 bin 14 accepted 94432-01-12-00 
GRS1758-258 bin 0 accepted 50107-01-33-00 
GRS1758-258 bin 1 accepted 60404-01-01-02 
GRS1758-258 bin 3 accepted 70102-01-18-00 
GRS1758-258 bin 2 accepted 60086-01-74-00 
GRS1758-258 bin 5 accepted 80102-01-07-00 
GRS1758-258 bin 4 accepted 70103-01-06-00 
GRS1758-258 bin 6 accepted 80102-01-42-00 
GRS1758-258 bin 7 accepted 90102-01-15-00 
GRS1758-258 bin 8 accepted 90102-01-41-00 
GRS1758-258 bin 9 accepted 91105-01-04-00 
GRS1758-258 bin 10 accepted 91105-01-36-00 
GRS1758-258 bin 11 accepted 92095-01-17-00 
GRS1758-258 bin 12 accepted 92095-01-46-00 
GRS1758-258 bin 13 accepted 92095-01-75-00 
GRS1758-258 bin 14 accepted 91105-01-86-00 
1E1740.7-2942 bin 0 accepted 50107-02-29-00 
1E1740.7-2942 bin 1 accepted 60086-02-36-00 
1E1740.7-2942 bin 2 accepted 60086-02-78-00 
1E1740.7-2942 bin 3 accepted 70102-02-37-00 
1E1740.7-2942 bin 4 accepted 70102-02-60-00 
1E1740.7-2942 bin 5 accepted 80102-02-11-00 
1E1740.7-2942 bin 6 accepted 80102-02-21-00 
1E1740.7-2942 bin 7 accepted 90102-02-09-00 
1E1740.7-2942 bin 8 accepted 90102-02-42-00 
1E1740.7-2942 bin 9 accepted 90102-02-73-00 
1E1740.7-2942 bin 10 accepted 91105-02-22-00 
1E1740.7-2942 bin 11 accepted 90102-02-86-00 
1E1740.7-2942 bin 12 accepted 92095-02-47-00 
1E1740.7-2942 bin 13 accepted 80102-02-75-00 
1E1740.7-2942 bin 14 accepted 91105-02-83-00 
4U1957+11 bin 0 accepted 50128-01-01-01 
4U1957+11 bin 2 accepted 50128-01-02-14 
4U1957+11 bin 1 accepted 50128-01-05-01 
4U1957+11 bin 4 accepted 50128-01-02-10 
4U1957+11 bin 3 accepted 50128-01-02-00 
4U1957+11 bin 5 accepted 50128-01-04-02 
4U1957+11 bin 7 accepted 70054-01-01-00 
4U1957+11 bin 8 accepted 70054-01-04-00 
4U1957+11 bin 10 accepted 70054-01-08-00 
4U1957+11 bin 9 accepted 70054-01-09-00 
4U1957+11 bin 11 accepted 70054-01-05-00 
4U1957+11 bin 12 accepted 90123-01-02-00 
4U1957+11 bin 14 accepted 95335-03-01-00 
4U1957+11 bin 13 accepted 90063-01-01-00 
4U1957+11 bin 6 accepted 50128-01-04-06 
                   candidates_tried  accepted  bins_empty
source_id                                                
1E1740.7-2942                    15        15           0
4U1630-47                        15        15           0
4U1957+11                        15        15           0
GRS1758-258                      15        15           0
H1743-322                        15        15           0
IGRJ17091-3624                   15        15           0
MAXIJ1659-152                    15        15           0
SLX1746-331                      15        15           0
SWIFTJ1753.5-0127                15        15           0
XTEJ1652-453                     15        15           0
XTEJ1720-318                     15        15           0
XTEJ1752-223                     15        15           0
XTEJ1817-330                     15        15           0
XTEJ1908+094                     15        15           0
Series([], )
