# Step 3 data checks (auto-generated by scripts/06_dataset_checks.py)

- [PASS] unique ObsIDs among accepted 
- [PASS] ObsID not shared by two sources (all candidates) 
- [PASS] labels match source table 
- [PASS] y matches label 
- [PASS] g matches source_id 
- [PASS] all feature values finite 
- [PASS] all errors > 0 
- [PASS] spectrum units = count for all files {'count'}
- [PASS] source class TOTAL/COUNT, background TOTAL/COUNT 
- [PASS] BACKSCAL ratio == 1 
- [PASS] src and bkg exposure equal 
- [PASS] pointing header within tolerance max sep 0.0348 deg
- [PASS] all observations in epoch-5 window 
- [PASS] F_5_25 > 0 for shape normalisation min F = 3.40 c/s/PCU
- OBJECT header values per source: 1E1740.7-2942: ['NEAR_1E_1740.7-2942']; 4U1630-47: ['4U1630-47', '4U_1630-47', '4U_1630-472']; 4U1957+11: ['4U_1957+11', 'V1408_AQL', 'V1408_AQL_(1957+11)']; GRS1758-258: ['GRS_1758-258', 'NEAR_GRS_1758-258']; H1743-322: ['H_1743-322', 'XTE_J1746-319']; IGRJ17091-3624: ['IGR_J17091-3624']; MAXIJ1659-152: ['MAXI_J1659-152']; SLX1746-331: ['1746-331', 'SLX_1746-311', 'SLX_1746-331']; SWIFTJ1753.5-0127: ['SWIFT_J1753.5-0127']; XTEJ1652-453: ['XTE_J1652-453']; XTEJ1720-318: ['XTE_J1720-318']; XTEJ1752-223: ['XTE_J1752-223']; XTEJ1817-330: ['XTE_J1817-330']; XTEJ1908+094: ['XTE_J1908+094']
- Gain drift vs reference EBOUNDS: max 1.551 channel (median 0.230)
- Non-positive net bins: 42 of 9450 (15 observations); kept as-is (no abs/clip/drop); A uses asinh which is defined for negative values.
  - affected: 91110-02-79-00 (4 bins, >= 16.9 keV), 91110-02-84-01G (3 bins, >= 16.1 keV), 91110-02-87-02 (7 bins, >= 14.0 keV), 70408-01-01-01 (1 bins, >= 22.4 keV), 70408-01-11-00 (1 bins, >= 24.2 keV), 70408-01-20-00 (1 bins, >= 19.9 keV), 96420-01-37-04 (2 bins, >= 22.0 keV), 80138-02-03-00G (1 bins, >= 24.2 keV), 80138-02-04-00 (2 bins, >= 23.3 keV), 80415-01-09-00 (3 bins, >= 18.6 keV), 60404-01-01-02 (6 bins, >= 17.8 keV), 50128-01-04-02 (1 bins, >= 19.0 keV), 70054-01-01-00 (3 bins, >= 19.5 keV), 70054-01-08-00 (4 bins, >= 17.3 keV), 90063-01-01-00 (3 bins, >= 19.5 keV)
- Response variation (fixed Gamma=2 power law folded through each obs response, per PCU, per grid bin): median over bins of the across-obs std = 3.66%, max bin 5.25%, max single deviation 12.32%
- Deadtime (good-xenon lower bound) DTF: median 0.0012, max 0.0238

## Sample counts per source
