Energy grid: 45 bins, 4.908-25.008 keV (reference 91702-01-66-05)
GROJ1655-40 bin 1 accepted 91702-01-02-03 
GROJ1655-40 bin 2 accepted 91702-01-22-00 
GROJ1655-40 bin 0 accepted 90428-01-01-07 
GROJ1655-40 bin 5 accepted 91702-01-51-02 
GROJ1655-40 bin 6 accepted 91702-01-56-03 
GROJ1655-40 bin 4 accepted 91702-01-43-00 
GROJ1655-40 bin 7 accepted 91702-01-66-05 
GROJ1655-40 bin 8 accepted 91702-01-78-00 
GROJ1655-40 bin 10 accepted 91702-01-17-11 
GROJ1655-40 bin 3 accepted 91702-01-22-03 
GROJ1655-40 bin 11 accepted 91702-01-39-10 
GROJ1655-40 bin 12 accepted 91702-01-48-10 
GROJ1655-40 bin 14 accepted 91702-01-86-04 
GROJ1655-40 bin 13 accepted 91702-01-81-00 
GROJ1655-40 bin 9 accepted 91702-01-01-13 
GRS1915+105 bin 2 accepted 60701-01-13-03 
GRS1915+105 bin 1 accepted 50703-01-62-01 
GRS1915+105 bin 3 accepted 70702-01-02-00 
GRS1915+105 bin 0 accepted 50703-01-11-00 
GRS1915+105 bin 6 accepted 90701-01-16-00 
GRS1915+105 bin 5 accepted 80127-04-01-02 
GRS1915+105 bin 7 accepted 90701-01-40-00 
GRS1915+105 bin 4 accepted 70702-01-21-01 
GRS1915+105 bin 9 accepted 92702-01-06-00 
GRS1915+105 bin 11 accepted 93701-01-08-00 
GRS1915+105 bin 8 accepted 90024-02-37-00 
GRS1915+105 bin 10 accepted 80701-01-53-00 
XTEJ1550-564 bin 0 accepted 50135-01-02-00 
GRS1915+105 bin 12 accepted 91701-01-83-00 
GRS1915+105 bin 14 accepted 96701-01-39-00 
XTEJ1550-564 bin 1 accepted 50135-01-08-00 
XTEJ1550-564 bin 2 accepted 50135-01-15-00 
XTEJ1550-564 bin 3 accepted 50135-01-19-00 
GRS1915+105 bin 13 accepted 95701-01-44-00 
XTEJ1550-564 bin 4 accepted 50135-01-23-00 
XTEJ1550-564 bin 5 accepted 50137-02-09-00 
XTEJ1550-564 bin 7 accepted 60428-01-05-00 
XTEJ1550-564 bin 8 accepted 60428-01-09-00 
XTEJ1550-564 bin 10 accepted 80135-01-01-01 
XTEJ1550-564 bin 6 accepted 60428-01-03-00 
XTEJ1550-564 bin 9 accepted 60428-01-15-00 
XTEJ1550-564 bin 11 accepted 80135-01-02-01 
XTEJ1550-564 bin 12 accepted 80135-01-03-10 
XTEJ1550-564 bin 14 accepted 80135-01-05-10 
4U1543-47 bin 2 accepted 70133-01-14-00 
4U1543-47 bin 0 accepted 70133-01-01-00 
4U1543-47 bin 3 accepted 70132-01-02-00 
XTEJ1550-564 bin 13 accepted 80135-01-04-02 
4U1543-47 bin 4 accepted 70133-01-10-00 
4U1543-47 bin 1 accepted 70132-01-01-02G 
4U1543-47 bin 5 accepted 70133-01-19-00 
4U1543-47 bin 8 accepted 70133-01-27-01 
4U1543-47 bin 6 accepted 70133-01-22-00 
4U1543-47 bin 9 accepted 70133-01-28-00 
4U1543-47 bin 7 accepted 70133-01-24-00 
4U1543-47 bin 10 accepted 70133-01-31-01 
4U1543-47 bin 13 accepted 70124-02-10-00 
4U1543-47 bin 12 accepted 70124-02-09-00 
4U1543-47 bin 11 accepted 70128-01-01-01 
4U1543-47 bin 14 accepted 70124-02-14-00 
GX339-4 bin 1 accepted 70110-01-54-00 
GX339-4 bin 2 accepted 80102-04-56-00 
GX339-4 bin 3 accepted 80132-01-22-00 
GX339-4 bin 0 accepted 40031-03-03-04 
GX339-4 bin 4 accepted 90704-01-05-00 
GX339-4 bin 5 accepted 92034-08-01-00 
GX339-4 bin 6 accepted 92035-01-03-03 
GX339-4 bin 8 accepted 92704-03-22-00 
GX339-4 bin 7 accepted 92704-03-13-00 
GX339-4 bin 9 accepted 92704-03-45-01 
GX339-4 bin 11 accepted 95409-01-02-02 
GX339-4 bin 12 accepted 95409-01-20-00 
GX339-4 bin 10 accepted 93108-01-01-02 
GX339-4 bin 13 accepted 95409-01-29-00 
GX339-4 bin 14 accepted 96409-01-10-02 
XTEJ1650-500 bin 0 accepted 60113-01-06-00 
XTEJ1650-500 bin 2 accepted 60113-01-11-01 
XTEJ1650-500 bin 1 accepted 60113-01-09-00 
XTEJ1650-500 bin 3 accepted 60113-01-15-00 
XTEJ1650-500 bin 4 accepted 60113-01-23-00 
XTEJ1650-500 bin 6 accepted 60113-01-29-02 
XTEJ1650-500 bin 5 accepted 60113-01-27-00 
XTEJ1650-500 bin 8 accepted 60113-01-36-00 
XTEJ1650-500 bin 9 accepted 60113-01-38-00 
XTEJ1650-500 bin 11 accepted 60118-02-14-00 
XTEJ1650-500 bin 10 accepted 60118-02-08-00 
XTEJ1650-500 bin 12 accepted 60118-02-20-00 
XTEJ1650-500 bin 7 accepted 60113-01-34-00 
XTEJ1650-500 bin 13 accepted 60118-02-28-00 
XTEJ1650-500 bin 14 accepted 70124-01-02-00 
XTEJ1118+480 bin 2 accepted 50407-01-10-01 
XTEJ1118+480 bin 0 accepted 50407-01-07-01 
XTEJ1118+480 bin 1 accepted 50407-01-09-00 
XTEJ1118+480 bin 4 accepted 50407-01-13-02 
XTEJ1118+480 bin 3 accepted 50133-01-05-00 
XTEJ1118+480 bin 5 accepted 50133-01-04-01 
XTEJ1118+480 bin 8 accepted 90011-01-01-08 
XTEJ1118+480 bin 7 accepted 50407-01-16-00 
XTEJ1118+480 bin 10 accepted 90011-01-01-05 
XTEJ1118+480 bin 6 accepted 50407-01-14-02 
XTEJ1118+480 bin 9 accepted 90011-01-01-10 
XTEJ1118+480 bin 11 accepted 90111-01-02-06 
XTEJ1118+480 bin 12 accepted 90111-01-02-15 
XTEJ1118+480 bin 14 accepted 90111-01-03-02 
XTEJ1118+480 bin 13 accepted 90111-01-02-07 
4U1636-53 bin 2 accepted 91024-01-74-00 
4U1636-53 bin 3 accepted 91024-01-12-10 
4U1636-53 bin 4 accepted 92023-01-50-00 
4U1636-53 bin 5 accepted 92023-01-79-10 
4U1636-53 bin 1 accepted 60032-01-20-000 
4U1636-53 bin 6 accepted 93087-01-27-00 
4U1636-53 bin 8 accepted 93087-01-33-20 
4U1636-53 bin 9 accepted 94087-01-16-00 
4U1636-53 bin 7 accepted 93087-01-80-00 
4U1636-53 bin 0 accepted 50030-02-04-00 
4U1636-53 bin 10 accepted 94087-01-25-10 
4U1636-53 bin 11 accepted 94087-01-44-10 
4U1636-53 bin 12 accepted 95087-01-47-10 
4U1636-53 bin 13 accepted 96087-01-52-00 
4U1608-52 bin 0 accepted 60052-02-03-00 
4U1608-52 bin 1 accepted 70059-01-01-00G 
4U1608-52 bin 2 accepted 70058-01-32-00 
4U1636-53 bin 14 accepted 96087-01-11-10 
4U1608-52 bin 4 accepted 90408-01-01-03 
4U1608-52 bin 5 accepted 90408-01-03-03 
4U1608-52 bin 6 accepted 93408-01-14-00 
4U1608-52 bin 3 accepted 70069-01-04-03 
4U1608-52 bin 7 accepted 93408-01-17-01 
4U1608-52 bin 8 accepted 93408-01-22-01 
4U1608-52 bin 9 accepted 93408-01-27-03 
4U1608-52 bin 11 accepted 94401-01-03-02 
4U1608-52 bin 10 accepted 93408-01-55-01 
4U1608-52 bin 12 accepted 94401-01-38-02 
4U1608-52 bin 13 accepted 96423-01-03-00 
4U1608-52 bin 14 accepted 96423-01-21-03 
4U1728-34 bin 1 accepted 50030-03-05-03 
4U1728-34 bin 2 accepted 70028-01-01-08 
4U1728-34 bin 3 accepted 70028-01-01-05 
4U1728-34 bin 6 accepted 92023-03-76-00 
4U1728-34 bin 4 accepted 92023-03-08-00 
4U1728-34 bin 5 accepted 92023-03-37-00 
4U1728-34 bin 0 accepted 50023-01-29-00 
4U1728-34 bin 7 accepted 92023-03-98-00 
4U1728-34 bin 8 accepted 92023-03-19-10 
4U1728-34 bin 9 accepted 92023-03-30-10 
4U1728-34 bin 11 accepted 92023-03-49-00 
4U1728-34 bin 10 accepted 92023-03-44-00 
4U1728-34 bin 12 accepted 92023-03-70-00 
4U1728-34 bin 14 accepted 96322-01-01-05 
AQLX1 bin 0 accepted 50049-02-06-01 
4U1728-34 bin 13 accepted 95337-01-02-00 
AQLX1 bin 2 accepted 60054-02-03-03 
AQLX1 bin 1 accepted 50049-02-15-06 
AQLX1 bin 3 accepted 70069-03-01-00 
AQLX1 bin 7 accepted 92034-01-02-00 
AQLX1 bin 5 accepted 90017-11-06-00 
AQLX1 bin 6 accepted 91028-01-29-00 
AQLX1 bin 4 accepted 80403-01-03-00 
AQLX1 bin 9 accepted 92438-01-02-02 
AQLX1 bin 10 accepted 94076-01-03-04 
AQLX1 bin 8 accepted 93076-01-02-00 
AQLX1 bin 13 accepted 96440-01-05-02 
AQLX1 bin 12 accepted 95413-01-02-01 
AQLX1 bin 11 accepted 94441-01-01-00 
AQLX1 bin 14 accepted 96440-01-08-06 
EXO0748-676 bin 0 accepted 50045-06-05-00 
EXO0748-676 bin 1 accepted 70048-03-02-00 
EXO0748-676 bin 2 accepted 60042-03-01-00 
EXO0748-676 bin 6 accepted 90039-01-03-02 
EXO0748-676 bin 4 accepted 70048-13-12-00 
EXO0748-676 bin 3 accepted 70047-02-01-03 
EXO0748-676 bin 5 accepted 80040-01-09-01 
EXO0748-676 bin 7 accepted 90039-01-04-01 
EXO0748-676 bin 8 accepted 91035-01-04-09 
EXO0748-676 bin 10 accepted 92019-01-06-03 
EXO0748-676 bin 11 accepted 92019-01-16-00 
EXO0748-676 bin 12 accepted 92019-01-18-01 
EXO0748-676 bin 9 accepted 92019-01-05-02 
EXO0748-676 bin 13 accepted 92019-01-26-01 
EXO0748-676 bin 14 accepted 92040-03-01-00 
4U1254-690 bin 2 accepted 60044-01-01-03 
4U1254-690 bin 1 accepted 60044-01-01-00 
4U1254-690 bin 0 accepted 60044-01-01-02 
4U1254-690 bin 3 accepted 60044-01-01-05 
4U1254-690 bin 5 accepted 60044-01-02-000 
4U1254-690 bin 6 accepted 90036-01-01-01 
4U1254-690 bin 7 accepted 90036-01-01-03 
4U1254-690 bin 4 accepted 60044-01-02-100 
4U1254-690 bin 8 accepted 93406-13-01-00 
4U1254-690 bin 9 accepted 95324-01-01-010 
4U1254-690 bin 11 accepted 95324-01-01-00 
4U1254-690 bin 10 accepted 95324-01-01-000 
4U1254-690 bin 13 accepted 95324-01-02-00 
4U1254-690 bin 12 accepted 95324-01-02-000 
4U1254-690 bin 14 accepted 95324-01-02-01 
4U1323-619 bin 2 accepted 90062-03-01-02 
4U1323-619 bin 0 accepted 70050-03-01-01 
4U1323-619 bin 1 accepted 70050-03-01-02 
4U1323-619 bin 4 accepted 95442-01-01-01 
4U1323-619 bin 3 accepted 90062-03-01-01 
4U1323-619 bin 5 accepted 95442-01-01-02 
4U1323-619 bin 6 accepted 96405-01-01-00 
4U1323-619 bin 8 accepted 96405-01-02-00 
4U1323-619 bin 7 accepted 96405-01-01-01 
4U1323-619 bin 10 accepted 96405-01-04-00 
4U1323-619 bin 9 accepted 96405-01-02-01 
4U1323-619 bin 11 accepted 96405-01-05-00 
4U1323-619 bin 13 accepted 96405-01-05-02 
4U1323-619 bin 12 accepted 96405-01-05-01 
4U1323-619 bin 14 accepted 96405-01-05-03 
MXB1658-298 bin 0 accepted 50410-01-01-00 
MXB1658-298 bin 1 accepted 50410-01-04-00 
MXB1658-298 bin 3 accepted 50410-01-08-00 
MXB1658-298 bin 2 accepted 50410-01-05-00 
MXB1658-298 bin 6 accepted 60048-01-04-00 
MXB1658-298 bin 5 accepted 60048-01-02-00 
MXB1658-298 bin 4 accepted 50410-01-09-00 
MXB1658-298 bin 7 accepted 60048-02-01-00 
MXB1658-298 bin 9 accepted 60048-03-01-00 
MXB1658-298 bin 8 accepted 60048-02-03-00 
MXB1658-298 bin 10 accepted 60048-03-02-00 
MXB1658-298 bin 11 accepted 60048-03-05-00 
MXB1658-298 bin 12 accepted 60048-04-01-00 
MXB1658-298 bin 13 accepted 60048-04-03-00 
MXB1658-298 bin 14 accepted 60048-04-05-00 
4U1702-429 bin 3 accepted 80033-01-01-01 
4U1702-429 bin 2 accepted 50030-01-09-03 
4U1702-429 bin 0 accepted 50029-27-01-000 
4U1702-429 bin 1 accepted 50030-01-04-00 
4U1702-429 bin 7 accepted 80033-01-10-04G 
4U1702-429 bin 5 accepted 80033-01-04-03 
4U1702-429 bin 6 accepted 80033-01-08-00G 
4U1702-429 bin 4 accepted 80033-01-02-000 
4U1702-429 bin 8 accepted 80033-01-11-02 
4U1702-429 bin 9 accepted 80033-01-12-02 
4U1702-429 bin 10 accepted 80033-01-16-05 
4U1702-429 bin 11 accepted 80033-01-18-02 
4U1702-429 bin 13 accepted 80033-01-21-03 
4U1702-429 bin 12 accepted 80033-01-20-01 
4U1702-429 bin 14 accepted 94415-01-01-00 
4U1705-44 bin 0 accepted 91039-01-01-61 
4U1705-44 bin 2 accepted 93060-01-05-00 
4U1705-44 bin 3 accepted 93060-01-50-00 
4U1705-44 bin 1 accepted 90170-01-01-00 
4U1705-44 bin 4 accepted 93060-01-77-00 
4U1705-44 bin 5 accepted 93060-01-93-00 
4U1705-44 bin 7 accepted 94060-01-23-00 
4U1705-44 bin 6 accepted 93060-01-45-00 
4U1705-44 bin 8 accepted 94060-01-46-00 
4U1705-44 bin 9 accepted 94060-01-55-00 
4U1705-44 bin 10 accepted 95060-01-35-00 
4U1705-44 bin 11 accepted 95060-01-66-00 
4U1705-44 bin 12 accepted 95060-01-78-00 
4U1705-44 bin 13 accepted 96060-01-40-00 
4U1705-44 bin 14 accepted 96060-01-73-00 
4U1724-307 bin 0 accepted 60034-02-01-01 
4U1724-307 bin 1 accepted 50060-05-01-07 
4U1724-307 bin 2 accepted 50060-05-01-05 
4U1724-307 bin 3 accepted 60034-02-02-02 
4U1724-307 bin 4 accepted 60034-02-03-10 
4U1724-307 bin 5 accepted 60034-02-05-01 
4U1724-307 bin 7 accepted 80138-06-03-00 
4U1724-307 bin 8 accepted 90058-06-03-00 
4U1724-307 bin 6 accepted 80105-10-01-00 
4U1724-307 bin 9 accepted 91050-07-01-00 
4U1724-307 bin 10 accepted 93044-06-04-00 
4U1724-307 bin 11 accepted 93044-06-07-00 
4U1724-307 bin 12 accepted 93438-01-02-03 
4U1724-307 bin 13 accepted 93438-01-04-00 
4U1724-307 bin 14 accepted 93438-01-07-01 
KS1731-260 bin 0 accepted 50031-02-01-09 
KS1731-260 bin 1 accepted 50031-02-01-12 
KS1731-260 bin 2 accepted 50031-02-01-02 
KS1731-260 bin 4 accepted 50031-02-01-08 
KS1731-260 bin 3 accepted 50031-02-01-05 
KS1731-260 bin 6 accepted 50031-02-02-02 
KS1731-260 bin 5 accepted 50031-02-02-06 
KS1731-260 bin 7 accepted 50031-02-02-03 
KS1731-260 bin 10 accepted 50031-02-03-05 
KS1731-260 bin 11 accepted 50031-02-03-04 
KS1731-260 bin 9 accepted 50031-02-03-00 
KS1731-260 bin 12 accepted 50031-02-03-07 
KS1731-260 bin 13 accepted 50031-02-03-08 
KS1731-260 bin 8 accepted 50031-02-02-080 
SLX1735-269 bin 1 accepted 60034-01-02-02 
SLX1735-269 bin 2 accepted 60034-01-03-01 
SLX1735-269 bin 0 accepted 60034-01-01-00 
KS1731-260 bin 14 accepted 50031-02-03-01 
SLX1735-269 bin 3 accepted 80138-03-01-00 
SLX1735-269 bin 5 accepted 80138-03-07-01 
SLX1735-269 bin 4 accepted 80138-03-02-00 
SLX1735-269 bin 6 accepted 80138-03-07-03 
SLX1735-269 bin 10 accepted 96429-01-03-01 
SLX1735-269 bin 8 accepted 92052-02-02-00 
SLX1735-269 bin 9 accepted 96429-01-02-02 
SLX1735-269 bin 7 accepted 90058-05-01-02 
SLX1735-269 bin 12 accepted 96429-01-06-01 
SLX1735-269 bin 11 accepted 96429-01-05-00 
SLX1735-269 bin 13 accepted 96429-01-07-01 
SLX1735-269 bin 14 accepted 96429-01-08-03 
4U1735-44 bin 0 accepted 50025-02-01-01 
4U1735-44 bin 1 accepted 50026-01-01-00 
4U1735-44 bin 3 accepted 91025-01-01-04 
4U1735-44 bin 2 accepted 91152-06-01-10 
4U1735-44 bin 5 accepted 91025-01-04-06 
4U1735-44 bin 4 accepted 91025-01-04-04 
4U1735-44 bin 6 accepted 91025-01-05-01 
4U1735-44 bin 7 accepted 91025-01-08-07 
4U1735-44 bin 8 accepted 91025-01-09-12 
4U1735-44 bin 10 accepted 91025-01-13-03 
4U1735-44 bin 9 accepted 91025-01-09-10 
4U1735-44 bin 11 accepted 91025-01-13-08 
4U1735-44 bin 14 accepted 96331-01-02-01 
4U1735-44 bin 13 accepted 96325-01-01-04 
4U1735-44 bin 12 accepted 93200-01-03-01 
GX3+1 bin 0 accepted 60022-01-01-01 
GX3+1 bin 3 accepted 60022-01-04-04 
GX3+1 bin 2 accepted 60022-01-04-03 
GX3+1 bin 1 accepted 60022-01-02-01 
GX3+1 bin 4 accepted 60022-01-05-01 
GX3+1 bin 6 accepted 60022-01-06-13 
GX3+1 bin 5 accepted 60022-01-06-05 
GX3+1 bin 7 accepted 60022-01-07-02 
GX3+1 bin 8 accepted 60022-01-08-03 
GX3+1 bin 9 accepted 60022-01-10-03 
GX3+1 bin 10 accepted 60022-01-10-04 
GX3+1 bin 11 accepted 60022-01-13-01 
GX3+1 bin 12 accepted 90022-05-05-00 
GX3+1 bin 13 accepted 90022-05-06-00 
GX3+1 bin 14 accepted 94307-05-01-02 
4U1746-371 bin 0 accepted 60044-02-01-10 
4U1746-371 bin 1 accepted 60044-02-01-05 
4U1746-371 bin 3 accepted 60044-02-01-06 
4U1746-371 bin 2 accepted 60044-02-01-07 
4U1746-371 bin 4 accepted 60044-02-02-00 
4U1746-371 bin 7 accepted 60044-02-02-10 
4U1746-371 bin 5 accepted 60044-02-02-010 
4U1746-371 bin 8 accepted 70050-01-01-03 
4U1746-371 bin 6 accepted 60044-02-02-09 
4U1746-371 bin 9 accepted 70050-01-01-06 
4U1746-371 bin 10 accepted 70050-01-01-00 
4U1746-371 bin 11 accepted 70050-01-01-08 
4U1746-371 bin 14 accepted 90044-01-04-00 
4U1746-371 bin 12 accepted 90044-01-02-01 
4U1746-371 bin 13 accepted 90044-01-04-000 
SAXJ1808.4-3658 bin 1 accepted 70080-01-02-22 
SAXJ1808.4-3658 bin 0 accepted 70080-01-02-04 
SAXJ1808.4-3658 bin 3 accepted 70080-02-01-03 
SAXJ1808.4-3658 bin 2 accepted 70080-01-03-010 
SAXJ1808.4-3658 bin 4 accepted 70080-02-02-35 
SAXJ1808.4-3658 bin 6 accepted 70080-03-13-00 
SAXJ1808.4-3658 bin 8 accepted 70080-03-22-00 
SAXJ1808.4-3658 bin 7 accepted 70080-03-20-13 
SAXJ1808.4-3658 bin 5 accepted 70080-02-02-12 
SAXJ1808.4-3658 bin 9 accepted 91056-01-03-05 
SAXJ1808.4-3658 bin 10 accepted 91418-01-04-00 
SAXJ1808.4-3658 bin 11 accepted 93027-01-01-03 
SAXJ1808.4-3658 bin 12 accepted 93027-01-05-08 
SAXJ1808.4-3658 bin 14 accepted 96027-01-02-00 
SAXJ1808.4-3658 bin 13 accepted 96027-01-01-00 
XTEJ1814-338 bin 1 accepted 80145-02-01-01 
XTEJ1814-338 bin 0 accepted 80138-04-02-00 
XTEJ1814-338 bin 2 accepted 80418-01-01-07 
XTEJ1814-338 bin 4 accepted 80418-01-02-08 
XTEJ1814-338 bin 3 accepted 80418-01-02-00 
XTEJ1814-338 bin 7 accepted 80418-01-03-08 
XTEJ1814-338 bin 5 accepted 80418-01-02-05 
XTEJ1814-338 bin 6 accepted 80418-01-03-02 
XTEJ1814-338 bin 8 accepted 80418-01-04-03 
XTEJ1814-338 bin 10 accepted 80418-01-05-08 
XTEJ1814-338 bin 9 accepted 80418-01-05-00 
XTEJ1814-338 bin 11 accepted 80418-01-06-00 
XTEJ1814-338 bin 13 accepted 80418-01-06-06 
XTEJ1814-338 bin 12 accepted 80418-01-06-02 
XTEJ1814-338 bin 14 accepted 80418-01-07-06 
GX17+2 bin 1 accepted 80022-01-01-09 
GX17+2 bin 0 accepted 70023-01-01-01 
GX17+2 bin 2 accepted 80022-01-01-03 
GX17+2 bin 5 accepted 90022-07-03-00 
GX17+2 bin 3 accepted 80022-01-01-02 
GX17+2 bin 6 accepted 90022-07-04-02 
GX17+2 bin 4 accepted 80022-01-03-01 
GX17+2 bin 8 accepted 92042-01-05-01 
GX17+2 bin 7 accepted 92042-01-02-00G 
GX17+2 bin 10 accepted 93439-01-05-01 
GX17+2 bin 9 accepted 93406-11-01-00 
GX17+2 bin 11 accepted 93439-01-06-00 
GX17+2 bin 14 accepted 96310-01-01-02 
GX17+2 bin 13 accepted 96310-01-01-000 
4U1820-30 bin 1 accepted 60030-01-02-01 
4U1820-30 bin 0 accepted 40017-01-21-02 
GX17+2 bin 12 accepted 95318-01-02-01 
4U1820-30 bin 2 accepted 70030-03-03-00 
4U1820-30 bin 5 accepted 90027-01-03-00 
4U1820-30 bin 4 accepted 90027-01-01-06 
4U1820-30 bin 3 accepted 70030-03-05-00 
4U1820-30 bin 6 accepted 90027-01-04-04 
4U1820-30 bin 7 accepted 92030-02-02-00 
4U1820-30 bin 9 accepted 92030-02-05-00 
4U1820-30 bin 8 accepted 91152-04-01-00 
4U1820-30 bin 10 accepted 94090-01-01-00 
4U1820-30 bin 11 accepted 94090-01-02-01 
4U1820-30 bin 12 accepted 92030-02-12-00 
4U1820-30 bin 14 accepted 96324-01-02-01 
GS1826-238 bin 1 accepted 50035-01-03-02 
4U1820-30 bin 13 accepted 96090-01-01-020 
GS1826-238 bin 0 accepted 50035-01-02-00 
GS1826-238 bin 2 accepted 50035-01-03-04 
GS1826-238 bin 4 accepted 80048-01-01-09 
GS1826-238 bin 5 accepted 80048-01-01-14 
GS1826-238 bin 3 accepted 50035-01-03-090 
GS1826-238 bin 6 accepted 80049-01-01-00 
GS1826-238 bin 7 accepted 90043-01-01-02 
GS1826-238 bin 8 accepted 70044-01-03-00 
GS1826-238 bin 9 accepted 92703-01-04-02 
GS1826-238 bin 11 accepted 91017-01-02-05 
GS1826-238 bin 12 accepted 91017-01-02-03 
GS1826-238 bin 13 accepted 91017-01-02-10 
GS1826-238 bin 10 accepted 70044-01-04-00 
HETEJ1900.1-245 bin 0 accepted 91015-01-07-00 
GS1826-238 bin 14 accepted 96306-01-01-01 
HETEJ1900.1-245 bin 1 accepted 91059-03-03-00 
HETEJ1900.1-245 bin 3 accepted 92049-01-05-00 
HETEJ1900.1-245 bin 2 accepted 91057-01-07-04 
HETEJ1900.1-245 bin 5 accepted 92049-01-40-00 
HETEJ1900.1-245 bin 4 accepted 92049-01-07-00 
HETEJ1900.1-245 bin 6 accepted 92049-01-56-00 
HETEJ1900.1-245 bin 7 accepted 93030-01-14-00 
HETEJ1900.1-245 bin 10 accepted 94030-01-27-00 
HETEJ1900.1-245 bin 9 accepted 94030-01-05-00 
HETEJ1900.1-245 bin 8 accepted 93030-01-47-00 
HETEJ1900.1-245 bin 11 accepted 94030-01-36-00 
HETEJ1900.1-245 bin 14 accepted 96030-01-25-00 
HETEJ1900.1-245 bin 12 accepted 95030-01-16-00 
HETEJ1900.1-245 bin 13 accepted 96030-01-01-01 
4U1915-05 bin 0 EMPTY 30066-01-05-00 fetch_or_read_error: FileNotFoundError: StdProd Std2 files not found (HTTP Error 404: Not Found)
4U1915-05 bin 1 EMPTY 30066-01-06-00 fetch_or_read_error: FileNotFoundError: StdProd Std2 files not found (HTTP Error 404: Not Found)
4U1915-05 bin 2 EMPTY 30066-01-06-01 fetch_or_read_error: FileNotFoundError: StdProd Std2 files not found (HTTP Error 404: Not Found)
4U1915-05 bin 3 EMPTY 30066-01-07-00 fetch_or_read_error: FileNotFoundError: StdProd Std2 files not found (HTTP Error 404: Not Found)
4U1915-05 bin 7 accepted 70034-02-01-01 
4U1915-05 bin 6 accepted 50026-03-01-01 
4U1915-05 bin 5 accepted 50026-03-01-00 
4U1915-05 bin 4 EMPTY 30066-01-07-01 fetch_or_read_error: FileNotFoundError: StdProd Std2 files not found (HTTP Error 404: Not Found)
4U1915-05 bin 9 accepted 70034-02-02-01 
4U1915-05 bin 8 accepted 70034-02-01-00 
CYGX2 bin 0 accepted 40019-04-05-09 
4U1915-05 bin 10 accepted 70034-02-02-00 
CYGX2 bin 2 accepted 90030-01-23-00 
CYGX2 bin 1 accepted 80018-02-01-00G 
CYGX2 bin 4 accepted 90030-01-55-01 
CYGX2 bin 5 accepted 91010-01-01-05 
CYGX2 bin 3 accepted 90030-01-45-00 
CYGX2 bin 6 accepted 91009-01-28-01 
CYGX2 bin 7 accepted 90030-01-15-00 
CYGX2 bin 9 accepted 92039-01-04-01 
CYGX2 bin 8 accepted 90030-01-09-00 
CYGX2 bin 10 accepted 92038-01-06-01 
CYGX2 bin 11 accepted 93082-02-02-01 
CYGX2 bin 12 accepted 93443-01-01-09 
CYGX2 bin 13 accepted 95345-01-06-00 
CYGX2 bin 14 accepted 95345-01-40-00 
                 candidates_tried  accepted  bins_empty
source_id                                              
4U1254-690                     15        15           0
4U1323-619                     15        15           0
4U1543-47                      15        15           0
4U1608-52                      15        15           0
4U1636-53                      15        15           0
4U1702-429                     15        15           0
4U1705-44                      15        15           0
4U1724-307                     15        15           0
4U1728-34                      15        15           0
4U1735-44                      15        15           0
4U1746-371                     15        15           0
4U1820-30                      15        15           0
4U1915-05                      11         6           5
AQLX1                          15        15           0
CYGX2                          15        15           0
EXO0748-676                    16        15           0
GROJ1655-40                    15        15           0
GRS1915+105                    15        15           0
GS1826-238                     15        15           0
GX17+2                         15        15           0
GX3+1                          15        15           0
GX339-4                        15        15           0
HETEJ1900.1-245                15        15           0
KS1731-260                     15        15           0
MXB1658-298                    15        15           0
SAXJ1808.4-3658                15        15           0
SLX1735-269                    15        15           0
XTEJ1118+480                   15        15           0
XTEJ1550-564                   15        15           0
XTEJ1650-500                   15        15           0
XTEJ1814-338                   15        15           0
reason
fetch_or_read_error    5
short_exposure         1
