{'obs_id': '80418-01-06-06', 'source_id': 'XTEJ1814-338', 'noticed': '10-52', 'xspec_net': 5.345308858, 'xspec_err': 0.1266803181, 'python_net': np.float64(5.345308857881243), 'python_err': np.float64(0.12668031808380265), 'ratio': np.float64(0.9999999999777829), 'err_ratio': np.float64(0.9999999998721399)}
{'obs_id': '60428-01-15-00', 'source_id': 'XTEJ1550-564', 'noticed': '10-52', 'xspec_net': 6.703643264, 'xspec_err': 0.1020968549, 'python_net': np.float64(6.703643264248937), 'python_err': np.float64(0.10209685490105848), 'ratio': np.float64(1.0000000000371345), 'err_ratio': np.float64(1.0000000000103673)}
{'obs_id': '70050-01-01-00', 'source_id': '4U1746-371', 'noticed': '10-52', 'xspec_net': 110.4716544, 'xspec_err': 0.1996674887, 'python_net': np.float64(110.4716544303965), 'python_err': np.float64(0.19966748869628648), 'ratio': np.float64(1.000000000275152), 'err_ratio': np.float64(0.9999999999814014)}
{'obs_id': '60048-02-03-00', 'source_id': 'MXB1658-298', 'noticed': '10-52', 'xspec_net': 23.52683325, 'xspec_err': 0.1083317507, 'python_net': np.float64(23.52683324887666), 'python_err': np.float64(0.1083317506552016), 'ratio': np.float64(0.9999999999522529), 'err_ratio': np.float64(0.9999999995864702)}
{'obs_id': '90017-11-06-00', 'source_id': 'AQLX1', 'noticed': '10-53', 'xspec_net': 32.09049046, 'xspec_err': 0.2195672568, 'python_net': np.float64(32.090490461672076), 'python_err': np.float64(0.21956725678955563), 'ratio': np.float64(1.000000000052105), 'err_ratio': np.float64(0.999999999952432)}
{'obs_id': '95442-01-01-01', 'source_id': '4U1323-619', 'noticed': '10-53', 'xspec_net': 11.35810053, 'xspec_err': 0.06640699006, 'python_net': np.float64(11.358100528602568), 'python_err': np.float64(0.06640699006467236), 'ratio': np.float64(0.9999999998769661), 'err_ratio': np.float64(1.0000000000703595)}
{'obs_id': '90039-01-04-01', 'source_id': 'EXO0748-676', 'noticed': '10-52', 'xspec_net': 30.10263494, 'xspec_err': 0.131615823, 'python_net': np.float64(30.10263494028972), 'python_err': np.float64(0.13161582299354235), 'ratio': np.float64(1.0000000000096245), 'err_ratio': np.float64(0.9999999999509357)}
{'obs_id': '90111-01-02-06', 'source_id': 'XTEJ1118+480', 'noticed': '10-52', 'xspec_net': 12.62422231, 'xspec_err': 0.07890509415, 'python_net': np.float64(12.624222313972426), 'python_err': np.float64(0.07890509415400457), 'ratio': np.float64(1.000000000314667), 'err_ratio': np.float64(1.0000000000507518)}
{'obs_id': '92030-02-12-00', 'source_id': '4U1820-30', 'noticed': '10-53', 'xspec_net': 953.9415347, 'xspec_err': 0.7778372247, 'python_net': np.float64(953.9415346765344), 'python_err': np.float64(0.7778372247248989), 'ratio': np.float64(0.9999999999754013), 'err_ratio': np.float64(1.0000000000320104)}
{'obs_id': '50135-01-02-00', 'source_id': 'XTEJ1550-564', 'noticed': '10-52', 'xspec_net': 563.5570295, 'xspec_err': 0.5989623739, 'python_net': np.float64(563.5570295249215), 'python_err': np.float64(0.5989623738963215), 'ratio': np.float64(1.0000000000442217), 'err_ratio': np.float64(0.9999999999938586)}
{'obs_id': '95409-01-20-00', 'source_id': 'GX339-4', 'noticed': '10-53', 'xspec_net': 145.5213571, 'xspec_err': 0.4089719948, 'python_net': np.float64(145.52135710516833), 'python_err': np.float64(0.4089719947844318), 'ratio': np.float64(1.000000000035516), 'err_ratio': np.float64(0.9999999999619333)}
{'obs_id': '70047-02-01-03', 'source_id': 'EXO0748-676', 'noticed': '10-52', 'xspec_net': 25.46850727, 'xspec_err': 0.2284550343, 'python_net': np.float64(25.468507274559567), 'python_err': np.float64(0.2284550342814336), 'ratio': np.float64(1.0000000001790277), 'err_ratio': np.float64(0.9999999999187307)}
            obs_id     source_id noticed   xspec_net  xspec_err  python_net  python_err  ratio  err_ratio
0   80418-01-06-06  XTEJ1814-338   10-52    5.345309   0.126680    5.345309    0.126680    1.0        1.0
1   60428-01-15-00  XTEJ1550-564   10-52    6.703643   0.102097    6.703643    0.102097    1.0        1.0
2   70050-01-01-00    4U1746-371   10-52  110.471654   0.199667  110.471654    0.199667    1.0        1.0
3   60048-02-03-00   MXB1658-298   10-52   23.526833   0.108332   23.526833    0.108332    1.0        1.0
4   90017-11-06-00         AQLX1   10-53   32.090490   0.219567   32.090490    0.219567    1.0        1.0
5   95442-01-01-01    4U1323-619   10-53   11.358101   0.066407   11.358101    0.066407    1.0        1.0
6   90039-01-04-01   EXO0748-676   10-52   30.102635   0.131616   30.102635    0.131616    1.0        1.0
7   90111-01-02-06  XTEJ1118+480   10-52   12.624222   0.078905   12.624222    0.078905    1.0        1.0
8   92030-02-12-00     4U1820-30   10-53  953.941535   0.777837  953.941535    0.777837    1.0        1.0
9   50135-01-02-00  XTEJ1550-564   10-52  563.557029   0.598962  563.557030    0.598962    1.0        1.0
10  95409-01-20-00       GX339-4   10-53  145.521357   0.408972  145.521357    0.408972    1.0        1.0
11  70047-02-01-03   EXO0748-676   10-52   25.468507   0.228455   25.468507    0.228455    1.0        1.0
